Java HotSpot(TM) 64-Bit Server VM (25.101-b13) for bsd-amd64 JRE (1.8.0_101-b13), built on Jun 22 2016 02:42:15 by "java_re" with gcc 4.2.1 (Based on Apple Inc. build 5658) (LLVM build 2336.11.00)
Memory: 4k page, physical 8388608k(1015292k free)

/proc/meminfo:

CommandLine flags: -XX:InitialHeapSize=1073741824 -XX:MaxHeapSize=1073741824 -XX:MaxNewSize=1048576 -XX:NewSize=1048576 -XX:+PrintGC -XX:+PrintGCDetails -XX:+PrintGCTimeStamps -XX:+UseCompressedClassPointers -XX:+UseCompressedOops -XX:+UseSerialGC 
0.108: [GC (Allocation Failure) 0.108: [DefNew: 896K->64K(960K), 0.0013710 secs] 896K->381K(1048512K), 0.0014385 secs] [Times: user=0.00 sys=0.00, real=0.00 secs] 
0.132: [GC (Allocation Failure) 0.132: [DefNew: 960K->64K(960K), 0.0017890 secs] 1277K->1221K(1048512K), 0.0018366 secs] [Times: user=0.00 sys=0.00, real=0.01 secs] 
0.153: [GC (Allocation Failure) 0.153: [DefNew: 960K->64K(960K), 0.0013562 secs] 2117K->2097K(1048512K), 0.0013979 secs] [Times: user=0.00 sys=0.00, real=0.01 secs] 
0.174: [GC (Allocation Failure) 0.174: [DefNew: 960K->63K(960K), 0.0015073 secs] 2993K->2972K(1048512K), 0.0015566 secs] [Times: user=0.00 sys=0.00, real=0.00 secs] 
0.202: [GC (Allocation Failure) 0.202: [DefNew: 959K->64K(960K), 0.0017536 secs] 3868K->3854K(1048512K), 0.0018064 secs] [Times: user=0.00 sys=0.00, real=0.01 secs] 
0.223: [GC (Allocation Failure) 0.223: [DefNew: 960K->63K(960K), 0.0021906 secs] 4750K->4739K(1048512K), 0.0022567 secs] [Times: user=0.00 sys=0.00, real=0.01 secs] 
0.253: [GC (Allocation Failure) 0.253: [DefNew: 959K->63K(960K), 0.0022080 secs] 5635K->5632K(1048512K), 0.0022672 secs] [Times: user=0.00 sys=0.00, real=0.00 secs] 
0.276: [GC (Allocation Failure) 0.276: [DefNew: 959K->63K(960K), 0.0022346 secs] 6528K->6511K(1048512K), 0.0022900 secs] [Times: user=0.01 sys=0.00, real=0.00 secs] 
0.304: [GC (Allocation Failure) 0.304: [DefNew: 959K->63K(960K), 0.0021538 secs] 7407K->7403K(1048512K), 0.0022180 secs] [Times: user=0.00 sys=0.00, real=0.00 secs] 
0.332: [GC (Allocation Failure) 0.332: [DefNew: 959K->63K(960K), 0.0034770 secs] 8299K->8283K(1048512K), 0.0035693 secs] [Times: user=0.01 sys=0.00, real=0.01 secs] 
0.363: [GC (Allocation Failure) 0.363: [DefNew: 959K->64K(960K), 0.0020528 secs] 9179K->9163K(1048512K), 0.0021082 secs] [Times: user=0.00 sys=0.00, real=0.01 secs] 
0.384: [GC (Allocation Failure) 0.384: [DefNew: 960K->63K(960K), 0.0017620 secs] 10059K->10044K(1048512K), 0.0018013 secs] [Times: user=0.00 sys=0.00, real=0.00 secs] 
0.406: [GC (Allocation Failure) 0.406: [DefNew: 959K->63K(960K), 0.0015844 secs] 10940K->10927K(1048512K), 0.0016243 secs] [Times: user=0.00 sys=0.00, real=0.00 secs] 
0.428: [GC (Allocation Failure) 0.428: [DefNew: 959K->63K(960K), 0.0022826 secs] 11823K->11803K(1048512K), 0.0023442 secs] [Times: user=0.01 sys=0.00, real=0.00 secs] 
0.451: [GC (Allocation Failure) 0.451: [DefNew: 959K->63K(960K), 0.0022298 secs] 12699K->12684K(1048512K), 0.0022750 secs] [Times: user=0.00 sys=0.00, real=0.00 secs] 
0.474: [GC (Allocation Failure) 0.474: [DefNew: 959K->63K(960K), 0.0031346 secs] 13580K->13564K(1048512K), 0.0031817 secs] [Times: user=0.00 sys=0.00, real=0.00 secs] 
0.496: [GC (Allocation Failure) 0.496: [DefNew: 959K->64K(960K), 0.0023494 secs] 14460K->14446K(1048512K), 0.0024083 secs] [Times: user=0.00 sys=0.00, real=0.00 secs] 
0.524: [GC (Allocation Failure) 0.524: [DefNew: 960K->64K(960K), 0.0049811 secs] 15342K->15331K(1048512K), 0.0052558 secs] [Times: user=0.01 sys=0.00, real=0.00 secs] 
0.553: [GC (Allocation Failure) 0.553: [DefNew: 960K->63K(960K), 0.0025556 secs] 16227K->16223K(1048512K), 0.0026216 secs] [Times: user=0.00 sys=0.01, real=0.01 secs] 
0.578: [GC (Allocation Failure) 0.578: [DefNew: 959K->63K(960K), 0.0038276 secs] 17119K->17118K(1048512K), 0.0038819 secs] [Times: user=0.01 sys=0.00, real=0.00 secs] 
0.604: [GC (Allocation Failure) 0.604: [DefNew: 959K->63K(960K), 0.0045385 secs] 18014K->18013K(1048512K), 0.0046201 secs] [Times: user=0.00 sys=0.00, real=0.00 secs] 
0.631: [GC (Allocation Failure) 0.631: [DefNew: 959K->64K(960K), 0.0050104 secs] 18909K->18905K(1048512K), 0.0051592 secs] [Times: user=0.00 sys=0.00, real=0.01 secs] 
0.657: [GC (Allocation Failure) 0.657: [DefNew: 960K->64K(960K), 0.0048339 secs] 19801K->19795K(1048512K), 0.0049293 secs] [Times: user=0.01 sys=0.00, real=0.00 secs] 
0.685: [GC (Allocation Failure) 0.685: [DefNew: 960K->64K(960K), 0.0023364 secs] 20691K->20687K(1048512K), 0.0023844 secs] [Times: user=0.00 sys=0.00, real=0.00 secs] 
0.714: [GC (Allocation Failure) 0.714: [DefNew: 960K->64K(960K), 0.0041675 secs] 21583K->21578K(1048512K), 0.0043057 secs] [Times: user=0.01 sys=0.00, real=0.00 secs] 
0.747: [GC (Allocation Failure) 0.747: [DefNew: 960K->63K(960K), 0.0105368 secs] 22474K->22470K(1048512K), 0.0107077 secs] [Times: user=0.00 sys=0.01, real=0.01 secs] 
0.788: [GC (Allocation Failure) 0.788: [DefNew: 959K->63K(960K), 0.0099733 secs] 23366K->23365K(1048512K), 0.0101308 secs] [Times: user=0.00 sys=0.00, real=0.01 secs] 
0.821: [GC (Allocation Failure) 0.821: [DefNew: 959K->63K(960K), 0.0078558 secs] 24261K->24257K(1048512K), 0.0079888 secs] [Times: user=0.01 sys=0.00, real=0.01 secs] 
0.849: [GC (Allocation Failure) 0.849: [DefNew: 959K->63K(960K), 0.0021353 secs] 25153K->25147K(1048512K), 0.0021809 secs] [Times: user=0.00 sys=0.00, real=0.00 secs] 
0.873: [GC (Allocation Failure) 0.873: [DefNew: 959K->63K(960K), 0.0045465 secs] 26043K->26039K(1048512K), 0.0047661 secs] [Times: user=0.01 sys=0.00, real=0.01 secs] 
0.899: [GC (Allocation Failure) 0.899: [DefNew: 959K->64K(960K), 0.0051761 secs] 26935K->26930K(1048512K), 0.0052557 secs] [Times: user=0.00 sys=0.00, real=0.01 secs] 
0.924: [GC (Allocation Failure) 0.924: [DefNew: 960K->63K(960K), 0.0027894 secs] 27826K->27824K(1048512K), 0.0028410 secs] [Times: user=0.01 sys=0.00, real=0.00 secs] 
0.948: [GC (Allocation Failure) 0.948: [DefNew: 959K->64K(960K), 0.0024509 secs] 28720K->28718K(1048512K), 0.0025110 secs] [Times: user=0.00 sys=0.00, real=0.00 secs] 
0.968: [GC (Allocation Failure) 0.968: [DefNew: 960K->63K(960K), 0.0075969 secs] 29614K->29610K(1048512K), 0.0077601 secs] [Times: user=0.00 sys=0.00, real=0.01 secs] 
0.996: [GC (Allocation Failure) 0.996: [DefNew: 959K->63K(960K), 0.0021747 secs] 30506K->30504K(1048512K), 0.0022229 secs] [Times: user=0.01 sys=0.00, real=0.00 secs] 
1.022: [GC (Allocation Failure) 1.022: [DefNew: 959K->63K(960K), 0.0025157 secs] 31400K->31398K(1048512K), 0.0025632 secs] [Times: user=0.00 sys=0.00, real=0.01 secs] 
1.048: [GC (Allocation Failure) 1.048: [DefNew: 959K->64K(960K), 0.0030601 secs] 32294K->32289K(1048512K), 0.0031233 secs] [Times: user=0.00 sys=0.00, real=0.00 secs] 
1.091: [GC (Allocation Failure) 1.091: [DefNew: 960K->63K(960K), 0.0030479 secs] 33185K->33178K(1048512K), 0.0031125 secs] [Times: user=0.01 sys=0.00, real=0.01 secs] 
1.120: [GC (Allocation Failure) 1.120: [DefNew: 959K->64K(960K), 0.0033196 secs] 34074K->34073K(1048512K), 0.0033824 secs] [Times: user=0.00 sys=0.00, real=0.01 secs] 
1.144: [GC (Allocation Failure) 1.144: [DefNew: 960K->63K(960K), 0.0031724 secs] 34969K->34966K(1048512K), 0.0032299 secs] [Times: user=0.00 sys=0.00, real=0.00 secs] 
1.177: [GC (Allocation Failure) 1.177: [DefNew: 959K->63K(960K), 0.0076590 secs] 35862K->35852K(1048512K), 0.0077539 secs] [Times: user=0.00 sys=0.00, real=0.01 secs] 
1.206: [GC (Allocation Failure) 1.206: [DefNew: 959K->63K(960K), 0.0032341 secs] 36748K->36741K(1048512K), 0.0032938 secs] [Times: user=0.01 sys=0.00, real=0.00 secs] 
1.229: [GC (Allocation Failure) 1.229: [DefNew: 959K->64K(960K), 0.0029359 secs] 37637K->37629K(1048512K), 0.0029858 secs] [Times: user=0.00 sys=0.00, real=0.00 secs] 
1.252: [GC (Allocation Failure) 1.252: [DefNew: 960K->63K(960K), 0.0033777 secs] 38525K->38516K(1048512K), 0.0035301 secs] [Times: user=0.00 sys=0.01, real=0.01 secs] 
1.275: [GC (Allocation Failure) 1.275: [DefNew: 959K->63K(960K), 0.0030259 secs] 39412K->39400K(1048512K), 0.0030848 secs] [Times: user=0.00 sys=0.00, real=0.00 secs] 
1.299: [GC (Allocation Failure) 1.299: [DefNew: 959K->64K(960K), 0.0030025 secs] 40296K->40285K(1048512K), 0.0030634 secs] [Times: user=0.00 sys=0.00, real=0.00 secs] 
1.321: [GC (Allocation Failure) 1.321: [DefNew: 960K->63K(960K), 0.0033931 secs] 41181K->41170K(1048512K), 0.0034573 secs] [Times: user=0.01 sys=0.00, real=0.01 secs] 
1.346: [GC (Allocation Failure) 1.346: [DefNew: 959K->64K(960K), 0.0030689 secs] 42066K->42055K(1048512K), 0.0031262 secs] [Times: user=0.00 sys=0.00, real=0.00 secs] 
1.368: [GC (Allocation Failure) 1.368: [DefNew: 960K->64K(960K), 0.0028606 secs] 42951K->42938K(1048512K), 0.0029188 secs] [Times: user=0.00 sys=0.00, real=0.00 secs] 
1.392: [GC (Allocation Failure) 1.392: [DefNew: 960K->64K(960K), 0.0032259 secs] 43834K->43822K(1048512K), 0.0032887 secs] [Times: user=0.01 sys=0.00, real=0.01 secs] 
1.414: [GC (Allocation Failure) 1.414: [DefNew: 959K->64K(960K), 0.0029092 secs] 44718K->44706K(1048512K), 0.0029567 secs] [Times: user=0.00 sys=0.00, real=0.00 secs] 
1.438: [GC (Allocation Failure) 1.438: [DefNew: 960K->64K(960K), 0.0027342 secs] 45602K->45591K(1048512K), 0.0027841 secs] [Times: user=0.00 sys=0.00, real=0.00 secs] 
1.460: [GC (Allocation Failure) 1.460: [DefNew: 959K->64K(960K), 0.0027054 secs] 46487K->46475K(1048512K), 0.0027548 secs] [Times: user=0.01 sys=0.00, real=0.00 secs] 
1.485: [GC (Allocation Failure) 1.486: [DefNew: 960K->63K(960K), 0.0073221 secs] 47371K->47357K(1048512K), 0.0074323 secs] [Times: user=0.00 sys=0.00, real=0.00 secs] 
1.514: [GC (Allocation Failure) 1.514: [DefNew: 959K->63K(960K), 0.0038873 secs] 48253K->48242K(1048512K), 0.0039488 secs] [Times: user=0.01 sys=0.00, real=0.00 secs] 
1.538: [GC (Allocation Failure) 1.538: [DefNew: 959K->64K(960K), 0.0027981 secs] 49137K->49126K(1048512K), 0.0028447 secs] [Times: user=0.00 sys=0.00, real=0.00 secs] 
1.560: [GC (Allocation Failure) 1.560: [DefNew: 960K->64K(960K), 0.0024725 secs] 50022K->50010K(1048512K), 0.0025261 secs] [Times: user=0.00 sys=0.00, real=0.00 secs] 
1.585: [GC (Allocation Failure) 1.585: [DefNew: 960K->63K(960K), 0.0025651 secs] 50906K->50893K(1048512K), 0.0026074 secs] [Times: user=0.01 sys=0.00, real=0.00 secs] 
1.608: [GC (Allocation Failure) 1.608: [DefNew: 959K->63K(960K), 0.0026538 secs] 51789K->51777K(1048512K), 0.0026980 secs] [Times: user=0.00 sys=0.00, real=0.00 secs] 
1.635: [GC (Allocation Failure) 1.635: [DefNew: 959K->63K(960K), 0.0026228 secs] 52673K->52661K(1048512K), 0.0026666 secs] [Times: user=0.00 sys=0.00, real=0.00 secs] 
1.659: [GC (Allocation Failure) 1.659: [DefNew: 959K->63K(960K), 0.0025258 secs] 53557K->53546K(1048512K), 0.0025698 secs] [Times: user=0.01 sys=0.00, real=0.00 secs] 
1.684: [GC (Allocation Failure) 1.684: [DefNew: 959K->63K(960K), 0.0119317 secs] 54442K->54428K(1048512K), 0.0121335 secs] [Times: user=0.00 sys=0.00, real=0.01 secs] 
1.716: [GC (Allocation Failure) 1.716: [DefNew: 959K->63K(960K), 0.0024636 secs] 55324K->55312K(1048512K), 0.0025081 secs] [Times: user=0.01 sys=0.00, real=0.00 secs] 
1.739: [GC (Allocation Failure) 1.739: [DefNew: 959K->63K(960K), 0.0028946 secs] 56208K->56196K(1048512K), 0.0029469 secs] [Times: user=0.00 sys=0.00, real=0.00 secs] 
1.763: [GC (Allocation Failure) 1.763: [DefNew: 959K->63K(960K), 0.0024225 secs] 57092K->57081K(1048512K), 0.0024707 secs] [Times: user=0.00 sys=0.00, real=0.00 secs] 
1.791: [GC (Allocation Failure) 1.791: [DefNew: 959K->63K(960K), 0.0043551 secs] 59001K->58987K(1048512K), 0.0043998 secs] [Times: user=0.00 sys=0.01, real=0.01 secs] 
1.817: [GC (Allocation Failure) 1.817: [DefNew: 959K->64K(960K), 0.0024470 secs] 59883K->59872K(1048512K), 0.0024964 secs] [Times: user=0.01 sys=0.00, real=0.00 secs] 
1.842: [GC (Allocation Failure) 1.842: [DefNew: 959K->63K(960K), 0.0025293 secs] 60768K->60756K(1048512K), 0.0025726 secs] [Times: user=0.01 sys=0.00, real=0.01 secs] 
1.866: [GC (Allocation Failure) 1.866: [DefNew: 959K->63K(960K), 0.0024611 secs] 61652K->61640K(1048512K), 0.0025000 secs] [Times: user=0.00 sys=0.00, real=0.00 secs] 
1.891: [GC (Allocation Failure) 1.891: [DefNew: 959K->63K(960K), 0.0026393 secs] 62536K->62523K(1048512K), 0.0026859 secs] [Times: user=0.00 sys=0.00, real=0.01 secs] 
1.913: [GC (Allocation Failure) 1.913: [DefNew: 959K->63K(960K), 0.0024208 secs] 63419K->63407K(1048512K), 0.0024605 secs] [Times: user=0.00 sys=0.00, real=0.01 secs] 
1.936: [GC (Allocation Failure) 1.936: [DefNew: 959K->63K(960K), 0.0026815 secs] 64303K->64291K(1048512K), 0.0027306 secs] [Times: user=0.00 sys=0.00, real=0.00 secs] 
1.960: [GC (Allocation Failure) 1.960: [DefNew: 959K->64K(960K), 0.0031406 secs] 65187K->65178K(1048512K), 0.0031851 secs] [Times: user=0.00 sys=0.00, real=0.01 secs] 
1.986: [GC (Allocation Failure) 1.986: [DefNew: 960K->64K(960K), 0.0052002 secs] 66074K->66072K(1048512K), 0.0053297 secs] [Times: user=0.01 sys=0.00, real=0.00 secs] 
2.013: [GC (Allocation Failure) 2.013: [DefNew: 960K->63K(960K), 0.0025828 secs] 66968K->66964K(1048512K), 0.0026244 secs] [Times: user=0.00 sys=0.00, real=0.01 secs] 
2.037: [GC (Allocation Failure) 2.037: [DefNew: 959K->64K(960K), 0.0028422 secs] 67860K->67856K(1048512K), 0.0028897 secs] [Times: user=0.00 sys=0.00, real=0.00 secs] 
2.063: [GC (Allocation Failure) 2.063: [DefNew: 960K->63K(960K), 0.0027487 secs] 68752K->68748K(1048512K), 0.0027924 secs] [Times: user=0.00 sys=0.00, real=0.00 secs] 
2.087: [GC (Allocation Failure) 2.088: [DefNew: 959K->63K(960K), 0.0027688 secs] 69644K->69638K(1048512K), 0.0028176 secs] [Times: user=0.00 sys=0.00, real=0.00 secs] 
2.113: [GC (Allocation Failure) 2.113: [DefNew: 959K->64K(960K), 0.0027524 secs] 70534K->70527K(1048512K), 0.0028062 secs] [Times: user=0.00 sys=0.00, real=0.01 secs] 
2.139: [GC (Allocation Failure) 2.139: [DefNew: 960K->64K(960K), 0.0035989 secs] 71423K->71421K(1048512K), 0.0036648 secs] [Times: user=0.00 sys=0.00, real=0.00 secs] 
2.164: [GC (Allocation Failure) 2.164: [DefNew: 959K->63K(960K), 0.0025943 secs] 72317K->72315K(1048512K), 0.0026356 secs] [Times: user=0.00 sys=0.00, real=0.00 secs] 
2.190: [GC (Allocation Failure) 2.190: [DefNew: 959K->63K(960K), 0.0028953 secs] 73211K->73207K(1048512K), 0.0029455 secs] [Times: user=0.01 sys=0.00, real=0.00 secs] 
2.215: [GC (Allocation Failure) 2.215: [DefNew: 959K->63K(960K), 0.0026641 secs] 74103K->74099K(1048512K), 0.0027053 secs] [Times: user=0.00 sys=0.00, real=0.00 secs] 
2.238: [GC (Allocation Failure) 2.239: [DefNew: 959K->63K(960K), 0.0039536 secs] 74995K->74994K(1048512K), 0.0040160 secs] [Times: user=0.00 sys=0.00, real=0.00 secs] 
2.266: [GC (Allocation Failure) 2.266: [DefNew: 959K->64K(960K), 0.0027851 secs] 75890K->75886K(1048512K), 0.0028395 secs] [Times: user=0.01 sys=0.00, real=0.00 secs] 
2.291: [GC (Allocation Failure) 2.291: [DefNew: 960K->63K(960K), 0.0028353 secs] 76782K->76777K(1048512K), 0.0028783 secs] [Times: user=0.00 sys=0.00, real=0.01 secs] 
2.316: [GC (Allocation Failure) 2.316: [DefNew: 959K->64K(960K), 0.0028452 secs] 77673K->77670K(1048512K), 0.0028894 secs] [Times: user=0.00 sys=0.00, real=0.00 secs] 
2.341: [GC (Allocation Failure) 2.341: [DefNew: 960K->63K(960K), 0.0027793 secs] 78566K->78563K(1048512K), 0.0028242 secs] [Times: user=0.00 sys=0.00, real=0.01 secs] 
2.367: [GC (Allocation Failure) 2.367: [DefNew: 959K->63K(960K), 0.0028526 secs] 79459K->79455K(1048512K), 0.0028937 secs] [Times: user=0.00 sys=0.01, real=0.00 secs] 
2.391: [GC (Allocation Failure) 2.391: [DefNew: 959K->63K(960K), 0.0026532 secs] 80351K->80346K(1048512K), 0.0027050 secs] [Times: user=0.00 sys=0.00, real=0.01 secs] 
2.416: [GC (Allocation Failure) 2.416: [DefNew: 959K->63K(960K), 0.0046176 secs] 81242K->81238K(1048512K), 0.0047149 secs] [Times: user=0.00 sys=0.00, real=0.00 secs] 
2.444: [GC (Allocation Failure) 2.444: [DefNew: 959K->63K(960K), 0.0028180 secs] 82134K->82133K(1048512K), 0.0028636 secs] [Times: user=0.00 sys=0.00, real=0.00 secs] 
2.468: [GC (Allocation Failure) 2.468: [DefNew: 959K->64K(960K), 0.0029291 secs] 83029K->83025K(1048512K), 0.0029758 secs] [Times: user=0.01 sys=0.00, real=0.00 secs] 
2.494: [GC (Allocation Failure) 2.494: [DefNew: 960K->64K(960K), 0.0027311 secs] 83921K->83916K(1048512K), 0.0027718 secs] [Times: user=0.00 sys=0.00, real=0.00 secs] 
2.518: [GC (Allocation Failure) 2.518: [DefNew: 960K->63K(960K), 0.0027905 secs] 84812K->84809K(1048512K), 0.0028378 secs] [Times: user=0.00 sys=0.00, real=0.00 secs] 
2.544: [GC (Allocation Failure) 2.544: [DefNew: 959K->63K(960K), 0.0028519 secs] 85705K->85702K(1048512K), 0.0028978 secs] [Times: user=0.01 sys=0.00, real=0.00 secs] 
2.570: [GC (Allocation Failure) 2.570: [DefNew: 959K->63K(960K), 0.0028953 secs] 86598K->86594K(1048512K), 0.0029416 secs] [Times: user=0.00 sys=0.00, real=0.00 secs] 
2.595: [GC (Allocation Failure) 2.595: [DefNew: 959K->63K(960K), 0.0030821 secs] 87490K->87485K(1048512K), 0.0031373 secs] [Times: user=0.00 sys=0.00, real=0.00 secs] 
2.620: [GC (Allocation Failure) 2.620: [DefNew: 959K->63K(960K), 0.0076312 secs] 88381K->88377K(1048512K), 0.0077633 secs] [Times: user=0.00 sys=0.01, real=0.01 secs] 
2.650: [GC (Allocation Failure) 2.651: [DefNew: 959K->63K(960K), 0.0028543 secs] 89273K->89272K(1048512K), 0.0028967 secs] [Times: user=0.01 sys=0.00, real=0.01 secs] 
2.675: [GC (Allocation Failure) 2.675: [DefNew: 959K->64K(960K), 0.0027648 secs] 90168K->90164K(1048512K), 0.0028089 secs] [Times: user=0.00 sys=0.00, real=0.00 secs] 
2.701: [GC (Allocation Failure) 2.701: [DefNew: 960K->63K(960K), 0.0028624 secs] 91060K->91055K(1048512K), 0.0029052 secs] [Times: user=0.00 sys=0.00, real=0.01 secs] 
2.726: [GC (Allocation Failure) 2.726: [DefNew: 959K->64K(960K), 0.0030844 secs] 91951K->91948K(1048512K), 0.0031248 secs] [Times: user=0.01 sys=0.00, real=0.00 secs] 
2.749: [GC (Allocation Failure) 2.749: [DefNew: 960K->64K(960K), 0.0026881 secs] 92844K->92841K(1048512K), 0.0027332 secs] [Times: user=0.00 sys=0.00, real=0.00 secs] 
2.775: [GC (Allocation Failure) 2.775: [DefNew: 960K->64K(960K), 0.0029941 secs] 93737K->93733K(1048512K), 0.0030381 secs] [Times: user=0.00 sys=0.00, real=0.00 secs] 
2.800: [GC (Allocation Failure) 2.800: [DefNew: 960K->63K(960K), 0.0030291 secs] 94629K->94624K(1048512K), 0.0031600 secs] [Times: user=0.01 sys=0.00, real=0.00 secs] 
2.824: [GC (Allocation Failure) 2.824: [DefNew: 959K->63K(960K), 0.0065552 secs] 95520K->95519K(1048512K), 0.0067982 secs] [Times: user=0.00 sys=0.00, real=0.00 secs] 
2.854: [GC (Allocation Failure) 2.854: [DefNew: 959K->63K(960K), 0.0030471 secs] 96415K->96410K(1048512K), 0.0030927 secs] [Times: user=0.01 sys=0.00, real=0.00 secs] 
2.880: [GC (Allocation Failure) 2.880: [DefNew: 959K->63K(960K), 0.0030609 secs] 97306K->97303K(1048512K), 0.0031068 secs] [Times: user=0.00 sys=0.01, real=0.00 secs] 
2.905: [GC (Allocation Failure) 2.905: [DefNew: 959K->63K(960K), 0.0030770 secs] 98199K->98197K(1048512K), 0.0031400 secs] [Times: user=0.00 sys=0.00, real=0.00 secs] 
2.931: [GC (Allocation Failure) 2.931: [DefNew: 959K->63K(960K), 0.0028085 secs] 99093K->99091K(1048512K), 0.0028551 secs] [Times: user=0.01 sys=0.00, real=0.01 secs] 
2.957: [GC (Allocation Failure) 2.957: [DefNew: 959K->64K(960K), 0.0031111 secs] 99987K->99983K(1048512K), 0.0031640 secs] [Times: user=0.00 sys=0.00, real=0.00 secs] 
2.981: [GC (Allocation Failure) 2.981: [DefNew: 959K->63K(960K), 0.0038117 secs] 100879K->100877K(1048512K), 0.0039204 secs] [Times: user=0.01 sys=0.00, real=0.01 secs] 
3.008: [GC (Allocation Failure) 3.008: [DefNew: 959K->63K(960K), 0.0030564 secs] 101773K->101770K(1048512K), 0.0030998 secs] [Times: user=0.00 sys=0.00, real=0.00 secs] 
3.035: [GC (Allocation Failure) 3.035: [DefNew: 959K->64K(960K), 0.0028762 secs] 102666K->102661K(1048512K), 0.0029242 secs] [Times: user=0.00 sys=0.00, real=0.00 secs] 
3.058: [GC (Allocation Failure) 3.058: [DefNew: 960K->64K(960K), 0.0037192 secs] 103557K->103553K(1048512K), 0.0037655 secs] [Times: user=0.00 sys=0.00, real=0.00 secs] 
3.083: [GC (Allocation Failure) 3.083: [DefNew: 960K->64K(960K), 0.0029043 secs] 104449K->104448K(1048512K), 0.0029557 secs] [Times: user=0.00 sys=0.00, real=0.00 secs] 
3.107: [GC (Allocation Failure) 3.107: [DefNew: 960K->64K(960K), 0.0037937 secs] 105344K->105340K(1048512K), 0.0038412 secs] [Times: user=0.01 sys=0.00, real=0.00 secs] 
3.133: [GC (Allocation Failure) 3.133: [DefNew: 960K->63K(960K), 0.0030494 secs] 106236K->106231K(1048512K), 0.0030919 secs] [Times: user=0.00 sys=0.00, real=0.01 secs] 
3.159: [GC (Allocation Failure) 3.159: [DefNew: 959K->63K(960K), 0.0031345 secs] 107127K->107124K(1048512K), 0.0031837 secs] [Times: user=0.00 sys=0.00, real=0.00 secs] 
3.183: [GC (Allocation Failure) 3.183: [DefNew: 959K->63K(960K), 0.0029421 secs] 108020K->108017K(1048512K), 0.0029957 secs] [Times: user=0.01 sys=0.00, real=0.01 secs] 
3.209: [GC (Allocation Failure) 3.209: [DefNew: 959K->63K(960K), 0.0030814 secs] 108913K->108909K(1048512K), 0.0031317 secs] [Times: user=0.00 sys=0.00, real=0.00 secs] 
3.235: [GC (Allocation Failure) 3.235: [DefNew: 959K->63K(960K), 0.0030186 secs] 109805K->109800K(1048512K), 0.0030671 secs] [Times: user=0.00 sys=0.00, real=0.00 secs] 
3.259: [GC (Allocation Failure) 3.259: [DefNew: 959K->63K(960K), 0.0053211 secs] 110696K->110692K(1048512K), 0.0055013 secs] [Times: user=0.00 sys=0.00, real=0.01 secs] 
3.287: [GC (Allocation Failure) 3.287: [DefNew: 959K->63K(960K), 0.0030919 secs] 111588K->111587K(1048512K), 0.0031406 secs] [Times: user=0.01 sys=0.00, real=0.00 secs] 
3.312: [GC (Allocation Failure) 3.312: [DefNew: 959K->64K(960K), 0.0029786 secs] 112483K->112479K(1048512K), 0.0030245 secs] [Times: user=0.00 sys=0.00, real=0.01 secs] 
3.337: [GC (Allocation Failure) 3.337: [DefNew: 960K->63K(960K), 0.0031247 secs] 113375K->113371K(1048512K), 0.0032103 secs] [Times: user=0.00 sys=0.00, real=0.00 secs] 
3.362: [GC (Allocation Failure) 3.362: [DefNew: 959K->63K(960K), 0.0045355 secs] 114267K->114263K(1048512K), 0.0046156 secs] [Times: user=0.01 sys=0.00, real=0.01 secs] 
3.397: [GC (Allocation Failure) 3.397: [DefNew: 959K->64K(960K), 0.0070505 secs] 117207K->117204K(1048512K), 0.0070954 secs] [Times: user=0.00 sys=0.00, real=0.01 secs] 
3.426: [GC (Allocation Failure) 3.426: [DefNew: 960K->63K(960K), 0.0029329 secs] 118100K->118096K(1048512K), 0.0029791 secs] [Times: user=0.01 sys=0.00, real=0.00 secs] 
3.452: [GC (Allocation Failure) 3.452: [DefNew: 959K->63K(960K), 0.0028268 secs] 118992K->118987K(1048512K), 0.0028797 secs] [Times: user=0.00 sys=0.00, real=0.01 secs] 
3.475: [GC (Allocation Failure) 3.475: [DefNew: 959K->64K(960K), 0.0040155 secs] 119883K->119876K(1048512K), 0.0040939 secs] [Times: user=0.00 sys=0.00, real=0.00 secs] 
3.502: [GC (Allocation Failure) 3.502: [DefNew: 960K->64K(960K), 0.0029073 secs] 120772K->120770K(1048512K), 0.0029542 secs] [Times: user=0.00 sys=0.00, real=0.01 secs] 
3.527: [GC (Allocation Failure) 3.527: [DefNew: 960K->63K(960K), 0.0029925 secs] 121666K->121664K(1048512K), 0.0030406 secs] [Times: user=0.00 sys=0.00, real=0.00 secs] 
3.552: [GC (Allocation Failure) 3.552: [DefNew: 959K->63K(960K), 0.0029180 secs] 122560K->122558K(1048512K), 0.0029650 secs] [Times: user=0.00 sys=0.00, real=0.01 secs] 
3.577: [GC (Allocation Failure) 3.577: [DefNew: 959K->63K(960K), 0.0028883 secs] 123454K->123447K(1048512K), 0.0029366 secs] [Times: user=0.00 sys=0.00, real=0.00 secs] 
3.603: [GC (Allocation Failure) 3.603: [DefNew: 959K->63K(960K), 0.0029786 secs] 124343K->124341K(1048512K), 0.0030261 secs] [Times: user=0.00 sys=0.00, real=0.01 secs] 
3.628: [GC (Allocation Failure) 3.628: [DefNew: 959K->63K(960K), 0.0027748 secs] 125237K->125235K(1048512K), 0.0028214 secs] [Times: user=0.00 sys=0.00, real=0.00 secs] 
3.653: [GC (Allocation Failure) 3.653: [DefNew: 959K->63K(960K), 0.0030288 secs] 126131K->126128K(1048512K), 0.0030750 secs] [Times: user=0.00 sys=0.00, real=0.01 secs] 
3.679: [GC (Allocation Failure) 3.679: [DefNew: 959K->64K(960K), 0.0043737 secs] 127024K->127018K(1048512K), 0.0044601 secs] [Times: user=0.00 sys=0.00, real=0.01 secs] 
3.704: [GC (Allocation Failure) 3.704: [DefNew: 960K->63K(960K), 0.0030927 secs] 127914K->127912K(1048512K), 0.0031376 secs] [Times: user=0.00 sys=0.01, real=0.00 secs] 
3.729: [GC (Allocation Failure) 3.729: [DefNew: 959K->63K(960K), 0.0031064 secs] 128808K->128806K(1048512K), 0.0031484 secs] [Times: user=0.00 sys=0.00, real=0.00 secs] 
3.754: [GC (Allocation Failure) 3.754: [DefNew: 959K->63K(960K), 0.0030787 secs] 129702K->129699K(1048512K), 0.0031221 secs] [Times: user=0.00 sys=0.00, real=0.00 secs] 
3.778: [GC (Allocation Failure) 3.778: [DefNew: 959K->63K(960K), 0.0030187 secs] 130595K->130588K(1048512K), 0.0030773 secs] [Times: user=0.00 sys=0.00, real=0.00 secs] 
3.804: [GC (Allocation Failure) 3.804: [DefNew: 959K->64K(960K), 0.0030749 secs] 131484K->131483K(1048512K), 0.0031251 secs] [Times: user=0.00 sys=0.00, real=0.00 secs] 
3.830: [GC (Allocation Failure) 3.830: [DefNew: 960K->64K(960K), 0.0029583 secs] 132379K->132376K(1048512K), 0.0030200 secs] [Times: user=0.01 sys=0.00, real=0.00 secs] 
3.855: [GC (Allocation Failure) 3.855: [DefNew: 960K->63K(960K), 0.0031984 secs] 133272K->133270K(1048512K), 0.0032444 secs] [Times: user=0.00 sys=0.00, real=0.00 secs] 
3.880: [GC (Allocation Failure) 3.880: [DefNew: 959K->63K(960K), 0.0063821 secs] 134166K->134159K(1048512K), 0.0065370 secs] [Times: user=0.01 sys=0.00, real=0.01 secs] 
3.910: [GC (Allocation Failure) 3.910: [DefNew: 959K->63K(960K), 0.0033161 secs] 135055K->135053K(1048512K), 0.0033681 secs] [Times: user=0.00 sys=0.00, real=0.01 secs] 
3.935: [GC (Allocation Failure) 3.935: [DefNew: 959K->63K(960K), 0.0031234 secs] 135949K->135947K(1048512K), 0.0031685 secs] [Times: user=0.00 sys=0.00, real=0.00 secs] 
3.961: [GC (Allocation Failure) 3.961: [DefNew: 959K->63K(960K), 0.0032574 secs] 136843K->136841K(1048512K), 0.0033077 secs] [Times: user=0.00 sys=0.00, real=0.01 secs] 
3.986: [GC (Allocation Failure) 3.986: [DefNew: 959K->64K(960K), 0.0030658 secs] 137737K->137730K(1048512K), 0.0031111 secs] [Times: user=0.00 sys=0.01, real=0.00 secs] 
4.011: [GC (Allocation Failure) 4.011: [DefNew: 960K->64K(960K), 0.0030584 secs] 138626K->138624K(1048512K), 0.0031013 secs] [Times: user=0.01 sys=0.00, real=0.01 secs] 
4.036: [GC (Allocation Failure) 4.036: [DefNew: 960K->64K(960K), 0.0037288 secs] 139520K->139518K(1048512K), 0.0037737 secs] [Times: user=0.00 sys=0.00, real=0.00 secs] 
4.063: [GC (Allocation Failure) 4.063: [DefNew: 960K->63K(960K), 0.0030107 secs] 140414K->140411K(1048512K), 0.0030569 secs] [Times: user=0.00 sys=0.00, real=0.01 secs] 
4.087: [GC (Allocation Failure) 4.087: [DefNew: 959K->64K(960K), 0.0074000 secs] 141307K->141300K(1048512K), 0.0075625 secs] [Times: user=0.01 sys=0.00, real=0.01 secs] 
4.116: [GC (Allocation Failure) 4.116: [DefNew: 960K->63K(960K), 0.0031434 secs] 142196K->142195K(1048512K), 0.0031884 secs] [Times: user=0.00 sys=0.00, real=0.00 secs] 
4.141: [GC (Allocation Failure) 4.141: [DefNew: 959K->63K(960K), 0.0031045 secs] 143091K->143088K(1048512K), 0.0031503 secs] [Times: user=0.00 sys=0.00, real=0.01 secs] 
4.167: [GC (Allocation Failure) 4.167: [DefNew: 959K->63K(960K), 0.0031496 secs] 143984K->143982K(1048512K), 0.0031940 secs] [Times: user=0.00 sys=0.00, real=0.00 secs] 
4.193: [GC (Allocation Failure) 4.193: [DefNew: 959K->63K(960K), 0.0030627 secs] 144878K->144871K(1048512K), 0.0031309 secs] [Times: user=0.01 sys=0.00, real=0.01 secs] 
4.218: [GC (Allocation Failure) 4.218: [DefNew: 959K->63K(960K), 0.0030550 secs] 145767K->145765K(1048512K), 0.0030980 secs] [Times: user=0.00 sys=0.00, real=0.00 secs] 
4.244: [GC (Allocation Failure) 4.244: [DefNew: 959K->64K(960K), 0.0040741 secs] 146661K->146659K(1048512K), 0.0041202 secs] [Times: user=0.00 sys=0.00, real=0.00 secs] 
4.272: [GC (Allocation Failure) 4.272: [DefNew: 960K->64K(960K), 0.0031253 secs] 147555K->147553K(1048512K), 0.0031695 secs] [Times: user=0.01 sys=0.00, real=0.01 secs] 
4.296: [GC (Allocation Failure) 4.296: [DefNew: 960K->64K(960K), 0.0065808 secs] 148449K->148442K(1048512K), 0.0067604 secs] [Times: user=0.00 sys=0.00, real=0.00 secs] 
4.325: [GC (Allocation Failure) 4.325: [DefNew: 960K->64K(960K), 0.0032183 secs] 149338K->149336K(1048512K), 0.0032675 secs] [Times: user=0.00 sys=0.00, real=0.00 secs] 
4.351: [GC (Allocation Failure) 4.351: [DefNew: 960K->63K(960K), 0.0031636 secs] 150232K->150230K(1048512K), 0.0032210 secs] [Times: user=0.00 sys=0.00, real=0.01 secs] 
4.376: [GC (Allocation Failure) 4.376: [DefNew: 959K->63K(960K), 0.0038067 secs] 151126K->151124K(1048512K), 0.0038516 secs] [Times: user=0.01 sys=0.00, real=0.00 secs] 
4.402: [GC (Allocation Failure) 4.402: [DefNew: 959K->64K(960K), 0.0031054 secs] 152020K->152013K(1048512K), 0.0031618 secs] [Times: user=0.00 sys=0.00, real=0.01 secs] 
4.428: [GC (Allocation Failure) 4.428: [DefNew: 960K->64K(960K), 0.0031194 secs] 152909K->152907K(1048512K), 0.0031662 secs] [Times: user=0.00 sys=0.00, real=0.00 secs] 
4.453: [GC (Allocation Failure) 4.453: [DefNew: 960K->63K(960K), 0.0031176 secs] 153803K->153801K(1048512K), 0.0031611 secs] [Times: user=0.01 sys=0.00, real=0.01 secs] 
4.479: [GC (Allocation Failure) 4.479: [DefNew: 959K->63K(960K), 0.0031205 secs] 154697K->154694K(1048512K), 0.0031618 secs] [Times: user=0.00 sys=0.00, real=0.00 secs] 
4.505: [GC (Allocation Failure) 4.505: [DefNew: 959K->63K(960K), 0.0086640 secs] 155590K->155583K(1048512K), 0.0087464 secs] [Times: user=0.01 sys=0.00, real=0.01 secs] 
4.535: [GC (Allocation Failure) 4.535: [DefNew: 959K->63K(960K), 0.0030100 secs] 156479K->156478K(1048512K), 0.0030570 secs] [Times: user=0.00 sys=0.00, real=0.00 secs] 
4.561: [GC (Allocation Failure) 4.561: [DefNew: 959K->63K(960K), 0.0033507 secs] 157374K->157368K(1048512K), 0.0034019 secs] [Times: user=0.00 sys=0.00, real=0.01 secs] 
4.586: [GC (Allocation Failure) 4.586: [DefNew: 959K->63K(960K), 0.0032028 secs] 158264K->158256K(1048512K), 0.0032478 secs] [Times: user=0.00 sys=0.00, real=0.00 secs] 
4.612: [GC (Allocation Failure) 4.612: [DefNew: 959K->63K(960K), 0.0030987 secs] 159151K->159140K(1048512K), 0.0031433 secs] [Times: user=0.01 sys=0.00, real=0.01 secs] 
4.637: [GC (Allocation Failure) 4.637: [DefNew: 959K->63K(960K), 0.0029764 secs] 160036K->160026K(1048512K), 0.0030148 secs] [Times: user=0.00 sys=0.00, real=0.00 secs] 
4.663: [GC (Allocation Failure) 4.663: [DefNew: 959K->64K(960K), 0.0031813 secs] 160922K->160911K(1048512K), 0.0032264 secs] [Times: user=0.00 sys=0.00, real=0.01 secs] 
4.688: [GC (Allocation Failure) 4.688: [DefNew: 960K->63K(960K), 0.0030835 secs] 161807K->161796K(1048512K), 0.0031253 secs] [Times: user=0.00 sys=0.00, real=0.00 secs] 
4.714: [GC (Allocation Failure) 4.714: [DefNew: 959K->63K(960K), 0.0065687 secs] 162692K->162679K(1048512K), 0.0068256 secs] [Times: user=0.01 sys=0.00, real=0.00 secs] 
4.740: [GC (Allocation Failure) 4.740: [DefNew: 959K->63K(960K), 0.0033349 secs] 163575K->163564K(1048512K), 0.0033922 secs] [Times: user=0.00 sys=0.00, real=0.00 secs] 
4.765: [GC (Allocation Failure) 4.765: [DefNew: 959K->63K(960K), 0.0030937 secs] 164460K->164448K(1048512K), 0.0031408 secs] [Times: user=0.01 sys=0.00, real=0.00 secs] 
4.788: [GC (Allocation Failure) 4.788: [DefNew: 959K->64K(960K), 0.0031603 secs] 165344K->165332K(1048512K), 0.0032009 secs] [Times: user=0.00 sys=0.00, real=0.00 secs] 
4.814: [GC (Allocation Failure) 4.814: [DefNew: 960K->64K(960K), 0.0031468 secs] 166228K->166217K(1048512K), 0.0031939 secs] [Times: user=0.01 sys=0.00, real=0.00 secs] 
4.839: [GC (Allocation Failure) 4.839: [DefNew: 960K->64K(960K), 0.0032160 secs] 167113K->167099K(1048512K), 0.0032635 secs] [Times: user=0.00 sys=0.00, real=0.00 secs] 
4.865: [GC (Allocation Failure) 4.865: [DefNew: 960K->64K(960K), 0.0032402 secs] 167995K->167984K(1048512K), 0.0032843 secs] [Times: user=0.00 sys=0.00, real=0.00 secs] 
4.890: [GC (Allocation Failure) 4.890: [DefNew: 959K->64K(960K), 0.0047066 secs] 168879K->168868K(1048512K), 0.0047579 secs] [Times: user=0.00 sys=0.00, real=0.01 secs] 
4.918: [GC (Allocation Failure) 4.918: [DefNew: 960K->64K(960K), 0.0071460 secs] 169764K->169752K(1048512K), 0.0073197 secs] [Times: user=0.01 sys=0.00, real=0.01 secs] 
4.946: [GC (Allocation Failure) 4.946: [DefNew: 960K->63K(960K), 0.0032750 secs] 170648K->170635K(1048512K), 0.0033222 secs] [Times: user=0.00 sys=0.00, real=0.00 secs] 
4.973: [GC (Allocation Failure) 4.973: [DefNew: 959K->64K(960K), 0.0030352 secs] 171531K->171519K(1048512K), 0.0030930 secs] [Times: user=0.00 sys=0.00, real=0.01 secs] 
4.997: [GC (Allocation Failure) 4.997: [DefNew: 959K->64K(960K), 0.0030887 secs] 172415K->172403K(1048512K), 0.0031284 secs] [Times: user=0.00 sys=0.00, real=0.00 secs] 
5.023: [GC (Allocation Failure) 5.023: [DefNew: 960K->63K(960K), 0.0046773 secs] 173299K->173288K(1048512K), 0.0047363 secs] [Times: user=0.00 sys=0.00, real=0.01 secs] 
5.049: [GC (Allocation Failure) 5.049: [DefNew: 959K->63K(960K), 0.0032979 secs] 174184K->174170K(1048512K), 0.0033512 secs] [Times: user=0.01 sys=0.01, real=0.00 secs] 
5.075: [GC (Allocation Failure) 5.076: [DefNew: 959K->63K(960K), 0.0034205 secs] 175066K->175054K(1048512K), 0.0034755 secs] [Times: user=0.00 sys=0.00, real=0.00 secs] 
5.100: [GC (Allocation Failure) 5.100: [DefNew: 959K->64K(960K), 0.0032378 secs] 175950K->175938K(1048512K), 0.0032838 secs] [Times: user=0.00 sys=0.00, real=0.01 secs] 
5.126: [GC (Allocation Failure) 5.126: [DefNew: 960K->63K(960K), 0.0032569 secs] 176834K->176823K(1048512K), 0.0033079 secs] [Times: user=0.00 sys=0.00, real=0.00 secs] 
5.150: [GC (Allocation Failure) 5.150: [DefNew: 959K->63K(960K), 0.0039506 secs] 177719K->177705K(1048512K), 0.0040192 secs] [Times: user=0.00 sys=0.00, real=0.01 secs] 
5.176: [GC (Allocation Failure) 5.177: [DefNew: 959K->63K(960K), 0.0032724 secs] 178601K->178590K(1048512K), 0.0033211 secs] [Times: user=0.00 sys=0.00, real=0.00 secs] 
5.201: [GC (Allocation Failure) 5.201: [DefNew: 959K->63K(960K), 0.0033334 secs] 179486K->179474K(1048512K), 0.0033772 secs] [Times: user=0.00 sys=0.00, real=0.01 secs] 
5.227: [GC (Allocation Failure) 5.227: [DefNew: 959K->63K(960K), 0.0032213 secs] 180370K->180358K(1048512K), 0.0032684 secs] [Times: user=0.01 sys=0.00, real=0.00 secs] 
5.251: [GC (Allocation Failure) 5.251: [DefNew: 959K->63K(960K), 0.0032297 secs] 181254K->181241K(1048512K), 0.0033407 secs] [Times: user=0.00 sys=0.00, real=0.01 secs] 
5.277: [GC (Allocation Failure) 5.277: [DefNew: 959K->63K(960K), 0.0030837 secs] 182137K->182125K(1048512K), 0.0031261 secs] [Times: user=0.00 sys=0.00, real=0.00 secs] 
5.301: [GC (Allocation Failure) 5.301: [DefNew: 959K->63K(960K), 0.0038538 secs] 183021K->183009K(1048512K), 0.0039004 secs] [Times: user=0.01 sys=0.00, real=0.01 secs] 
5.327: [GC (Allocation Failure) 5.327: [DefNew: 959K->63K(960K), 0.0034750 secs] 183905K->183894K(1048512K), 0.0035323 secs] [Times: user=0.00 sys=0.00, real=0.00 secs] 
5.352: [GC (Allocation Failure) 5.352: [DefNew: 959K->64K(960K), 0.0032163 secs] 184790K->184776K(1048512K), 0.0032576 secs] [Times: user=0.01 sys=0.00, real=0.01 secs] 
5.379: [GC (Allocation Failure) 5.379: [DefNew: 960K->64K(960K), 0.0034062 secs] 185672K->185660K(1048512K), 0.0034566 secs] [Times: user=0.00 sys=0.00, real=0.00 secs] 
5.404: [GC (Allocation Failure) 5.404: [DefNew: 960K->63K(960K), 0.0031891 secs] 186556K->186545K(1048512K), 0.0032312 secs] [Times: user=0.00 sys=0.00, real=0.00 secs] 
5.430: [GC (Allocation Failure) 5.430: [DefNew: 959K->64K(960K), 0.0031595 secs] 187441K->187436K(1048512K), 0.0032034 secs] [Times: user=0.00 sys=0.00, real=0.00 secs] 
5.456: [GC (Allocation Failure) 5.456: [DefNew: 960K->63K(960K), 0.0040121 secs] 188332K->188325K(1048512K), 0.0040601 secs] [Times: user=0.00 sys=0.00, real=0.00 secs] 
5.481: [GC (Allocation Failure) 5.481: [DefNew: 959K->63K(960K), 0.0033358 secs] 189221K->189219K(1048512K), 0.0034057 secs] [Times: user=0.01 sys=0.00, real=0.01 secs] 
5.508: [GC (Allocation Failure) 5.508: [DefNew: 959K->63K(960K), 0.0059522 secs] 190115K->190113K(1048512K), 0.0060593 secs] [Times: user=0.00 sys=0.00, real=0.01 secs] 
5.536: [GC (Allocation Failure) 5.536: [DefNew: 959K->64K(960K), 0.0033843 secs] 191009K->191007K(1048512K), 0.0034259 secs] [Times: user=0.01 sys=0.00, real=0.00 secs] 
5.560: [GC (Allocation Failure) 5.560: [DefNew: 960K->64K(960K), 0.0063381 secs] 191903K->191896K(1048512K), 0.0064774 secs] [Times: user=0.00 sys=0.00, real=0.01 secs] 
5.589: [GC (Allocation Failure) 5.589: [DefNew: 960K->63K(960K), 0.0035868 secs] 192792K->192790K(1048512K), 0.0036338 secs] [Times: user=0.00 sys=0.00, real=0.00 secs] 
5.615: [GC (Allocation Failure) 5.615: [DefNew: 959K->63K(960K), 0.0032326 secs] 193686K->193684K(1048512K), 0.0032831 secs] [Times: user=0.00 sys=0.00, real=0.00 secs] 
5.640: [GC (Allocation Failure) 5.640: [DefNew: 959K->63K(960K), 0.0033778 secs] 194580K->194577K(1048512K), 0.0034414 secs] [Times: user=0.01 sys=0.00, real=0.01 secs] 
5.666: [GC (Allocation Failure) 5.666: [DefNew: 959K->63K(960K), 0.0033080 secs] 195473K->195466K(1048512K), 0.0033518 secs] [Times: user=0.00 sys=0.00, real=0.00 secs] 
5.692: [GC (Allocation Failure) 5.692: [DefNew: 959K->63K(960K), 0.0031833 secs] 196362K->196361K(1048512K), 0.0032243 secs] [Times: user=0.00 sys=0.00, real=0.01 secs] 
5.717: [GC (Allocation Failure) 5.717: [DefNew: 959K->64K(960K), 0.0032232 secs] 197257K->197254K(1048512K), 0.0032645 secs] [Times: user=0.00 sys=0.00, real=0.00 secs] 
5.739: [GC (Allocation Failure) 5.740: [DefNew: 960K->63K(960K), 0.0033635 secs] 198150K->198148K(1048512K), 0.0034448 secs] [Times: user=0.00 sys=0.00, real=0.00 secs] 
5.764: [GC (Allocation Failure) 5.765: [DefNew: 959K->63K(960K), 0.0071931 secs] 199044K->199037K(1048512K), 0.0073724 secs] [Times: user=0.01 sys=0.00, real=0.00 secs] 
5.795: [GC (Allocation Failure) 5.795: [DefNew: 959K->63K(960K), 0.0033893 secs] 199933K->199931K(1048512K), 0.0034411 secs] [Times: user=0.00 sys=0.00, real=0.00 secs] 
5.822: [GC (Allocation Failure) 5.822: [DefNew: 959K->63K(960K), 0.0033289 secs] 200827K->200825K(1048512K), 0.0033885 secs] [Times: user=0.01 sys=0.00, real=0.01 secs] 
5.846: [GC (Allocation Failure) 5.846: [DefNew: 959K->63K(960K), 0.0033667 secs] 201721K->201719K(1048512K), 0.0034146 secs] [Times: user=0.00 sys=0.00, real=0.00 secs] 
5.872: [GC (Allocation Failure) 5.872: [DefNew: 959K->64K(960K), 0.0032983 secs] 202615K->202608K(1048512K), 0.0033447 secs] [Times: user=0.00 sys=0.00, real=0.01 secs] 
5.898: [GC (Allocation Failure) 5.898: [DefNew: 960K->63K(960K), 0.0034449 secs] 203504K->203502K(1048512K), 0.0034976 secs] [Times: user=0.00 sys=0.01, real=0.00 secs] 
5.923: [GC (Allocation Failure) 5.923: [DefNew: 959K->63K(960K), 0.0033131 secs] 204398K->204396K(1048512K), 0.0033613 secs] [Times: user=0.00 sys=0.00, real=0.00 secs] 
5.949: [GC (Allocation Failure) 5.949: [DefNew: 959K->63K(960K), 0.0032801 secs] 205292K->205290K(1048512K), 0.0033254 secs] [Times: user=0.01 sys=0.00, real=0.00 secs] 
5.975: [GC (Allocation Failure) 5.975: [DefNew: 959K->63K(960K), 0.0075982 secs] 206186K->206179K(1048512K), 0.0076835 secs] [Times: user=0.00 sys=0.00, real=0.00 secs] 
6.004: [GC (Allocation Failure) 6.004: [DefNew: 959K->63K(960K), 0.0031914 secs] 207075K->207073K(1048512K), 0.0032379 secs] [Times: user=0.00 sys=0.00, real=0.00 secs] 
6.030: [GC (Allocation Failure) 6.030: [DefNew: 959K->63K(960K), 0.0035211 secs] 207969K->207967K(1048512K), 0.0035978 secs] [Times: user=0.00 sys=0.00, real=0.00 secs] 
6.056: [GC (Allocation Failure) 6.056: [DefNew: 959K->64K(960K), 0.0034311 secs] 208863K->208860K(1048512K), 0.0034794 secs] [Times: user=0.01 sys=0.00, real=0.00 secs] 
6.081: [GC (Allocation Failure) 6.081: [DefNew: 960K->63K(960K), 0.0034233 secs] 209756K->209749K(1048512K), 0.0034667 secs] [Times: user=0.00 sys=0.00, real=0.01 secs] 
6.107: [GC (Allocation Failure) 6.107: [DefNew: 959K->64K(960K), 0.0034782 secs] 210645K->210644K(1048512K), 0.0035226 secs] [Times: user=0.01 sys=0.00, real=0.00 secs] 
6.134: [GC (Allocation Failure) 6.134: [DefNew: 960K->63K(960K), 0.0033229 secs] 211540K->211537K(1048512K), 0.0033754 secs] [Times: user=0.00 sys=0.00, real=0.00 secs] 
6.160: [GC (Allocation Failure) 6.160: [DefNew: 959K->64K(960K), 0.0033443 secs] 212433K->212431K(1048512K), 0.0033869 secs] [Times: user=0.00 sys=0.00, real=0.00 secs] 
6.186: [GC (Allocation Failure) 6.186: [DefNew: 960K->63K(960K), 0.0053287 secs] 213327K->213320K(1048512K), 0.0054144 secs] [Times: user=0.00 sys=0.00, real=0.00 secs] 
6.215: [GC (Allocation Failure) 6.215: [DefNew: 959K->63K(960K), 0.0033559 secs] 214216K->214214K(1048512K), 0.0034029 secs] [Times: user=0.00 sys=0.00, real=0.00 secs] 
6.239: [GC (Allocation Failure) 6.239: [DefNew: 959K->63K(960K), 0.0034945 secs] 215110K->215108K(1048512K), 0.0035380 secs] [Times: user=0.00 sys=0.00, real=0.00 secs] 
6.266: [GC (Allocation Failure) 6.266: [DefNew: 959K->63K(960K), 0.0034199 secs] 216004K->216002K(1048512K), 0.0034832 secs] [Times: user=0.00 sys=0.00, real=0.00 secs] 
6.292: [GC (Allocation Failure) 6.292: [DefNew: 959K->63K(960K), 0.0033846 secs] 216898K->216891K(1048512K), 0.0034413 secs] [Times: user=0.01 sys=0.00, real=0.01 secs] 
6.317: [GC (Allocation Failure) 6.317: [DefNew: 959K->63K(960K), 0.0034308 secs] 217787K->217785K(1048512K), 0.0034757 secs] [Times: user=0.00 sys=0.00, real=0.00 secs] 
6.344: [GC (Allocation Failure) 6.344: [DefNew: 959K->64K(960K), 0.0031650 secs] 218681K->218679K(1048512K), 0.0032074 secs] [Times: user=0.00 sys=0.00, real=0.00 secs] 
6.370: [GC (Allocation Failure) 6.370: [DefNew: 960K->63K(960K), 0.0033086 secs] 219575K->219572K(1048512K), 0.0033503 secs] [Times: user=0.00 sys=0.00, real=0.01 secs] 
6.394: [GC (Allocation Failure) 6.394: [DefNew: 959K->63K(960K), 0.0065040 secs] 220468K->220462K(1048512K), 0.0066114 secs] [Times: user=0.01 sys=0.00, real=0.00 secs] 
6.424: [GC (Allocation Failure) 6.424: [DefNew: 959K->63K(960K), 0.0034681 secs] 221358K->221356K(1048512K), 0.0035181 secs] [Times: user=0.00 sys=0.00, real=0.00 secs] 
6.448: [GC (Allocation Failure) 6.448: [DefNew: 959K->64K(960K), 0.0033634 secs] 222252K->222250K(1048512K), 0.0034062 secs] [Times: user=0.00 sys=0.00, real=0.00 secs] 
6.475: [GC (Allocation Failure) 6.475: [DefNew: 960K->63K(960K), 0.0033500 secs] 223146K->223143K(1048512K), 0.0033947 secs] [Times: user=0.00 sys=0.00, real=0.00 secs] 
6.501: [GC (Allocation Failure) 6.501: [DefNew: 959K->63K(960K), 0.0034042 secs] 224039K->224032K(1048512K), 0.0034561 secs] [Times: user=0.00 sys=0.00, real=0.01 secs] 
6.526: [GC (Allocation Failure) 6.526: [DefNew: 959K->63K(960K), 0.0047752 secs] 224928K->224927K(1048512K), 0.0048436 secs] [Times: user=0.01 sys=0.00, real=0.00 secs] 
6.554: [GC (Allocation Failure) 6.554: [DefNew: 959K->63K(960K), 0.0032632 secs] 225823K->225820K(1048512K), 0.0033044 secs] [Times: user=0.00 sys=0.00, real=0.00 secs] 
6.580: [GC (Allocation Failure) 6.580: [DefNew: 959K->63K(960K), 0.0033419 secs] 226716K->226714K(1048512K), 0.0033906 secs] [Times: user=0.01 sys=0.00, real=0.01 secs] 
6.604: [GC (Allocation Failure) 6.604: [DefNew: 959K->64K(960K), 0.0080976 secs] 227610K->227603K(1048512K), 0.0082410 secs] [Times: user=0.00 sys=0.00, real=0.00 secs] 
6.636: [GC (Allocation Failure) 6.636: [DefNew: 960K->63K(960K), 0.0034300 secs] 228499K->228497K(1048512K), 0.0034762 secs] [Times: user=0.01 sys=0.00, real=0.00 secs] 
6.676: [GC (Allocation Failure) 6.676: [DefNew: 959K->63K(960K), 0.0125078 secs] 233489K->233487K(1048512K), 0.0125529 secs] [Times: user=0.01 sys=0.01, real=0.01 secs] 
6.710: [GC (Allocation Failure) 6.711: [DefNew: 959K->63K(960K), 0.0030836 secs] 234383K->234373K(1048512K), 0.0031341 secs] [Times: user=0.00 sys=0.00, real=0.01 secs] 
6.735: [GC (Allocation Failure) 6.735: [DefNew: 959K->64K(960K), 0.0031792 secs] 235269K->235264K(1048512K), 0.0032259 secs] [Times: user=0.00 sys=0.00, real=0.00 secs] 
6.759: [GC (Allocation Failure) 6.759: [DefNew: 960K->64K(960K), 0.0031846 secs] 236160K->236153K(1048512K), 0.0032351 secs] [Times: user=0.01 sys=0.00, real=0.00 secs] 
6.785: [GC (Allocation Failure) 6.785: [DefNew: 960K->64K(960K), 0.0032425 secs] 237049K->237046K(1048512K), 0.0032865 secs] [Times: user=0.00 sys=0.00, real=0.00 secs] 
6.810: [GC (Allocation Failure) 6.810: [DefNew: 960K->63K(960K), 0.0081362 secs] 237942K->237937K(1048512K), 0.0082361 secs] [Times: user=0.01 sys=0.00, real=0.01 secs] 
6.840: [GC (Allocation Failure) 6.840: [DefNew: 959K->63K(960K), 0.0031492 secs] 238833K->238831K(1048512K), 0.0032398 secs] [Times: user=0.00 sys=0.00, real=0.01 secs] 
6.866: [GC (Allocation Failure) 6.866: [DefNew: 959K->63K(960K), 0.0033559 secs] 239727K->239725K(1048512K), 0.0034009 secs] [Times: user=0.00 sys=0.00, real=0.00 secs] 
6.893: [GC (Allocation Failure) 6.893: [DefNew: 959K->63K(960K), 0.0037816 secs] 240621K->240617K(1048512K), 0.0038579 secs] [Times: user=0.00 sys=0.00, real=0.01 secs] 
6.918: [GC (Allocation Failure) 6.918: [DefNew: 959K->64K(960K), 0.0034160 secs] 241513K->241507K(1048512K), 0.0034601 secs] [Times: user=0.00 sys=0.00, real=0.00 secs] 
6.944: [GC (Allocation Failure) 6.944: [DefNew: 960K->63K(960K), 0.0031981 secs] 242403K->242399K(1048512K), 0.0032440 secs] [Times: user=0.01 sys=0.00, real=0.00 secs] 
6.971: [GC (Allocation Failure) 6.971: [DefNew: 959K->63K(960K), 0.0030893 secs] 243295K->243290K(1048512K), 0.0031338 secs] [Times: user=0.00 sys=0.01, real=0.01 secs] 
6.996: [GC (Allocation Failure) 6.996: [DefNew: 959K->64K(960K), 0.0032443 secs] 244186K->244184K(1048512K), 0.0032915 secs] [Times: user=0.00 sys=0.00, real=0.00 secs] 
7.021: [GC (Allocation Failure) 7.021: [DefNew: 960K->64K(960K), 0.0068684 secs] 245080K->245076K(1048512K), 0.0069547 secs] [Times: user=0.01 sys=0.00, real=0.01 secs] 
7.050: [GC (Allocation Failure) 7.050: [DefNew: 960K->64K(960K), 0.0032147 secs] 245972K->245968K(1048512K), 0.0032593 secs] [Times: user=0.00 sys=0.00, real=0.01 secs] 
7.075: [GC (Allocation Failure) 7.075: [DefNew: 960K->64K(960K), 0.0031401 secs] 246864K->246863K(1048512K), 0.0031823 secs] [Times: user=0.00 sys=0.00, real=0.00 secs] 
7.101: [GC (Allocation Failure) 7.101: [DefNew: 960K->63K(960K), 0.0032400 secs] 247759K->247757K(1048512K), 0.0032829 secs] [Times: user=0.00 sys=0.00, real=0.01 secs] 
7.127: [GC (Allocation Failure) 7.127: [DefNew: 959K->63K(960K), 0.0063606 secs] 248653K->248650K(1048512K), 0.0066385 secs] [Times: user=0.01 sys=0.00, real=0.01 secs] 
7.155: [GC (Allocation Failure) 7.155: [DefNew: 959K->63K(960K), 0.0032204 secs] 249546K->249544K(1048512K), 0.0032641 secs] [Times: user=0.00 sys=0.00, real=0.00 secs] 
7.181: [GC (Allocation Failure) 7.181: [DefNew: 959K->64K(960K), 0.0033633 secs] 250440K->250438K(1048512K), 0.0034155 secs] [Times: user=0.01 sys=0.00, real=0.01 secs] 
7.207: [GC (Allocation Failure) 7.207: [DefNew: 959K->64K(960K), 0.0031709 secs] 251334K->251332K(1048512K), 0.0032180 secs] [Times: user=0.00 sys=0.00, real=0.00 secs] 
7.232: [GC (Allocation Failure) 7.232: [DefNew: 960K->63K(960K), 0.0032536 secs] 252228K->252222K(1048512K), 0.0032992 secs] [Times: user=0.00 sys=0.01, real=0.01 secs] 
7.258: [GC (Allocation Failure) 7.258: [DefNew: 959K->63K(960K), 0.0032473 secs] 253118K->253117K(1048512K), 0.0032984 secs] [Times: user=0.01 sys=0.00, real=0.00 secs] 
7.284: [GC (Allocation Failure) 7.284: [DefNew: 959K->63K(960K), 0.0031566 secs] 254013K->254011K(1048512K), 0.0032064 secs] [Times: user=0.00 sys=0.00, real=0.00 secs] 
7.309: [GC (Allocation Failure) 7.309: [DefNew: 959K->63K(960K), 0.0032374 secs] 254907K->254903K(1048512K), 0.0032852 secs] [Times: user=0.01 sys=0.00, real=0.00 secs] 
7.335: [GC (Allocation Failure) 7.335: [DefNew: 959K->64K(960K), 0.0043086 secs] 255799K->255793K(1048512K), 0.0044081 secs] [Times: user=0.00 sys=0.00, real=0.00 secs] 
7.360: [GC (Allocation Failure) 7.360: [DefNew: 960K->63K(960K), 0.0040044 secs] 256689K->256685K(1048512K), 0.0040542 secs] [Times: user=0.01 sys=0.00, real=0.01 secs] 
7.387: [GC (Allocation Failure) 7.387: [DefNew: 959K->63K(960K), 0.0031471 secs] 257581K->257576K(1048512K), 0.0031927 secs] [Times: user=0.00 sys=0.00, real=0.00 secs] 
7.412: [GC (Allocation Failure) 7.412: [DefNew: 959K->63K(960K), 0.0034395 secs] 258472K->258470K(1048512K), 0.0034881 secs] [Times: user=0.00 sys=0.00, real=0.01 secs] 
7.437: [GC (Allocation Failure) 7.437: [DefNew: 959K->63K(960K), 0.0032689 secs] 259366K->259362K(1048512K), 0.0033152 secs] [Times: user=0.01 sys=0.00, real=0.00 secs] 
7.463: [GC (Allocation Failure) 7.463: [DefNew: 959K->63K(960K), 0.0033681 secs] 260258K->260254K(1048512K), 0.0034151 secs] [Times: user=0.00 sys=0.00, real=0.00 secs] 
7.491: [GC (Allocation Failure) 7.491: [DefNew: 959K->64K(960K), 0.0032030 secs] 261150K->261149K(1048512K), 0.0032457 secs] [Times: user=0.00 sys=0.00, real=0.01 secs] 
7.515: [GC (Allocation Failure) 7.515: [DefNew: 960K->63K(960K), 0.0032015 secs] 262045K->262043K(1048512K), 0.0032459 secs] [Times: user=0.00 sys=0.00, real=0.00 secs] 
7.539: [GC (Allocation Failure) 7.539: [DefNew: 959K->64K(960K), 0.0057498 secs] 262939K->262935K(1048512K), 0.0058688 secs] [Times: user=0.01 sys=0.00, real=0.01 secs] 
7.567: [GC (Allocation Failure) 7.567: [DefNew: 959K->63K(960K), 0.0034268 secs] 263830K->263829K(1048512K), 0.0034716 secs] [Times: user=0.00 sys=0.00, real=0.00 secs] 
7.592: [GC (Allocation Failure) 7.592: [DefNew: 959K->64K(960K), 0.0034285 secs] 264725K->264721K(1048512K), 0.0034784 secs] [Times: user=0.00 sys=0.00, real=0.01 secs] 
7.618: [GC (Allocation Failure) 7.618: [DefNew: 960K->63K(960K), 0.0033402 secs] 265617K->265613K(1048512K), 0.0033865 secs] [Times: user=0.01 sys=0.00, real=0.00 secs] 
7.644: [GC (Allocation Failure) 7.644: [DefNew: 959K->64K(960K), 0.0032491 secs] 266509K->266505K(1048512K), 0.0032925 secs] [Times: user=0.00 sys=0.00, real=0.00 secs] 
7.669: [GC (Allocation Failure) 7.669: [DefNew: 960K->63K(960K), 0.0033197 secs] 267401K->267400K(1048512K), 0.0033662 secs] [Times: user=0.01 sys=0.00, real=0.00 secs] 
7.695: [GC (Allocation Failure) 7.695: [DefNew: 959K->64K(960K), 0.0033448 secs] 268296K->268292K(1048512K), 0.0034003 secs] [Times: user=0.00 sys=0.00, real=0.00 secs] 
7.721: [GC (Allocation Failure) 7.721: [DefNew: 960K->64K(960K), 0.0038320 secs] 269188K->269183K(1048512K), 0.0038786 secs] [Times: user=0.00 sys=0.00, real=0.01 secs] 
7.744: [GC (Allocation Failure) 7.744: [DefNew: 960K->63K(960K), 0.0081551 secs] 270079K->270077K(1048512K), 0.0082313 secs] [Times: user=0.01 sys=0.00, real=0.00 secs] 
7.775: [GC (Allocation Failure) 7.775: [DefNew: 959K->63K(960K), 0.0032547 secs] 270973K->270968K(1048512K), 0.0032974 secs] [Times: user=0.00 sys=0.00, real=0.00 secs] 
7.800: [GC (Allocation Failure) 7.800: [DefNew: 959K->63K(960K), 0.0035771 secs] 271864K->271861K(1048512K), 0.0036254 secs] [Times: user=0.00 sys=0.00, real=0.01 secs] 
7.826: [GC (Allocation Failure) 7.826: [DefNew: 959K->63K(960K), 0.0046555 secs] 272757K->272752K(1048512K), 0.0047147 secs] [Times: user=0.00 sys=0.00, real=0.00 secs] 
7.853: [GC (Allocation Failure) 7.853: [DefNew: 959K->63K(960K), 0.0033015 secs] 273648K->273643K(1048512K), 0.0033437 secs] [Times: user=0.01 sys=0.00, real=0.00 secs] 
7.878: [GC (Allocation Failure) 7.878: [DefNew: 959K->63K(960K), 0.0039307 secs] 274539K->274532K(1048512K), 0.0039770 secs] [Times: user=0.00 sys=0.00, real=0.00 secs] 
7.904: [GC (Allocation Failure) 7.904: [DefNew: 959K->63K(960K), 0.0039094 secs] 275428K->275427K(1048512K), 0.0039817 secs] [Times: user=0.01 sys=0.00, real=0.00 secs] 
7.931: [GC (Allocation Failure) 7.931: [DefNew: 959K->64K(960K), 0.0037594 secs] 276323K->276320K(1048512K), 0.0038064 secs] [Times: user=0.00 sys=0.00, real=0.01 secs] 
7.956: [GC (Allocation Failure) 7.956: [DefNew: 960K->63K(960K), 0.0084692 secs] 277216K->277214K(1048512K), 0.0086252 secs] [Times: user=0.01 sys=0.00, real=0.01 secs] 
7.987: [GC (Allocation Failure) 7.987: [DefNew: 959K->63K(960K), 0.0033226 secs] 278110K->278104K(1048512K), 0.0033893 secs] [Times: user=0.00 sys=0.00, real=0.00 secs] 
8.013: [GC (Allocation Failure) 8.013: [DefNew: 959K->63K(960K), 0.0034851 secs] 279000K->278995K(1048512K), 0.0035295 secs] [Times: user=0.01 sys=0.00, real=0.01 secs] 
8.037: [GC (Allocation Failure) 8.037: [DefNew: 959K->63K(960K), 0.0059406 secs] 279891K->279885K(1048512K), 0.0060229 secs] [Times: user=0.00 sys=0.00, real=0.01 secs] 
8.066: [GC (Allocation Failure) 8.066: [DefNew: 959K->63K(960K), 0.0036323 secs] 280781K->280776K(1048512K), 0.0036797 secs] [Times: user=0.01 sys=0.00, real=0.00 secs] 
8.091: [GC (Allocation Failure) 8.091: [DefNew: 959K->64K(960K), 0.0033448 secs] 281672K->281665K(1048512K), 0.0033905 secs] [Times: user=0.00 sys=0.00, real=0.01 secs] 
8.117: [GC (Allocation Failure) 8.117: [DefNew: 960K->63K(960K), 0.0034076 secs] 282561K->282559K(1048512K), 0.0034523 secs] [Times: user=0.00 sys=0.00, real=0.00 secs] 
8.143: [GC (Allocation Failure) 8.143: [DefNew: 959K->63K(960K), 0.0033281 secs] 283455K->283453K(1048512K), 0.0033691 secs] [Times: user=0.00 sys=0.00, real=0.00 secs] 
8.168: [GC (Allocation Failure) 8.168: [DefNew: 959K->63K(960K), 0.0053681 secs] 284349K->284346K(1048512K), 0.0054902 secs] [Times: user=0.00 sys=0.00, real=0.01 secs] 
8.197: [GC (Allocation Failure) 8.197: [DefNew: 959K->64K(960K), 0.0040454 secs] 285242K->285235K(1048512K), 0.0041067 secs] [Times: user=0.00 sys=0.00, real=0.00 secs] 
8.224: [GC (Allocation Failure) 8.224: [DefNew: 960K->64K(960K), 0.0034967 secs] 286131K->286130K(1048512K), 0.0035421 secs] [Times: user=0.00 sys=0.00, real=0.00 secs] 
8.249: [GC (Allocation Failure) 8.249: [DefNew: 960K->63K(960K), 0.0034969 secs] 287026K->287023K(1048512K), 0.0035418 secs] [Times: user=0.01 sys=0.00, real=0.00 secs] 
8.276: [GC (Allocation Failure) 8.276: [DefNew: 959K->63K(960K), 0.0033403 secs] 287919K->287917K(1048512K), 0.0033854 secs] [Times: user=0.00 sys=0.00, real=0.00 secs] 
8.302: [GC (Allocation Failure) 8.302: [DefNew: 959K->63K(960K), 0.0033674 secs] 288813K->288806K(1048512K), 0.0034152 secs] [Times: user=0.00 sys=0.00, real=0.01 secs] 
8.326: [GC (Allocation Failure) 8.326: [DefNew: 959K->63K(960K), 0.0039379 secs] 289702K->289700K(1048512K), 0.0039790 secs] [Times: user=0.00 sys=0.00, real=0.00 secs] 
8.354: [GC (Allocation Failure) 8.354: [DefNew: 959K->63K(960K), 0.0034709 secs] 290596K->290594K(1048512K), 0.0035175 secs] [Times: user=0.00 sys=0.00, real=0.00 secs] 
8.380: [GC (Allocation Failure) 8.380: [DefNew: 959K->63K(960K), 0.0088755 secs] 291490K->291488K(1048512K), 0.0090175 secs] [Times: user=0.01 sys=0.00, real=0.01 secs] 
8.410: [GC (Allocation Failure) 8.410: [DefNew: 959K->63K(960K), 0.0032889 secs] 292384K->292377K(1048512K), 0.0033326 secs] [Times: user=0.01 sys=0.00, real=0.01 secs] 
8.437: [GC (Allocation Failure) 8.437: [DefNew: 959K->63K(960K), 0.0033836 secs] 293273K->293271K(1048512K), 0.0034338 secs] [Times: user=0.00 sys=0.00, real=0.00 secs] 
8.463: [GC (Allocation Failure) 8.463: [DefNew: 959K->64K(960K), 0.0035501 secs] 294167K->294165K(1048512K), 0.0035963 secs] [Times: user=0.00 sys=0.00, real=0.01 secs] 
8.488: [GC (Allocation Failure) 8.488: [DefNew: 960K->63K(960K), 0.0033138 secs] 295061K->295059K(1048512K), 0.0033583 secs] [Times: user=0.01 sys=0.00, real=0.00 secs] 
8.514: [GC (Allocation Failure) 8.515: [DefNew: 959K->64K(960K), 0.0032455 secs] 295955K->295948K(1048512K), 0.0033003 secs] [Times: user=0.00 sys=0.00, real=0.00 secs] 
8.541: [GC (Allocation Failure) 8.541: [DefNew: 960K->63K(960K), 0.0035299 secs] 296844K->296842K(1048512K), 0.0036073 secs] [Times: user=0.01 sys=0.01, real=0.01 secs] 
8.566: [GC (Allocation Failure) 8.566: [DefNew: 959K->63K(960K), 0.0041435 secs] 297738K->297736K(1048512K), 0.0041923 secs] [Times: user=0.00 sys=0.00, real=0.00 secs] 
8.593: [GC (Allocation Failure) 8.593: [DefNew: 959K->63K(960K), 0.0036379 secs] 298632K->298629K(1048512K), 0.0036990 secs] [Times: user=0.00 sys=0.00, real=0.00 secs] 
8.618: [GC (Allocation Failure) 8.618: [DefNew: 959K->63K(960K), 0.0031831 secs] 299525K->299518K(1048512K), 0.0032289 secs] [Times: user=0.00 sys=0.00, real=0.00 secs] 
8.643: [GC (Allocation Failure) 8.643: [DefNew: 959K->63K(960K), 0.0038249 secs] 300414K->300413K(1048512K), 0.0038859 secs] [Times: user=0.00 sys=0.00, real=0.01 secs] 
8.669: [GC (Allocation Failure) 8.669: [DefNew: 959K->63K(960K), 0.0033741 secs] 301309K->301306K(1048512K), 0.0034183 secs] [Times: user=0.01 sys=0.00, real=0.00 secs] 
8.695: [GC (Allocation Failure) 8.695: [DefNew: 959K->63K(960K), 0.0033480 secs] 302202K->302200K(1048512K), 0.0033937 secs] [Times: user=0.00 sys=0.00, real=0.00 secs] 
8.720: [GC (Allocation Failure) 8.720: [DefNew: 959K->63K(960K), 0.0036752 secs] 303096K->303089K(1048512K), 0.0037200 secs] [Times: user=0.01 sys=0.00, real=0.01 secs] 
8.743: [GC (Allocation Failure) 8.743: [DefNew: 959K->63K(960K), 0.0031985 secs] 303985K->303983K(1048512K), 0.0032432 secs] [Times: user=0.00 sys=0.00, real=0.00 secs] 
8.768: [GC (Allocation Failure) 8.768: [DefNew: 959K->64K(960K), 0.0031700 secs] 304879K->304877K(1048512K), 0.0032110 secs] [Times: user=0.00 sys=0.00, real=0.00 secs] 
8.794: [GC (Allocation Failure) 8.794: [DefNew: 960K->63K(960K), 0.0039948 secs] 305773K->305771K(1048512K), 0.0040469 secs] [Times: user=0.01 sys=0.00, real=0.00 secs] 
8.820: [GC (Allocation Failure) 8.820: [DefNew: 959K->63K(960K), 0.0035739 secs] 306667K->306660K(1048512K), 0.0036444 secs] [Times: user=0.00 sys=0.00, real=0.01 secs] 
8.846: [GC (Allocation Failure) 8.846: [DefNew: 959K->63K(960K), 0.0036752 secs] 307556K->307554K(1048512K), 0.0037233 secs] [Times: user=0.01 sys=0.00, real=0.00 secs] 
8.873: [GC (Allocation Failure) 8.873: [DefNew: 959K->64K(960K), 0.0034591 secs] 308450K->308448K(1048512K), 0.0035048 secs] [Times: user=0.00 sys=0.00, real=0.01 secs] 
8.899: [GC (Allocation Failure) 8.899: [DefNew: 960K->63K(960K), 0.0037776 secs] 309344K->309341K(1048512K), 0.0038377 secs] [Times: user=0.01 sys=0.00, real=0.00 secs] 
8.924: [GC (Allocation Failure) 8.924: [DefNew: 959K->64K(960K), 0.0034048 secs] 310237K->310231K(1048512K), 0.0034533 secs] [Times: user=0.00 sys=0.00, real=0.00 secs] 
8.950: [GC (Allocation Failure) 8.950: [DefNew: 960K->64K(960K), 0.0034343 secs] 311127K->311125K(1048512K), 0.0034805 secs] [Times: user=0.00 sys=0.00, real=0.01 secs] 
8.976: [GC (Allocation Failure) 8.977: [DefNew: 960K->63K(960K), 0.0032740 secs] 312021K->312019K(1048512K), 0.0033156 secs] [Times: user=0.01 sys=0.00, real=0.00 secs] 
9.001: [GC (Allocation Failure) 9.001: [DefNew: 959K->63K(960K), 0.0046787 secs] 312915K->312912K(1048512K), 0.0047343 secs] [Times: user=0.00 sys=0.00, real=0.01 secs] 
9.029: [GC (Allocation Failure) 9.029: [DefNew: 959K->63K(960K), 0.0048027 secs] 313808K->313801K(1048512K), 0.0048509 secs] [Times: user=0.00 sys=0.00, real=0.01 secs] 
9.055: [GC (Allocation Failure) 9.055: [DefNew: 959K->64K(960K), 0.0034861 secs] 314697K->314696K(1048512K), 0.0035320 secs] [Times: user=0.00 sys=0.00, real=0.00 secs] 
9.081: [GC (Allocation Failure) 9.081: [DefNew: 960K->63K(960K), 0.0037032 secs] 315592K->315589K(1048512K), 0.0037573 secs] [Times: user=0.00 sys=0.00, real=0.01 secs] 
9.108: [GC (Allocation Failure) 9.108: [DefNew: 959K->63K(960K), 0.0035220 secs] 316485K->316483K(1048512K), 0.0035670 secs] [Times: user=0.00 sys=0.01, real=0.00 secs] 
9.135: [GC (Allocation Failure) 9.135: [DefNew: 959K->63K(960K), 0.0033482 secs] 317379K->317372K(1048512K), 0.0033905 secs] [Times: user=0.01 sys=0.00, real=0.00 secs] 
9.160: [GC (Allocation Failure) 9.160: [DefNew: 959K->64K(960K), 0.0035316 secs] 318268K->318266K(1048512K), 0.0035768 secs] [Times: user=0.00 sys=0.00, real=0.01 secs] 
9.187: [GC (Allocation Failure) 9.187: [DefNew: 960K->64K(960K), 0.0033967 secs] 319162K->319160K(1048512K), 0.0034422 secs] [Times: user=0.00 sys=0.00, real=0.00 secs] 
9.214: [GC (Allocation Failure) 9.214: [DefNew: 960K->63K(960K), 0.0034422 secs] 320056K->320054K(1048512K), 0.0035202 secs] [Times: user=0.00 sys=0.00, real=0.00 secs] 
9.238: [GC (Allocation Failure) 9.238: [DefNew: 959K->63K(960K), 0.0034549 secs] 320950K->320943K(1048512K), 0.0035070 secs] [Times: user=0.00 sys=0.00, real=0.00 secs] 
9.264: [GC (Allocation Failure) 9.264: [DefNew: 959K->64K(960K), 0.0036431 secs] 321839K->321837K(1048512K), 0.0036980 secs] [Times: user=0.01 sys=0.00, real=0.00 secs] 
9.291: [GC (Allocation Failure) 9.291: [DefNew: 960K->63K(960K), 0.0033711 secs] 322733K->322731K(1048512K), 0.0034178 secs] [Times: user=0.00 sys=0.00, real=0.01 secs] 
9.316: [GC (Allocation Failure) 9.316: [DefNew: 959K->63K(960K), 0.0034937 secs] 323627K->323624K(1048512K), 0.0035364 secs] [Times: user=0.01 sys=0.00, real=0.00 secs] 
9.343: [GC (Allocation Failure) 9.343: [DefNew: 959K->64K(960K), 0.0034349 secs] 324520K->324511K(1048512K), 0.0034843 secs] [Times: user=0.00 sys=0.00, real=0.01 secs] 
9.368: [GC (Allocation Failure) 9.368: [DefNew: 960K->63K(960K), 0.0035533 secs] 325407K->325397K(1048512K), 0.0035969 secs] [Times: user=0.01 sys=0.00, real=0.00 secs] 
9.395: [GC (Allocation Failure) 9.395: [DefNew: 959K->63K(960K), 0.0047301 secs] 326293K->326284K(1048512K), 0.0047783 secs] [Times: user=0.00 sys=0.01, real=0.00 secs] 
9.421: [GC (Allocation Failure) 9.421: [DefNew: 959K->63K(960K), 0.0034867 secs] 327180K->327169K(1048512K), 0.0035301 secs] [Times: user=0.00 sys=0.00, real=0.01 secs] 
9.447: [GC (Allocation Failure) 9.447: [DefNew: 959K->64K(960K), 0.0044726 secs] 328065K->328052K(1048512K), 0.0045482 secs] [Times: user=0.00 sys=0.00, real=0.00 secs] 
9.472: [GC (Allocation Failure) 9.472: [DefNew: 960K->63K(960K), 0.0036341 secs] 328948K->328940K(1048512K), 0.0036797 secs] [Times: user=0.00 sys=0.00, real=0.01 secs] 
9.499: [GC (Allocation Failure) 9.499: [DefNew: 959K->63K(960K), 0.0035040 secs] 329836K->329827K(1048512K), 0.0035520 secs] [Times: user=0.00 sys=0.00, real=0.00 secs] 
9.524: [GC (Allocation Failure) 9.524: [DefNew: 959K->64K(960K), 0.0035170 secs] 330723K->330713K(1048512K), 0.0035657 secs] [Times: user=0.00 sys=0.00, real=0.00 secs] 
9.549: [GC (Allocation Failure) 9.549: [DefNew: 960K->63K(960K), 0.0045977 secs] 331609K->331597K(1048512K), 0.0046696 secs] [Times: user=0.01 sys=0.00, real=0.01 secs] 
9.576: [GC (Allocation Failure) 9.576: [DefNew: 959K->64K(960K), 0.0035621 secs] 332493K->332482K(1048512K), 0.0036101 secs] [Times: user=0.00 sys=0.00, real=0.00 secs] 
9.602: [GC (Allocation Failure) 9.602: [DefNew: 960K->63K(960K), 0.0036380 secs] 333378K->333366K(1048512K), 0.0036860 secs] [Times: user=0.01 sys=0.00, real=0.01 secs] 
9.628: [GC (Allocation Failure) 9.628: [DefNew: 959K->63K(960K), 0.0036088 secs] 334262K->334251K(1048512K), 0.0036549 secs] [Times: user=0.00 sys=0.00, real=0.00 secs] 
9.653: [GC (Allocation Failure) 9.653: [DefNew: 959K->63K(960K), 0.0039782 secs] 335147K->335133K(1048512K), 0.0040561 secs] [Times: user=0.01 sys=0.00, real=0.01 secs] 
9.678: [GC (Allocation Failure) 9.678: [DefNew: 959K->63K(960K), 0.0037853 secs] 336029K->336018K(1048512K), 0.0038313 secs] [Times: user=0.00 sys=0.01, real=0.00 secs] 
9.705: [GC (Allocation Failure) 9.705: [DefNew: 959K->64K(960K), 0.0034788 secs] 336914K->336902K(1048512K), 0.0035324 secs] [Times: user=0.01 sys=0.00, real=0.00 secs] 
9.729: [GC (Allocation Failure) 9.729: [DefNew: 960K->63K(960K), 0.0036091 secs] 337798K->337786K(1048512K), 0.0036536 secs] [Times: user=0.00 sys=0.00, real=0.01 secs] 
9.753: [GC (Allocation Failure) 9.753: [DefNew: 959K->63K(960K), 0.0033796 secs] 338682K->338669K(1048512K), 0.0034253 secs] [Times: user=0.00 sys=0.00, real=0.00 secs] 
9.779: [GC (Allocation Failure) 9.779: [DefNew: 959K->63K(960K), 0.0034568 secs] 339565K->339553K(1048512K), 0.0035150 secs] [Times: user=0.01 sys=0.00, real=0.00 secs] 
9.805: [GC (Allocation Failure) 9.805: [DefNew: 959K->63K(960K), 0.0035595 secs] 340449K->340437K(1048512K), 0.0036028 secs] [Times: user=0.00 sys=0.00, real=0.00 secs] 
9.828: [GC (Allocation Failure) 9.828: [DefNew: 959K->63K(960K), 0.0031659 secs] 341333K->341322K(1048512K), 0.0032111 secs] [Times: user=0.00 sys=0.00, real=0.00 secs] 
9.853: [GC (Allocation Failure) 9.853: [DefNew: 959K->63K(960K), 0.0061179 secs] 342218K->342204K(1048512K), 0.0062414 secs] [Times: user=0.00 sys=0.00, real=0.00 secs] 
9.879: [GC (Allocation Failure) 9.879: [DefNew: 959K->63K(960K), 0.0038208 secs] 343100K->343089K(1048512K), 0.0038792 secs] [Times: user=0.01 sys=0.00, real=0.00 secs] 
9.904: [GC (Allocation Failure) 9.904: [DefNew: 959K->63K(960K), 0.0033401 secs] 343984K->343973K(1048512K), 0.0033837 secs] [Times: user=0.00 sys=0.00, real=0.00 secs] 
9.927: [GC (Allocation Failure) 9.927: [DefNew: 959K->63K(960K), 0.0035572 secs] 344869K->344857K(1048512K), 0.0036037 secs] [Times: user=0.00 sys=0.00, real=0.00 secs] 
9.954: [GC (Allocation Failure) 9.954: [DefNew: 959K->63K(960K), 0.0041207 secs] 345753K->345739K(1048512K), 0.0041663 secs] [Times: user=0.01 sys=0.00, real=0.00 secs] 
9.979: [GC (Allocation Failure) 9.979: [DefNew: 959K->63K(960K), 0.0035717 secs] 346635K->346624K(1048512K), 0.0036195 secs] [Times: user=0.00 sys=0.00, real=0.01 secs] 
10.006: [GC (Allocation Failure) 10.006: [DefNew: 959K->64K(960K), 0.0044226 secs] 347520K->347508K(1048512K), 0.0044676 secs] [Times: user=0.01 sys=0.00, real=0.00 secs] 
10.032: [GC (Allocation Failure) 10.032: [DefNew: 960K->64K(960K), 0.0035223 secs] 348404K->348392K(1048512K), 0.0035790 secs] [Times: user=0.00 sys=0.00, real=0.01 secs] 
10.058: [GC (Allocation Failure) 10.058: [DefNew: 960K->63K(960K), 0.0064855 secs] 349288K->349275K(1048512K), 0.0066082 secs] [Times: user=0.01 sys=0.00, real=0.01 secs] 
10.085: [GC (Allocation Failure) 10.085: [DefNew: 959K->63K(960K), 0.0034822 secs] 350171K->350159K(1048512K), 0.0035302 secs] [Times: user=0.00 sys=0.00, real=0.00 secs] 
10.111: [GC (Allocation Failure) 10.111: [DefNew: 959K->63K(960K), 0.0037355 secs] 351055K->351043K(1048512K), 0.0037809 secs] [Times: user=0.00 sys=0.00, real=0.01 secs] 
10.136: [GC (Allocation Failure) 10.136: [DefNew: 959K->63K(960K), 0.0038502 secs] 351939K->351928K(1048512K), 0.0039014 secs] [Times: user=0.00 sys=0.00, real=0.00 secs] 
10.163: [GC (Allocation Failure) 10.163: [DefNew: 959K->64K(960K), 0.0036994 secs] 352824K->352810K(1048512K), 0.0037503 secs] [Times: user=0.01 sys=0.00, real=0.00 secs] 
10.188: [GC (Allocation Failure) 10.188: [DefNew: 960K->63K(960K), 0.0035845 secs] 353706K->353695K(1048512K), 0.0036245 secs] [Times: user=0.00 sys=0.00, real=0.00 secs] 
10.215: [GC (Allocation Failure) 10.215: [DefNew: 959K->63K(960K), 0.0033940 secs] 354590K->354579K(1048512K), 0.0034389 secs] [Times: user=0.01 sys=0.00, real=0.00 secs] 
10.240: [GC (Allocation Failure) 10.240: [DefNew: 959K->63K(960K), 0.0036137 secs] 355475K->355463K(1048512K), 0.0036593 secs] [Times: user=0.00 sys=0.00, real=0.01 secs] 
10.267: [GC (Allocation Failure) 10.267: [DefNew: 959K->63K(960K), 0.0093188 secs] 356359K->356347K(1048512K), 0.0094459 secs] [Times: user=0.01 sys=0.00, real=0.01 secs] 
10.297: [GC (Allocation Failure) 10.297: [DefNew: 959K->63K(960K), 0.0036070 secs] 357243K->357231K(1048512K), 0.0036567 secs] [Times: user=0.00 sys=0.00, real=0.00 secs] 
10.324: [GC (Allocation Failure) 10.324: [DefNew: 959K->64K(960K), 0.0035252 secs] 358127K->358119K(1048512K), 0.0035704 secs] [Times: user=0.01 sys=0.00, real=0.00 secs] 
10.351: [GC (Allocation Failure) 10.351: [DefNew: 960K->63K(960K), 0.0035781 secs] 359015K->359006K(1048512K), 0.0036244 secs] [Times: user=0.00 sys=0.00, real=0.01 secs] 
10.376: [GC (Allocation Failure) 10.376: [DefNew: 959K->63K(960K), 0.0034465 secs] 359902K->359897K(1048512K), 0.0034919 secs] [Times: user=0.01 sys=0.00, real=0.00 secs] 
10.403: [GC (Allocation Failure) 10.403: [DefNew: 959K->64K(960K), 0.0036495 secs] 360793K->360789K(1048512K), 0.0036939 secs] [Times: user=0.00 sys=0.00, real=0.01 secs] 
10.429: [GC (Allocation Failure) 10.429: [DefNew: 960K->63K(960K), 0.0038102 secs] 361685K->361684K(1048512K), 0.0038629 secs] [Times: user=0.01 sys=0.00, real=0.01 secs] 
10.455: [GC (Allocation Failure) 10.455: [DefNew: 959K->63K(960K), 0.0035302 secs] 362580K->362576K(1048512K), 0.0035841 secs] [Times: user=0.00 sys=0.00, real=0.00 secs] 
10.481: [GC (Allocation Failure) 10.481: [DefNew: 959K->63K(960K), 0.0080070 secs] 363472K->363468K(1048512K), 0.0081362 secs] [Times: user=0.01 sys=0.01, real=0.01 secs] 
10.511: [GC (Allocation Failure) 10.511: [DefNew: 959K->64K(960K), 0.0041791 secs] 364364K->364360K(1048512K), 0.0042384 secs] [Times: user=0.00 sys=0.00, real=0.01 secs] 
10.538: [GC (Allocation Failure) 10.538: [DefNew: 960K->63K(960K), 0.0034017 secs] 365256K->365253K(1048512K), 0.0034452 secs] [Times: user=0.01 sys=0.00, real=0.00 secs] 
10.564: [GC (Allocation Failure) 10.564: [DefNew: 959K->63K(960K), 0.0046056 secs] 366149K->366145K(1048512K), 0.0046983 secs] [Times: user=0.00 sys=0.00, real=0.00 secs] 
10.590: [GC (Allocation Failure) 10.590: [DefNew: 959K->63K(960K), 0.0033644 secs] 367041K->367037K(1048512K), 0.0034137 secs] [Times: user=0.01 sys=0.00, real=0.01 secs] 
10.616: [GC (Allocation Failure) 10.616: [DefNew: 959K->63K(960K), 0.0034685 secs] 367933K->367929K(1048512K), 0.0035153 secs] [Times: user=0.00 sys=0.00, real=0.00 secs] 
10.643: [GC (Allocation Failure) 10.643: [DefNew: 959K->63K(960K), 0.0034212 secs] 368825K->368823K(1048512K), 0.0034953 secs] [Times: user=0.00 sys=0.00, real=0.01 secs] 
10.667: [GC (Allocation Failure) 10.667: [DefNew: 959K->63K(960K), 0.0035206 secs] 369719K->369715K(1048512K), 0.0035672 secs] [Times: user=0.00 sys=0.00, real=0.00 secs] 
10.694: [GC (Allocation Failure) 10.694: [DefNew: 959K->63K(960K), 0.0071841 secs] 370611K->370607K(1048512K), 0.0073426 secs] [Times: user=0.00 sys=0.00, real=0.00 secs] 
10.724: [GC (Allocation Failure) 10.724: [DefNew: 959K->63K(960K), 0.0038030 secs] 371503K->371499K(1048512K), 0.0038707 secs] [Times: user=0.00 sys=0.00, real=0.00 secs] 
10.746: [GC (Allocation Failure) 10.747: [DefNew: 959K->63K(960K), 0.0035388 secs] 372395K->372392K(1048512K), 0.0035806 secs] [Times: user=0.00 sys=0.00, real=0.00 secs] 
10.772: [GC (Allocation Failure) 10.772: [DefNew: 959K->63K(960K), 0.0043652 secs] 373288K->373284K(1048512K), 0.0044100 secs] [Times: user=0.01 sys=0.00, real=0.01 secs] 
10.799: [GC (Allocation Failure) 10.799: [DefNew: 959K->63K(960K), 0.0036615 secs] 374180K->374176K(1048512K), 0.0037136 secs] [Times: user=0.00 sys=0.00, real=0.00 secs] 
10.824: [GC (Allocation Failure) 10.824: [DefNew: 959K->64K(960K), 0.0035451 secs] 375072K->375068K(1048512K), 0.0035863 secs] [Times: user=0.00 sys=0.00, real=0.00 secs] 
10.850: [GC (Allocation Failure) 10.850: [DefNew: 960K->64K(960K), 0.0035599 secs] 375964K->375963K(1048512K), 0.0036136 secs] [Times: user=0.00 sys=0.00, real=0.01 secs] 
10.877: [GC (Allocation Failure) 10.877: [DefNew: 960K->64K(960K), 0.0037469 secs] 376859K->376854K(1048512K), 0.0037936 secs] [Times: user=0.01 sys=0.00, real=0.00 secs] 
10.902: [GC (Allocation Failure) 10.902: [DefNew: 960K->64K(960K), 0.0048373 secs] 377750K->377746K(1048512K), 0.0049200 secs] [Times: user=0.00 sys=0.00, real=0.01 secs] 
10.931: [GC (Allocation Failure) 10.931: [DefNew: 960K->64K(960K), 0.0036648 secs] 378642K->378638K(1048512K), 0.0037178 secs] [Times: user=0.00 sys=0.00, real=0.01 secs] 
10.956: [GC (Allocation Failure) 10.956: [DefNew: 960K->64K(960K), 0.0034925 secs] 379534K->379532K(1048512K), 0.0035341 secs] [Times: user=0.00 sys=0.00, real=0.00 secs] 
10.983: [GC (Allocation Failure) 10.983: [DefNew: 960K->64K(960K), 0.0038132 secs] 380428K->380423K(1048512K), 0.0038622 secs] [Times: user=0.01 sys=0.00, real=0.01 secs] 
11.010: [GC (Allocation Failure) 11.010: [DefNew: 960K->63K(960K), 0.0034648 secs] 381319K->381315K(1048512K), 0.0035106 secs] [Times: user=0.00 sys=0.00, real=0.01 secs] 
11.034: [GC (Allocation Failure) 11.034: [DefNew: 959K->63K(960K), 0.0034882 secs] 382211K->382207K(1048512K), 0.0035296 secs] [Times: user=0.01 sys=0.01, real=0.00 secs] 
11.060: [GC (Allocation Failure) 11.060: [DefNew: 959K->63K(960K), 0.0048911 secs] 383103K->383102K(1048512K), 0.0050189 secs] [Times: user=0.00 sys=0.00, real=0.01 secs] 
11.088: [GC (Allocation Failure) 11.088: [DefNew: 959K->64K(960K), 0.0036010 secs] 383998K->383994K(1048512K), 0.0036548 secs] [Times: user=0.01 sys=0.00, real=0.00 secs] 
11.113: [GC (Allocation Failure) 11.113: [DefNew: 960K->63K(960K), 0.0044444 secs] 384890K->384885K(1048512K), 0.0045269 secs] [Times: user=0.00 sys=0.00, real=0.01 secs] 
11.140: [GC (Allocation Failure) 11.140: [DefNew: 959K->63K(960K), 0.0035576 secs] 385781K->385778K(1048512K), 0.0036095 secs] [Times: user=0.01 sys=0.00, real=0.01 secs] 
11.166: [GC (Allocation Failure) 11.166: [DefNew: 959K->64K(960K), 0.0037849 secs] 386674K->386671K(1048512K), 0.0038347 secs] [Times: user=0.00 sys=0.00, real=0.00 secs] 
11.192: [GC (Allocation Failure) 11.192: [DefNew: 960K->63K(960K), 0.0037078 secs] 387567K->387563K(1048512K), 0.0037543 secs] [Times: user=0.00 sys=0.00, real=0.01 secs] 
11.219: [GC (Allocation Failure) 11.219: [DefNew: 959K->63K(960K), 0.0036630 secs] 388459K->388452K(1048512K), 0.0037144 secs] [Times: user=0.01 sys=0.00, real=0.00 secs] 
11.245: [GC (Allocation Failure) 11.245: [DefNew: 959K->63K(960K), 0.0035646 secs] 389348K->389344K(1048512K), 0.0036114 secs] [Times: user=0.00 sys=0.00, real=0.00 secs] 
11.270: [GC (Allocation Failure) 11.270: [DefNew: 959K->64K(960K), 0.0033426 secs] 390240K->390236K(1048512K), 0.0033972 secs] [Times: user=0.01 sys=0.00, real=0.01 secs] 
11.297: [GC (Allocation Failure) 11.297: [DefNew: 960K->63K(960K), 0.0036817 secs] 391132K->391130K(1048512K), 0.0037273 secs] [Times: user=0.00 sys=0.00, real=0.00 secs] 
11.323: [GC (Allocation Failure) 11.323: [DefNew: 959K->63K(960K), 0.0091265 secs] 392026K->392021K(1048512K), 0.0092989 secs] [Times: user=0.01 sys=0.01, real=0.01 secs] 
11.354: [GC (Allocation Failure) 11.354: [DefNew: 959K->64K(960K), 0.0036393 secs] 392917K->392914K(1048512K), 0.0036957 secs] [Times: user=0.00 sys=0.00, real=0.00 secs] 
11.378: [GC (Allocation Failure) 11.378: [DefNew: 960K->63K(960K), 0.0035432 secs] 393810K->393809K(1048512K), 0.0035891 secs] [Times: user=0.01 sys=0.00, real=0.00 secs] 
11.404: [GC (Allocation Failure) 11.404: [DefNew: 959K->64K(960K), 0.0033548 secs] 394705K->394702K(1048512K), 0.0033973 secs] [Times: user=0.00 sys=0.00, real=0.00 secs] 
11.429: [GC (Allocation Failure) 11.429: [DefNew: 960K->63K(960K), 0.0040756 secs] 395598K->395594K(1048512K), 0.0041174 secs] [Times: user=0.01 sys=0.00, real=0.01 secs] 
11.456: [GC (Allocation Failure) 11.456: [DefNew: 959K->63K(960K), 0.0036331 secs] 396490K->396489K(1048512K), 0.0036737 secs] [Times: user=0.00 sys=0.00, real=0.00 secs] 
11.481: [GC (Allocation Failure) 11.481: [DefNew: 959K->64K(960K), 0.0036185 secs] 397385K->397381K(1048512K), 0.0036626 secs] [Times: user=0.00 sys=0.00, real=0.01 secs] 
11.508: [GC (Allocation Failure) 11.508: [DefNew: 960K->63K(960K), 0.0034810 secs] 398277K->398273K(1048512K), 0.0035308 secs] [Times: user=0.00 sys=0.00, real=0.00 secs] 
11.534: [GC (Allocation Failure) 11.534: [DefNew: 959K->63K(960K), 0.0057689 secs] 399169K->399165K(1048512K), 0.0058747 secs] [Times: user=0.01 sys=0.00, real=0.00 secs] 
11.561: [GC (Allocation Failure) 11.561: [DefNew: 959K->63K(960K), 0.0058077 secs] 400061K->400059K(1048512K), 0.0059170 secs] [Times: user=0.00 sys=0.00, real=0.01 secs] 
11.590: [GC (Allocation Failure) 11.590: [DefNew: 959K->63K(960K), 0.0033488 secs] 400955K->400951K(1048512K), 0.0033890 secs] [Times: user=0.01 sys=0.01, real=0.01 secs] 
11.616: [GC (Allocation Failure) 11.616: [DefNew: 959K->63K(960K), 0.0035384 secs] 401847K->401843K(1048512K), 0.0035849 secs] [Times: user=0.00 sys=0.00, real=0.00 secs] 
11.641: [GC (Allocation Failure) 11.641: [DefNew: 959K->64K(960K), 0.0034568 secs] 402739K->402735K(1048512K), 0.0034977 secs] [Times: user=0.00 sys=0.00, real=0.01 secs] 
11.668: [GC (Allocation Failure) 11.668: [DefNew: 960K->63K(960K), 0.0036763 secs] 403631K->403628K(1048512K), 0.0037221 secs] [Times: user=0.00 sys=0.00, real=0.00 secs] 
11.695: [GC (Allocation Failure) 11.695: [DefNew: 959K->63K(960K), 0.0035491 secs] 404524K->404520K(1048512K), 0.0036021 secs] [Times: user=0.00 sys=0.00, real=0.00 secs] 
11.719: [GC (Allocation Failure) 11.719: [DefNew: 959K->64K(960K), 0.0039098 secs] 405416K->405412K(1048512K), 0.0039553 secs] [Times: user=0.01 sys=0.00, real=0.01 secs] 
11.744: [GC (Allocation Failure) 11.744: [DefNew: 960K->63K(960K), 0.0117901 secs] 406308K->406304K(1048512K), 0.0119542 secs] [Times: user=0.01 sys=0.00, real=0.01 secs] 
11.778: [GC (Allocation Failure) 11.778: [DefNew: 959K->64K(960K), 0.0036247 secs] 407200K->407199K(1048512K), 0.0036716 secs] [Times: user=0.00 sys=0.00, real=0.00 secs] 
11.804: [GC (Allocation Failure) 11.804: [DefNew: 960K->64K(960K), 0.0038347 secs] 408095K->408090K(1048512K), 0.0038844 secs] [Times: user=0.00 sys=0.00, real=0.00 secs] 
11.831: [GC (Allocation Failure) 11.831: [DefNew: 960K->63K(960K), 0.0036351 secs] 408986K->408982K(1048512K), 0.0036787 secs] [Times: user=0.00 sys=0.00, real=0.01 secs] 
11.855: [GC (Allocation Failure) 11.855: [DefNew: 959K->63K(960K), 0.0036043 secs] 409878K->409872K(1048512K), 0.0036602 secs] [Times: user=0.00 sys=0.00, real=0.00 secs] 
11.882: [GC (Allocation Failure) 11.882: [DefNew: 959K->63K(960K), 0.0035386 secs] 410768K->410765K(1048512K), 0.0035974 secs] [Times: user=0.01 sys=0.00, real=0.01 secs] 
11.908: [GC (Allocation Failure) 11.908: [DefNew: 959K->64K(960K), 0.0036867 secs] 411661K->411656K(1048512K), 0.0037280 secs] [Times: user=0.00 sys=0.00, real=0.00 secs] 
11.933: [GC (Allocation Failure) 11.933: [DefNew: 960K->63K(960K), 0.0036902 secs] 412552K->412548K(1048512K), 0.0037611 secs] [Times: user=0.01 sys=0.00, real=0.01 secs] 
11.959: [GC (Allocation Failure) 11.960: [DefNew: 959K->63K(960K), 0.0033681 secs] 413444K->413437K(1048512K), 0.0034132 secs] [Times: user=0.00 sys=0.00, real=0.00 secs] 
11.986: [GC (Allocation Failure) 11.986: [DefNew: 959K->63K(960K), 0.0041431 secs] 414333K->414331K(1048512K), 0.0041882 secs] [Times: user=0.01 sys=0.00, real=0.00 secs] 
12.013: [GC (Allocation Failure) 12.013: [DefNew: 959K->64K(960K), 0.0034500 secs] 415227K->415225K(1048512K), 0.0034929 secs] [Times: user=0.00 sys=0.00, real=0.01 secs] 
12.040: [GC (Allocation Failure) 12.040: [DefNew: 960K->64K(960K), 0.0038162 secs] 416121K->416118K(1048512K), 0.0038688 secs] [Times: user=0.00 sys=0.00, real=0.01 secs] 
12.065: [GC (Allocation Failure) 12.065: [DefNew: 960K->63K(960K), 0.0062853 secs] 417014K->417008K(1048512K), 0.0064132 secs] [Times: user=0.00 sys=0.00, real=0.00 secs] 
12.092: [GC (Allocation Failure) 12.092: [DefNew: 959K->63K(960K), 0.0036777 secs] 417904K->417902K(1048512K), 0.0037231 secs] [Times: user=0.01 sys=0.00, real=0.01 secs] 
12.119: [GC (Allocation Failure) 12.119: [DefNew: 959K->64K(960K), 0.0040273 secs] 418798K->418795K(1048512K), 0.0040761 secs] [Times: user=0.00 sys=0.01, real=0.01 secs] 
12.146: [GC (Allocation Failure) 12.146: [DefNew: 960K->64K(960K), 0.0036654 secs] 419691K->419689K(1048512K), 0.0037148 secs] [Times: user=0.01 sys=0.00, real=0.00 secs] 
12.171: [GC (Allocation Failure) 12.171: [DefNew: 960K->63K(960K), 0.0040223 secs] 420585K->420578K(1048512K), 0.0040744 secs] [Times: user=0.00 sys=0.00, real=0.01 secs] 
12.198: [GC (Allocation Failure) 12.198: [DefNew: 959K->64K(960K), 0.0035570 secs] 421474K->421473K(1048512K), 0.0035990 secs] [Times: user=0.00 sys=0.00, real=0.00 secs] 
12.224: [GC (Allocation Failure) 12.224: [DefNew: 960K->63K(960K), 0.0036352 secs] 422369K->422366K(1048512K), 0.0036891 secs] [Times: user=0.01 sys=0.00, real=0.00 secs] 
12.250: [GC (Allocation Failure) 12.250: [DefNew: 959K->63K(960K), 0.0036461 secs] 423262K->423260K(1048512K), 0.0036900 secs] [Times: user=0.00 sys=0.00, real=0.01 secs] 
12.276: [GC (Allocation Failure) 12.276: [DefNew: 959K->64K(960K), 0.0036878 secs] 424156K->424149K(1048512K), 0.0037641 secs] [Times: user=0.01 sys=0.00, real=0.00 secs] 
12.301: [GC (Allocation Failure) 12.301: [DefNew: 960K->63K(960K), 0.0038450 secs] 425045K->425043K(1048512K), 0.0038948 secs] [Times: user=0.00 sys=0.00, real=0.01 secs] 
12.327: [GC (Allocation Failure) 12.327: [DefNew: 959K->63K(960K), 0.0044664 secs] 425939K->425937K(1048512K), 0.0045106 secs] [Times: user=0.01 sys=0.00, real=0.00 secs] 
12.355: [GC (Allocation Failure) 12.355: [DefNew: 959K->63K(960K), 0.0037188 secs] 426833K->426831K(1048512K), 0.0037906 secs] [Times: user=0.00 sys=0.00, real=0.00 secs] 
12.381: [GC (Allocation Failure) 12.381: [DefNew: 959K->63K(960K), 0.0035758 secs] 427727K->427720K(1048512K), 0.0036208 secs] [Times: user=0.01 sys=0.00, real=0.01 secs] 
12.408: [GC (Allocation Failure) 12.408: [DefNew: 959K->64K(960K), 0.0038594 secs] 428616K->428614K(1048512K), 0.0039350 secs] [Times: user=0.00 sys=0.01, real=0.00 secs] 
12.433: [GC (Allocation Failure) 12.433: [DefNew: 960K->63K(960K), 0.0036170 secs] 429510K->429508K(1048512K), 0.0036624 secs] [Times: user=0.00 sys=0.00, real=0.00 secs] 
12.459: [GC (Allocation Failure) 12.459: [DefNew: 959K->64K(960K), 0.0040479 secs] 430404K->430401K(1048512K), 0.0041074 secs] [Times: user=0.00 sys=0.00, real=0.00 secs] 
12.485: [GC (Allocation Failure) 12.486: [DefNew: 960K->63K(960K), 0.0049370 secs] 431297K->431290K(1048512K), 0.0050274 secs] [Times: user=0.01 sys=0.00, real=0.00 secs] 
12.511: [GC (Allocation Failure) 12.511: [DefNew: 959K->64K(960K), 0.0037858 secs] 432186K->432185K(1048512K), 0.0038337 secs] [Times: user=0.00 sys=0.00, real=0.01 secs] 
12.536: [GC (Allocation Failure) 12.536: [DefNew: 960K->63K(960K), 0.0036972 secs] 433081K->433078K(1048512K), 0.0037424 secs] [Times: user=0.01 sys=0.00, real=0.00 secs] 
12.563: [GC (Allocation Failure) 12.563: [DefNew: 959K->63K(960K), 0.0066935 secs] 433974K->433972K(1048512K), 0.0068696 secs] [Times: user=0.00 sys=0.00, real=0.00 secs] 
12.593: [GC (Allocation Failure) 12.593: [DefNew: 959K->63K(960K), 0.0034956 secs] 434868K->434861K(1048512K), 0.0035424 secs] [Times: user=0.01 sys=0.00, real=0.00 secs] 
12.618: [GC (Allocation Failure) 12.618: [DefNew: 959K->63K(960K), 0.0045596 secs] 435757K->435755K(1048512K), 0.0046160 secs] [Times: user=0.00 sys=0.00, real=0.00 secs] 
12.645: [GC (Allocation Failure) 12.645: [DefNew: 959K->63K(960K), 0.0040240 secs] 436651K->436649K(1048512K), 0.0040839 secs] [Times: user=0.01 sys=0.00, real=0.00 secs] 
12.672: [GC (Allocation Failure) 12.672: [DefNew: 959K->64K(960K), 0.0087538 secs] 437545K->437543K(1048512K), 0.0089264 secs] [Times: user=0.00 sys=0.01, real=0.01 secs] 
12.703: [GC (Allocation Failure) 12.703: [DefNew: 960K->63K(960K), 0.0040154 secs] 438439K->438432K(1048512K), 0.0040675 secs] [Times: user=0.00 sys=0.00, real=0.01 secs] 
12.729: [GC (Allocation Failure) 12.729: [DefNew: 959K->63K(960K), 0.0037992 secs] 439328K->439326K(1048512K), 0.0038408 secs] [Times: user=0.00 sys=0.00, real=0.00 secs] 
12.754: [GC (Allocation Failure) 12.754: [DefNew: 959K->63K(960K), 0.0037608 secs] 440222K->440220K(1048512K), 0.0038057 secs] [Times: user=0.01 sys=0.00, real=0.00 secs] 
12.780: [GC (Allocation Failure) 12.780: [DefNew: 959K->63K(960K), 0.0037799 secs] 441116K->441114K(1048512K), 0.0038252 secs] [Times: user=0.00 sys=0.00, real=0.01 secs] 
12.806: [GC (Allocation Failure) 12.806: [DefNew: 959K->63K(960K), 0.0035648 secs] 442010K->442003K(1048512K), 0.0036182 secs] [Times: user=0.01 sys=0.00, real=0.00 secs] 
12.833: [GC (Allocation Failure) 12.833: [DefNew: 959K->63K(960K), 0.0034950 secs] 442899K->442897K(1048512K), 0.0035404 secs] [Times: user=0.00 sys=0.00, real=0.00 secs] 
12.859: [GC (Allocation Failure) 12.859: [DefNew: 959K->63K(960K), 0.0037157 secs] 443793K->443791K(1048512K), 0.0037622 secs] [Times: user=0.00 sys=0.00, real=0.00 secs] 
12.886: [GC (Allocation Failure) 12.886: [DefNew: 959K->64K(960K), 0.0040034 secs] 444687K->444684K(1048512K), 0.0040530 secs] [Times: user=0.00 sys=0.00, real=0.00 secs] 
12.911: [GC (Allocation Failure) 12.911: [DefNew: 960K->63K(960K), 0.0038625 secs] 445580K->445573K(1048512K), 0.0039302 secs] [Times: user=0.01 sys=0.00, real=0.01 secs] 
12.937: [GC (Allocation Failure) 12.937: [DefNew: 959K->63K(960K), 0.0040390 secs] 446469K->446468K(1048512K), 0.0040937 secs] [Times: user=0.00 sys=0.01, real=0.00 secs] 
12.964: [GC (Allocation Failure) 12.964: [DefNew: 959K->63K(960K), 0.0037199 secs] 447364K->447361K(1048512K), 0.0037779 secs] [Times: user=0.00 sys=0.00, real=0.00 secs] 
12.989: [GC (Allocation Failure) 12.989: [DefNew: 959K->63K(960K), 0.0045423 secs] 448257K->448255K(1048512K), 0.0045878 secs] [Times: user=0.00 sys=0.00, real=0.01 secs] 
13.017: [GC (Allocation Failure) 13.017: [DefNew: 959K->63K(960K), 0.0034399 secs] 449151K->449144K(1048512K), 0.0034850 secs] [Times: user=0.00 sys=0.00, real=0.00 secs] 
13.044: [GC (Allocation Failure) 13.044: [DefNew: 959K->63K(960K), 0.0036294 secs] 450040K->450038K(1048512K), 0.0036756 secs] [Times: user=0.01 sys=0.00, real=0.00 secs] 
13.069: [GC (Allocation Failure) 13.069: [DefNew: 959K->63K(960K), 0.0077928 secs] 450934K->450932K(1048512K), 0.0079891 secs] [Times: user=0.01 sys=0.00, real=0.01 secs] 
13.099: [GC (Allocation Failure) 13.099: [DefNew: 959K->63K(960K), 0.0088715 secs] 451828K->451823K(1048512K), 0.0089532 secs] [Times: user=0.00 sys=0.00, real=0.01 secs] 
13.131: [GC (Allocation Failure) 13.131: [DefNew: 959K->64K(960K), 0.0035690 secs] 452719K->452715K(1048512K), 0.0036124 secs] [Times: user=0.00 sys=0.00, real=0.01 secs] 
13.156: [GC (Allocation Failure) 13.156: [DefNew: 960K->63K(960K), 0.0036428 secs] 453611K->453606K(1048512K), 0.0036893 secs] [Times: user=0.00 sys=0.00, real=0.00 secs] 
13.182: [GC (Allocation Failure) 13.182: [DefNew: 959K->63K(960K), 0.0035947 secs] 454502K->454498K(1048512K), 0.0036393 secs] [Times: user=0.01 sys=0.00, real=0.01 secs] 
13.209: [GC (Allocation Failure) 13.209: [DefNew: 959K->63K(960K), 0.0036924 secs] 455394K->455387K(1048512K), 0.0037393 secs] [Times: user=0.00 sys=0.00, real=0.01 secs] 
13.235: [GC (Allocation Failure) 13.235: [DefNew: 959K->63K(960K), 0.0037470 secs] 456283K->456281K(1048512K), 0.0037922 secs] [Times: user=0.01 sys=0.00, real=0.00 secs] 
13.292: [GC (Allocation Failure) 13.292: [DefNew: 959K->63K(960K), 0.0299097 secs] 465369K->465367K(1048512K), 0.0299796 secs] [Times: user=0.03 sys=0.00, real=0.03 secs] 
13.343: [GC (Allocation Failure) 13.343: [DefNew: 959K->63K(960K), 0.0035678 secs] 466263K->466256K(1048512K), 0.0036144 secs] [Times: user=0.01 sys=0.00, real=0.00 secs] 
13.369: [GC (Allocation Failure) 13.369: [DefNew: 959K->63K(960K), 0.0035335 secs] 467152K->467147K(1048512K), 0.0035898 secs] [Times: user=0.00 sys=0.00, real=0.01 secs] 
13.396: [GC (Allocation Failure) 13.396: [DefNew: 959K->64K(960K), 0.0033939 secs] 468043K->468037K(1048512K), 0.0034414 secs] [Times: user=0.00 sys=0.00, real=0.00 secs] 
13.421: [GC (Allocation Failure) 13.421: [DefNew: 960K->63K(960K), 0.0041076 secs] 468933K->468929K(1048512K), 0.0041770 secs] [Times: user=0.00 sys=0.00, real=0.01 secs] 
13.448: [GC (Allocation Failure) 13.448: [DefNew: 959K->64K(960K), 0.0035771 secs] 469825K->469818K(1048512K), 0.0036191 secs] [Times: user=0.00 sys=0.00, real=0.00 secs] 
13.474: [GC (Allocation Failure) 13.474: [DefNew: 960K->63K(960K), 0.0034552 secs] 470714K->470712K(1048512K), 0.0035036 secs] [Times: user=0.00 sys=0.00, real=0.00 secs] 
13.498: [GC (Allocation Failure) 13.498: [DefNew: 959K->63K(960K), 0.0034837 secs] 471608K->471606K(1048512K), 0.0035309 secs] [Times: user=0.00 sys=0.00, real=0.00 secs] 
13.525: [GC (Allocation Failure) 13.525: [DefNew: 959K->64K(960K), 0.0065341 secs] 472502K->472500K(1048512K), 0.0066222 secs] [Times: user=0.01 sys=0.00, real=0.00 secs] 
13.554: [GC (Allocation Failure) 13.554: [DefNew: 960K->63K(960K), 0.0037232 secs] 473396K->473389K(1048512K), 0.0037973 secs] [Times: user=0.00 sys=0.00, real=0.00 secs] 
13.579: [GC (Allocation Failure) 13.579: [DefNew: 959K->64K(960K), 0.0035557 secs] 474285K->474283K(1048512K), 0.0036033 secs] [Times: user=0.01 sys=0.00, real=0.00 secs] 
13.606: [GC (Allocation Failure) 13.606: [DefNew: 960K->63K(960K), 0.0036229 secs] 475179K->475177K(1048512K), 0.0036688 secs] [Times: user=0.00 sys=0.00, real=0.00 secs] 
13.632: [GC (Allocation Failure) 13.632: [DefNew: 959K->63K(960K), 0.0034666 secs] 476073K->476070K(1048512K), 0.0035077 secs] [Times: user=0.01 sys=0.00, real=0.01 secs] 
13.657: [GC (Allocation Failure) 13.657: [DefNew: 959K->63K(960K), 0.0032836 secs] 476966K->476959K(1048512K), 0.0033274 secs] [Times: user=0.00 sys=0.00, real=0.00 secs] 
13.684: [GC (Allocation Failure) 13.684: [DefNew: 959K->64K(960K), 0.0032609 secs] 477855K->477854K(1048512K), 0.0033034 secs] [Times: user=0.00 sys=0.01, real=0.00 secs] 
13.710: [GC (Allocation Failure) 13.710: [DefNew: 960K->63K(960K), 0.0035396 secs] 478750K->478747K(1048512K), 0.0035938 secs] [Times: user=0.01 sys=0.00, real=0.01 secs] 
13.733: [GC (Allocation Failure) 13.733: [DefNew: 959K->63K(960K), 0.0040813 secs] 479643K->479641K(1048512K), 0.0041753 secs] [Times: user=0.00 sys=0.00, real=0.01 secs] 
13.759: [GC (Allocation Failure) 13.759: [DefNew: 959K->63K(960K), 0.0034400 secs] 480537K->480530K(1048512K), 0.0034851 secs] [Times: user=0.01 sys=0.00, real=0.00 secs] 
13.784: [GC (Allocation Failure) 13.784: [DefNew: 959K->63K(960K), 0.0034442 secs] 481426K->481424K(1048512K), 0.0034893 secs] [Times: user=0.00 sys=0.00, real=0.00 secs] 
13.810: [GC (Allocation Failure) 13.810: [DefNew: 959K->63K(960K), 0.0034306 secs] 482320K->482318K(1048512K), 0.0034774 secs] [Times: user=0.01 sys=0.00, real=0.01 secs] 
13.837: [GC (Allocation Failure) 13.837: [DefNew: 959K->63K(960K), 0.0036005 secs] 483214K->483212K(1048512K), 0.0036551 secs] [Times: user=0.00 sys=0.00, real=0.00 secs] 
13.862: [GC (Allocation Failure) 13.862: [DefNew: 959K->64K(960K), 0.0035454 secs] 484108K->484101K(1048512K), 0.0035912 secs] [Times: user=0.00 sys=0.00, real=0.01 secs] 
13.889: [GC (Allocation Failure) 13.889: [DefNew: 960K->63K(960K), 0.0036302 secs] 484997K->484995K(1048512K), 0.0036893 secs] [Times: user=0.01 sys=0.00, real=0.00 secs] 
13.915: [GC (Allocation Failure) 13.915: [DefNew: 959K->64K(960K), 0.0039889 secs] 485891K->485889K(1048512K), 0.0040606 secs] [Times: user=0.00 sys=0.00, real=0.00 secs] 
13.940: [GC (Allocation Failure) 13.941: [DefNew: 960K->63K(960K), 0.0035684 secs] 486785K->486782K(1048512K), 0.0036215 secs] [Times: user=0.01 sys=0.00, real=0.01 secs] 
13.967: [GC (Allocation Failure) 13.967: [DefNew: 959K->63K(960K), 0.0050205 secs] 487678K->487672K(1048512K), 0.0050728 secs] [Times: user=0.00 sys=0.01, real=0.00 secs] 
13.995: [GC (Allocation Failure) 13.995: [DefNew: 959K->64K(960K), 0.0035785 secs] 488568K->488566K(1048512K), 0.0036320 secs] [Times: user=0.01 sys=0.00, real=0.00 secs] 
14.020: [GC (Allocation Failure) 14.020: [DefNew: 960K->63K(960K), 0.0042249 secs] 489462K->489460K(1048512K), 0.0042778 secs] [Times: user=0.00 sys=0.00, real=0.01 secs] 
14.047: [GC (Allocation Failure) 14.047: [DefNew: 959K->63K(960K), 0.0034996 secs] 490356K->490353K(1048512K), 0.0035453 secs] [Times: user=0.01 sys=0.00, real=0.00 secs] 
14.073: [GC (Allocation Failure) 14.073: [DefNew: 959K->63K(960K), 0.0069723 secs] 491249K->491242K(1048512K), 0.0070526 secs] [Times: user=0.00 sys=0.00, real=0.00 secs] 
14.101: [GC (Allocation Failure) 14.101: [DefNew: 959K->63K(960K), 0.0034472 secs] 492138K->492137K(1048512K), 0.0034959 secs] [Times: user=0.01 sys=0.00, real=0.01 secs] 
14.127: [GC (Allocation Failure) 14.127: [DefNew: 959K->64K(960K), 0.0041411 secs] 493033K->493030K(1048512K), 0.0042043 secs] [Times: user=0.00 sys=0.00, real=0.00 secs] 
14.155: [GC (Allocation Failure) 14.155: [DefNew: 960K->64K(960K), 0.0094792 secs] 493926K->493924K(1048512K), 0.0097287 secs] [Times: user=0.01 sys=0.00, real=0.01 secs] 
14.186: [GC (Allocation Failure) 14.186: [DefNew: 960K->64K(960K), 0.0038199 secs] 494820K->494813K(1048512K), 0.0038702 secs] [Times: user=0.00 sys=0.00, real=0.00 secs] 
14.213: [GC (Allocation Failure) 14.213: [DefNew: 960K->63K(960K), 0.0033263 secs] 495709K->495707K(1048512K), 0.0033892 secs] [Times: user=0.00 sys=0.00, real=0.01 secs] 
14.239: [GC (Allocation Failure) 14.239: [DefNew: 959K->63K(960K), 0.0037435 secs] 496603K->496601K(1048512K), 0.0037895 secs] [Times: user=0.00 sys=0.00, real=0.00 secs] 
14.264: [GC (Allocation Failure) 14.264: [DefNew: 959K->64K(960K), 0.0039219 secs] 497497K->497495K(1048512K), 0.0039759 secs] [Times: user=0.01 sys=0.00, real=0.00 secs] 
14.291: [GC (Allocation Failure) 14.291: [DefNew: 960K->63K(960K), 0.0034982 secs] 498391K->498384K(1048512K), 0.0035837 secs] [Times: user=0.00 sys=0.00, real=0.01 secs] 
14.317: [GC (Allocation Failure) 14.317: [DefNew: 959K->63K(960K), 0.0034435 secs] 499280K->499278K(1048512K), 0.0034870 secs] [Times: user=0.01 sys=0.00, real=0.00 secs] 
14.342: [GC (Allocation Failure) 14.342: [DefNew: 959K->63K(960K), 0.0041250 secs] 500174K->500172K(1048512K), 0.0041829 secs] [Times: user=0.00 sys=0.00, real=0.01 secs] 
14.369: [GC (Allocation Failure) 14.369: [DefNew: 959K->64K(960K), 0.0069293 secs] 501068K->501065K(1048512K), 0.0070236 secs] [Times: user=0.01 sys=0.00, real=0.01 secs] 
14.398: [GC (Allocation Failure) 14.398: [DefNew: 960K->63K(960K), 0.0035753 secs] 501961K->501954K(1048512K), 0.0036187 secs] [Times: user=0.00 sys=0.00, real=0.00 secs] 
14.424: [GC (Allocation Failure) 14.424: [DefNew: 959K->64K(960K), 0.0035057 secs] 502850K->502849K(1048512K), 0.0035526 secs] [Times: user=0.01 sys=0.00, real=0.00 secs] 
14.451: [GC (Allocation Failure) 14.451: [DefNew: 960K->64K(960K), 0.0036825 secs] 503745K->503742K(1048512K), 0.0037308 secs] [Times: user=0.00 sys=0.00, real=0.01 secs] 
14.475: [GC (Allocation Failure) 14.475: [DefNew: 960K->64K(960K), 0.0043084 secs] 504638K->504636K(1048512K), 0.0043536 secs] [Times: user=0.00 sys=0.00, real=0.00 secs] 
14.503: [GC (Allocation Failure) 14.503: [DefNew: 960K->63K(960K), 0.0033525 secs] 505532K->505525K(1048512K), 0.0034124 secs] [Times: user=0.00 sys=0.00, real=0.00 secs] 
14.530: [GC (Allocation Failure) 14.530: [DefNew: 959K->63K(960K), 0.0034149 secs] 506421K->506419K(1048512K), 0.0034570 secs] [Times: user=0.00 sys=0.00, real=0.01 secs] 
14.555: [GC (Allocation Failure) 14.555: [DefNew: 959K->63K(960K), 0.0035038 secs] 507315K->507313K(1048512K), 0.0035551 secs] [Times: user=0.01 sys=0.00, real=0.00 secs] 
14.581: [GC (Allocation Failure) 14.581: [DefNew: 959K->63K(960K), 0.0118948 secs] 508209K->508207K(1048512K), 0.0120303 secs] [Times: user=0.01 sys=0.00, real=0.02 secs] 
14.616: [GC (Allocation Failure) 14.616: [DefNew: 959K->63K(960K), 0.0037846 secs] 509103K->509096K(1048512K), 0.0038295 secs] [Times: user=0.00 sys=0.00, real=0.00 secs] 
14.641: [GC (Allocation Failure) 14.641: [DefNew: 959K->64K(960K), 0.0035143 secs] 509992K->509990K(1048512K), 0.0035601 secs] [Times: user=0.00 sys=0.00, real=0.01 secs] 
14.667: [GC (Allocation Failure) 14.667: [DefNew: 960K->64K(960K), 0.0034785 secs] 510886K->510884K(1048512K), 0.0035210 secs] [Times: user=0.00 sys=0.00, real=0.00 secs] 
14.693: [GC (Allocation Failure) 14.693: [DefNew: 960K->63K(960K), 0.0035194 secs] 511780K->511778K(1048512K), 0.0035699 secs] [Times: user=0.00 sys=0.00, real=0.00 secs] 
14.719: [GC (Allocation Failure) 14.719: [DefNew: 959K->64K(960K), 0.0039234 secs] 512674K->512667K(1048512K), 0.0039795 secs] [Times: user=0.01 sys=0.01, real=0.00 secs] 
14.743: [GC (Allocation Failure) 14.743: [DefNew: 960K->63K(960K), 0.0033821 secs] 513563K->513561K(1048512K), 0.0034257 secs] [Times: user=0.00 sys=0.00, real=0.01 secs] 
14.769: [GC (Allocation Failure) 14.769: [DefNew: 959K->63K(960K), 0.0036378 secs] 514457K->514455K(1048512K), 0.0036830 secs] [Times: user=0.00 sys=0.00, real=0.01 secs] 
14.794: [GC (Allocation Failure) 14.794: [DefNew: 959K->63K(960K), 0.0034380 secs] 515351K->515348K(1048512K), 0.0034843 secs] [Times: user=0.00 sys=0.00, real=0.00 secs] 
14.819: [GC (Allocation Failure) 14.819: [DefNew: 959K->64K(960K), 0.0043324 secs] 516244K->516237K(1048512K), 0.0044251 secs] [Times: user=0.00 sys=0.00, real=0.01 secs] 
14.846: [GC (Allocation Failure) 14.846: [DefNew: 960K->64K(960K), 0.0041570 secs] 517133K->517132K(1048512K), 0.0042073 secs] [Times: user=0.00 sys=0.00, real=0.00 secs] 
14.872: [GC (Allocation Failure) 14.872: [DefNew: 960K->63K(960K), 0.0036847 secs] 518028K->518025K(1048512K), 0.0037322 secs] [Times: user=0.00 sys=0.00, real=0.01 secs] 
14.898: [GC (Allocation Failure) 14.898: [DefNew: 959K->63K(960K), 0.0035772 secs] 518921K->518919K(1048512K), 0.0036200 secs] [Times: user=0.01 sys=0.00, real=0.00 secs] 
14.923: [GC (Allocation Failure) 14.923: [DefNew: 959K->63K(960K), 0.0053121 secs] 519815K->519808K(1048512K), 0.0053597 secs] [Times: user=0.00 sys=0.00, real=0.00 secs] 
14.951: [GC (Allocation Failure) 14.951: [DefNew: 959K->64K(960K), 0.0036683 secs] 520704K->520702K(1048512K), 0.0037230 secs] [Times: user=0.01 sys=0.00, real=0.01 secs] 
14.978: [GC (Allocation Failure) 14.978: [DefNew: 960K->63K(960K), 0.0036329 secs] 521598K->521596K(1048512K), 0.0036794 secs] [Times: user=0.00 sys=0.00, real=0.00 secs] 
15.005: [GC (Allocation Failure) 15.005: [DefNew: 959K->64K(960K), 0.0082606 secs] 522492K->522490K(1048512K), 0.0084003 secs] [Times: user=0.01 sys=0.01, real=0.01 secs] 
15.034: [GC (Allocation Failure) 15.034: [DefNew: 960K->63K(960K), 0.0037045 secs] 523386K->523379K(1048512K), 0.0037541 secs] [Times: user=0.00 sys=0.00, real=0.00 secs] 
15.061: [GC (Allocation Failure) 15.061: [DefNew: 959K->64K(960K), 0.0036472 secs] 524275K->524273K(1048512K), 0.0036940 secs] [Times: user=0.01 sys=0.00, real=0.01 secs] 
15.087: [GC (Allocation Failure) 15.087: [DefNew: 960K->63K(960K), 0.0079004 secs] 525169K->525167K(1048512K), 0.0080530 secs] [Times: user=0.01 sys=0.00, real=0.01 secs] 
15.117: [GC (Allocation Failure) 15.117: [DefNew: 959K->64K(960K), 0.0035726 secs] 526063K->526060K(1048512K), 0.0036154 secs] [Times: user=0.00 sys=0.00, real=0.00 secs] 
15.144: [GC (Allocation Failure) 15.144: [DefNew: 960K->64K(960K), 0.0035714 secs] 526956K->526950K(1048512K), 0.0036338 secs] [Times: user=0.00 sys=0.00, real=0.00 secs] 
15.169: [GC (Allocation Failure) 15.169: [DefNew: 960K->63K(960K), 0.0036486 secs] 527846K->527844K(1048512K), 0.0036985 secs] [Times: user=0.01 sys=0.00, real=0.00 secs] 
15.196: [GC (Allocation Failure) 15.196: [DefNew: 959K->63K(960K), 0.0035910 secs] 528740K->528738K(1048512K), 0.0036355 secs] [Times: user=0.00 sys=0.00, real=0.00 secs] 
15.223: [GC (Allocation Failure) 15.223: [DefNew: 959K->63K(960K), 0.0078620 secs] 529634K->529631K(1048512K), 0.0081450 secs] [Times: user=0.01 sys=0.00, real=0.01 secs] 
15.252: [GC (Allocation Failure) 15.252: [DefNew: 959K->64K(960K), 0.0037032 secs] 530527K->530520K(1048512K), 0.0037521 secs] [Times: user=0.00 sys=0.00, real=0.01 secs] 
15.279: [GC (Allocation Failure) 15.279: [DefNew: 960K->64K(960K), 0.0034238 secs] 531416K->531415K(1048512K), 0.0034702 secs] [Times: user=0.00 sys=0.00, real=0.00 secs] 
15.305: [GC (Allocation Failure) 15.305: [DefNew: 960K->64K(960K), 0.0042533 secs] 532311K->532308K(1048512K), 0.0043039 secs] [Times: user=0.00 sys=0.00, real=0.00 secs] 
15.332: [GC (Allocation Failure) 15.332: [DefNew: 960K->63K(960K), 0.0035134 secs] 533204K->533202K(1048512K), 0.0035610 secs] [Times: user=0.01 sys=0.00, real=0.01 secs] 
15.358: [GC (Allocation Failure) 15.358: [DefNew: 959K->63K(960K), 0.0034742 secs] 534098K->534091K(1048512K), 0.0035311 secs] [Times: user=0.00 sys=0.00, real=0.00 secs] 
15.385: [GC (Allocation Failure) 15.385: [DefNew: 959K->63K(960K), 0.0036332 secs] 534987K->534985K(1048512K), 0.0036769 secs] [Times: user=0.01 sys=0.00, real=0.00 secs] 
15.410: [GC (Allocation Failure) 15.410: [DefNew: 959K->64K(960K), 0.0036367 secs] 535881K->535879K(1048512K), 0.0036869 secs] [Times: user=0.00 sys=0.00, real=0.01 secs] 
15.436: [GC (Allocation Failure) 15.436: [DefNew: 960K->64K(960K), 0.0054015 secs] 536775K->536773K(1048512K), 0.0055030 secs] [Times: user=0.01 sys=0.00, real=0.00 secs] 
15.465: [GC (Allocation Failure) 15.465: [DefNew: 960K->63K(960K), 0.0035562 secs] 537669K->537662K(1048512K), 0.0036122 secs] [Times: user=0.00 sys=0.00, real=0.00 secs] 
15.490: [GC (Allocation Failure) 15.490: [DefNew: 959K->64K(960K), 0.0036229 secs] 538558K->538556K(1048512K), 0.0036685 secs] [Times: user=0.00 sys=0.00, real=0.01 secs] 
15.517: [GC (Allocation Failure) 15.517: [DefNew: 960K->63K(960K), 0.0037043 secs] 539452K->539450K(1048512K), 0.0037545 secs] [Times: user=0.00 sys=0.01, real=0.00 secs] 
15.543: [GC (Allocation Failure) 15.543: [DefNew: 959K->63K(960K), 0.0036461 secs] 540346K->540343K(1048512K), 0.0036929 secs] [Times: user=0.00 sys=0.00, real=0.00 secs] 
15.569: [GC (Allocation Failure) 15.569: [DefNew: 959K->63K(960K), 0.0036443 secs] 541239K->541232K(1048512K), 0.0036905 secs] [Times: user=0.01 sys=0.00, real=0.00 secs] 
15.595: [GC (Allocation Failure) 15.595: [DefNew: 959K->63K(960K), 0.0038676 secs] 542128K->542127K(1048512K), 0.0039400 secs] [Times: user=0.00 sys=0.00, real=0.00 secs] 
15.625: [GC (Allocation Failure) 15.625: [DefNew: 959K->63K(960K), 0.0027471 secs] 543023K->542847K(1048512K), 0.0027925 secs] [Times: user=0.00 sys=0.00, real=0.00 secs] 
15.651: [GC (Allocation Failure) 15.651: [DefNew: 959K->63K(960K), 0.0087343 secs] 543743K->543740K(1048512K), 0.0088403 secs] [Times: user=0.00 sys=0.00, real=0.01 secs] 
15.683: [GC (Allocation Failure) 15.683: [DefNew: 959K->63K(960K), 0.0022858 secs] 544636K->544626K(1048512K), 0.0023316 secs] [Times: user=0.00 sys=0.00, real=0.01 secs] 
15.706: [GC (Allocation Failure) 15.706: [DefNew: 959K->64K(960K), 0.0031927 secs] 545522K->545513K(1048512K), 0.0032740 secs] [Times: user=0.00 sys=0.00, real=0.00 secs] 
15.730: [GC (Allocation Failure) 15.730: [DefNew: 960K->63K(960K), 0.0020901 secs] 546409K->546399K(1048512K), 0.0021327 secs] [Times: user=0.00 sys=0.00, real=0.00 secs] 
15.752: [GC (Allocation Failure) 15.752: [DefNew: 959K->64K(960K), 0.0024028 secs] 547295K->547284K(1048512K), 0.0024506 secs] [Times: user=0.00 sys=0.00, real=0.01 secs] 
15.777: [GC (Allocation Failure) 15.777: [DefNew: 960K->63K(960K), 0.0020165 secs] 548180K->548167K(1048512K), 0.0020580 secs] [Times: user=0.01 sys=0.00, real=0.00 secs] 
15.800: [GC (Allocation Failure) 15.800: [DefNew: 959K->64K(960K), 0.0021221 secs] 549063K->549056K(1048512K), 0.0021689 secs] [Times: user=0.00 sys=0.00, real=0.00 secs] 
15.825: [GC (Allocation Failure) 15.825: [DefNew: 960K->63K(960K), 0.0022433 secs] 549952K->549943K(1048512K), 0.0022858 secs] [Times: user=0.00 sys=0.00, real=0.00 secs] 
15.849: [GC (Allocation Failure) 15.849: [DefNew: 959K->63K(960K), 0.0022908 secs] 550839K->550829K(1048512K), 0.0023367 secs] [Times: user=0.00 sys=0.00, real=0.00 secs] 
15.873: [GC (Allocation Failure) 15.873: [DefNew: 959K->63K(960K), 0.0057629 secs] 551725K->551712K(1048512K), 0.0058904 secs] [Times: user=0.01 sys=0.00, real=0.00 secs] 
15.900: [GC (Allocation Failure) 15.900: [DefNew: 959K->63K(960K), 0.0023457 secs] 552608K->552597K(1048512K), 0.0023862 secs] [Times: user=0.00 sys=0.00, real=0.00 secs] 
15.925: [GC (Allocation Failure) 15.925: [DefNew: 959K->63K(960K), 0.0020902 secs] 553493K->553482K(1048512K), 0.0021437 secs] [Times: user=0.00 sys=0.00, real=0.00 secs] 
15.948: [GC (Allocation Failure) 15.948: [DefNew: 959K->63K(960K), 0.0020453 secs] 554378K->554367K(1048512K), 0.0020851 secs] [Times: user=0.00 sys=0.00, real=0.00 secs] 
15.973: [GC (Allocation Failure) 15.973: [DefNew: 959K->64K(960K), 0.0021729 secs] 555263K->555251K(1048512K), 0.0022204 secs] [Times: user=0.00 sys=0.00, real=0.01 secs] 
15.997: [GC (Allocation Failure) 15.997: [DefNew: 960K->63K(960K), 0.0022153 secs] 556147K->556133K(1048512K), 0.0022596 secs] [Times: user=0.00 sys=0.00, real=0.00 secs] 
16.022: [GC (Allocation Failure) 16.022: [DefNew: 959K->63K(960K), 0.0022855 secs] 557029K->557018K(1048512K), 0.0023310 secs] [Times: user=0.01 sys=0.00, real=0.01 secs] 
16.046: [GC (Allocation Failure) 16.046: [DefNew: 959K->64K(960K), 0.0023321 secs] 557914K->557902K(1048512K), 0.0023759 secs] [Times: user=0.00 sys=0.01, real=0.00 secs] 
16.070: [GC (Allocation Failure) 16.070: [DefNew: 960K->64K(960K), 0.0026371 secs] 558798K->558786K(1048512K), 0.0026897 secs] [Times: user=0.00 sys=0.00, real=0.01 secs] 
16.094: [GC (Allocation Failure) 16.094: [DefNew: 960K->63K(960K), 0.0070850 secs] 559682K->559669K(1048512K), 0.0073064 secs] [Times: user=0.01 sys=0.00, real=0.00 secs] 
16.123: [GC (Allocation Failure) 16.123: [DefNew: 959K->63K(960K), 0.0024538 secs] 560565K->560553K(1048512K), 0.0025138 secs] [Times: user=0.00 sys=0.00, real=0.01 secs] 
16.145: [GC (Allocation Failure) 16.145: [DefNew: 959K->64K(960K), 0.0022456 secs] 561449K->561437K(1048512K), 0.0022940 secs] [Times: user=0.00 sys=0.00, real=0.00 secs] 
16.169: [GC (Allocation Failure) 16.169: [DefNew: 960K->63K(960K), 0.0019814 secs] 562333K->562322K(1048512K), 0.0020236 secs] [Times: user=0.01 sys=0.00, real=0.00 secs] 
16.192: [GC (Allocation Failure) 16.192: [DefNew: 959K->63K(960K), 0.0020284 secs] 563218K->563204K(1048512K), 0.0020712 secs] [Times: user=0.00 sys=0.00, real=0.01 secs] 
16.217: [GC (Allocation Failure) 16.217: [DefNew: 959K->63K(960K), 0.0020237 secs] 564100K->564089K(1048512K), 0.0020680 secs] [Times: user=0.00 sys=0.00, real=0.00 secs] 
16.239: [GC (Allocation Failure) 16.239: [DefNew: 959K->63K(960K), 0.0022003 secs] 564984K->564973K(1048512K), 0.0022439 secs] [Times: user=0.00 sys=0.00, real=0.00 secs] 
16.264: [GC (Allocation Failure) 16.264: [DefNew: 959K->63K(960K), 0.0020941 secs] 565869K->565857K(1048512K), 0.0021400 secs] [Times: user=0.01 sys=0.00, real=0.00 secs] 
16.287: [GC (Allocation Failure) 16.287: [DefNew: 959K->64K(960K), 0.0055518 secs] 566753K->566741K(1048512K), 0.0056663 secs] [Times: user=0.00 sys=0.01, real=0.00 secs] 
16.315: [GC (Allocation Failure) 16.315: [DefNew: 960K->63K(960K), 0.0020661 secs] 567637K->567623K(1048512K), 0.0021073 secs] [Times: user=0.00 sys=0.00, real=0.00 secs] 
16.337: [GC (Allocation Failure) 16.337: [DefNew: 959K->63K(960K), 0.0021388 secs] 568519K->568508K(1048512K), 0.0021830 secs] [Times: user=0.01 sys=0.00, real=0.00 secs] 
16.362: [GC (Allocation Failure) 16.362: [DefNew: 959K->64K(960K), 0.0020311 secs] 569404K->569392K(1048512K), 0.0020902 secs] [Times: user=0.00 sys=0.00, real=0.01 secs] 
16.383: [GC (Allocation Failure) 16.384: [DefNew: 960K->64K(960K), 0.0032717 secs] 570288K->570276K(1048512K), 0.0033315 secs] [Times: user=0.01 sys=0.00, real=0.00 secs] 
16.410: [GC (Allocation Failure) 16.410: [DefNew: 960K->63K(960K), 0.0021344 secs] 571172K->571159K(1048512K), 0.0021771 secs] [Times: user=0.00 sys=0.00, real=0.00 secs] 
16.433: [GC (Allocation Failure) 16.433: [DefNew: 959K->63K(960K), 0.0024799 secs] 572055K->572043K(1048512K), 0.0025408 secs] [Times: user=0.00 sys=0.00, real=0.00 secs] 
16.457: [GC (Allocation Failure) 16.457: [DefNew: 959K->63K(960K), 0.0024775 secs] 572939K->572927K(1048512K), 0.0025186 secs] [Times: user=0.01 sys=0.00, real=0.00 secs] 
16.482: [GC (Allocation Failure) 16.482: [DefNew: 959K->63K(960K), 0.0022814 secs] 573823K->573812K(1048512K), 0.0023299 secs] [Times: user=0.00 sys=0.00, real=0.01 secs] 
16.506: [GC (Allocation Failure) 16.506: [DefNew: 959K->63K(960K), 0.0063038 secs] 574708K->574696K(1048512K), 0.0064974 secs] [Times: user=0.01 sys=0.00, real=0.00 secs] 
16.535: [GC (Allocation Failure) 16.535: [DefNew: 959K->63K(960K), 0.0024116 secs] 575592K->575587K(1048512K), 0.0024570 secs] [Times: user=0.00 sys=0.00, real=0.00 secs] 
16.559: [GC (Allocation Failure) 16.559: [DefNew: 959K->63K(960K), 0.0028430 secs] 576483K->576479K(1048512K), 0.0029036 secs] [Times: user=0.00 sys=0.00, real=0.00 secs] 
16.585: [GC (Allocation Failure) 16.585: [DefNew: 959K->63K(960K), 0.0022863 secs] 577375K->577370K(1048512K), 0.0023312 secs] [Times: user=0.01 sys=0.00, real=0.00 secs] 
16.607: [GC (Allocation Failure) 16.607: [DefNew: 959K->63K(960K), 0.0023068 secs] 578266K->578259K(1048512K), 0.0023546 secs] [Times: user=0.00 sys=0.00, real=0.00 secs] 
16.632: [GC (Allocation Failure) 16.632: [DefNew: 959K->63K(960K), 0.0022921 secs] 579155K->579153K(1048512K), 0.0023382 secs] [Times: user=0.00 sys=0.00, real=0.01 secs] 
16.657: [GC (Allocation Failure) 16.657: [DefNew: 959K->63K(960K), 0.0022180 secs] 580049K->580047K(1048512K), 0.0022647 secs] [Times: user=0.00 sys=0.00, real=0.00 secs] 
16.681: [GC (Allocation Failure) 16.681: [DefNew: 959K->63K(960K), 0.0023073 secs] 580943K->580941K(1048512K), 0.0023627 secs] [Times: user=0.01 sys=0.00, real=0.01 secs] 
16.706: [GC (Allocation Failure) 16.706: [DefNew: 959K->64K(960K), 0.0054586 secs] 581837K->581832K(1048512K), 0.0055898 secs] [Times: user=0.00 sys=0.00, real=0.00 secs] 
16.733: [GC (Allocation Failure) 16.733: [DefNew: 960K->63K(960K), 0.0023353 secs] 582728K->582721K(1048512K), 0.0023802 secs] [Times: user=0.00 sys=0.00, real=0.01 secs] 
16.755: [GC (Allocation Failure) 16.755: [DefNew: 959K->64K(960K), 0.0022133 secs] 583617K->583616K(1048512K), 0.0022589 secs] [Times: user=0.01 sys=0.00, real=0.00 secs] 
16.780: [GC (Allocation Failure) 16.780: [DefNew: 960K->64K(960K), 0.0022697 secs] 584512K->584509K(1048512K), 0.0023172 secs] [Times: user=0.00 sys=0.00, real=0.00 secs] 
16.805: [GC (Allocation Failure) 16.805: [DefNew: 960K->63K(960K), 0.0020493 secs] 585405K->585403K(1048512K), 0.0020928 secs] [Times: user=0.00 sys=0.00, real=0.00 secs] 
16.828: [GC (Allocation Failure) 16.828: [DefNew: 959K->63K(960K), 0.0020788 secs] 586299K->586293K(1048512K), 0.0021214 secs] [Times: user=0.00 sys=0.00, real=0.00 secs] 
16.854: [GC (Allocation Failure) 16.854: [DefNew: 959K->63K(960K), 0.0021275 secs] 587189K->587184K(1048512K), 0.0021696 secs] [Times: user=0.00 sys=0.00, real=0.00 secs] 
16.877: [GC (Allocation Failure) 16.877: [DefNew: 959K->63K(960K), 0.0021105 secs] 588080K->588074K(1048512K), 0.0021573 secs] [Times: user=0.00 sys=0.00, real=0.00 secs] 
16.901: [GC (Allocation Failure) 16.901: [DefNew: 959K->63K(960K), 0.0022136 secs] 588970K->588965K(1048512K), 0.0022563 secs] [Times: user=0.00 sys=0.00, real=0.01 secs] 
16.925: [GC (Allocation Failure) 16.925: [DefNew: 959K->63K(960K), 0.0072215 secs] 589861K->589854K(1048512K), 0.0074374 secs] [Times: user=0.01 sys=0.00, real=0.00 secs] 
16.953: [GC (Allocation Failure) 16.953: [DefNew: 959K->63K(960K), 0.0021540 secs] 590750K->590748K(1048512K), 0.0021970 secs] [Times: user=0.00 sys=0.00, real=0.01 secs] 
16.977: [GC (Allocation Failure) 16.977: [DefNew: 959K->63K(960K), 0.0029375 secs] 591644K->591642K(1048512K), 0.0029858 secs] [Times: user=0.00 sys=0.00, real=0.00 secs] 
17.002: [GC (Allocation Failure) 17.002: [DefNew: 959K->63K(960K), 0.0020124 secs] 592538K->592535K(1048512K), 0.0020564 secs] [Times: user=0.00 sys=0.00, real=0.01 secs] 
17.025: [GC (Allocation Failure) 17.025: [DefNew: 959K->64K(960K), 0.0022123 secs] 593431K->593427K(1048512K), 0.0022592 secs] [Times: user=0.00 sys=0.01, real=0.00 secs] 
17.049: [GC (Allocation Failure) 17.049: [DefNew: 960K->64K(960K), 0.0019164 secs] 594323K->594316K(1048512K), 0.0019702 secs] [Times: user=0.00 sys=0.00, real=0.00 secs] 
17.073: [GC (Allocation Failure) 17.073: [DefNew: 960K->63K(960K), 0.0021372 secs] 595212K->595210K(1048512K), 0.0021835 secs] [Times: user=0.00 sys=0.00, real=0.00 secs] 
17.096: [GC (Allocation Failure) 17.096: [DefNew: 959K->63K(960K), 0.0023827 secs] 596106K->596104K(1048512K), 0.0024287 secs] [Times: user=0.00 sys=0.00, real=0.00 secs] 
17.120: [GC (Allocation Failure) 17.120: [DefNew: 959K->64K(960K), 0.0022734 secs] 597000K->596997K(1048512K), 0.0023264 secs] [Times: user=0.00 sys=0.00, real=0.00 secs] 
17.144: [GC (Allocation Failure) 17.144: [DefNew: 960K->64K(960K), 0.0040494 secs] 597893K->597887K(1048512K), 0.0041276 secs] [Times: user=0.01 sys=0.00, real=0.00 secs] 
17.170: [GC (Allocation Failure) 17.170: [DefNew: 960K->63K(960K), 0.0023572 secs] 598783K->598778K(1048512K), 0.0024013 secs] [Times: user=0.00 sys=0.00, real=0.00 secs] 
17.195: [GC (Allocation Failure) 17.195: [DefNew: 959K->64K(960K), 0.0023443 secs] 599674K->599668K(1048512K), 0.0023929 secs] [Times: user=0.00 sys=0.00, real=0.00 secs] 
17.219: [GC (Allocation Failure) 17.219: [DefNew: 960K->64K(960K), 0.0032585 secs] 600564K->600559K(1048512K), 0.0033129 secs] [Times: user=0.00 sys=0.00, real=0.00 secs] 
17.245: [GC (Allocation Failure) 17.245: [DefNew: 960K->64K(960K), 0.0022535 secs] 601455K->601448K(1048512K), 0.0022955 secs] [Times: user=0.00 sys=0.00, real=0.00 secs] 
17.270: [GC (Allocation Failure) 17.270: [DefNew: 960K->63K(960K), 0.0022733 secs] 602344K->602342K(1048512K), 0.0023192 secs] [Times: user=0.00 sys=0.00, real=0.00 secs] 
17.294: [GC (Allocation Failure) 17.294: [DefNew: 959K->64K(960K), 0.0022003 secs] 603238K->603236K(1048512K), 0.0022545 secs] [Times: user=0.00 sys=0.00, real=0.00 secs] 
17.320: [GC (Allocation Failure) 17.320: [DefNew: 960K->63K(960K), 0.0023779 secs] 604132K->604130K(1048512K), 0.0024282 secs] [Times: user=0.01 sys=0.00, real=0.00 secs] 
17.344: [GC (Allocation Failure) 17.344: [DefNew: 959K->63K(960K), 0.0059707 secs] 605026K->605019K(1048512K), 0.0060580 secs] [Times: user=0.00 sys=0.00, real=0.00 secs] 
17.371: [GC (Allocation Failure) 17.371: [DefNew: 959K->64K(960K), 0.0022631 secs] 605915K->605913K(1048512K), 0.0023142 secs] [Times: user=0.00 sys=0.00, real=0.01 secs] 
17.396: [GC (Allocation Failure) 17.396: [DefNew: 960K->64K(960K), 0.0023690 secs] 606809K->606807K(1048512K), 0.0024164 secs] [Times: user=0.01 sys=0.00, real=0.00 secs] 
17.421: [GC (Allocation Failure) 17.421: [DefNew: 960K->64K(960K), 0.0022265 secs] 607703K->607700K(1048512K), 0.0022697 secs] [Times: user=0.00 sys=0.00, real=0.01 secs] 
17.444: [GC (Allocation Failure) 17.444: [DefNew: 960K->63K(960K), 0.0028494 secs] 608596K->608590K(1048512K), 0.0029189 secs] [Times: user=0.00 sys=0.00, real=0.00 secs] 
17.469: [GC (Allocation Failure) 17.469: [DefNew: 959K->64K(960K), 0.0022323 secs] 609486K->609484K(1048512K), 0.0022738 secs] [Times: user=0.01 sys=0.00, real=0.00 secs] 
17.494: [GC (Allocation Failure) 17.494: [DefNew: 960K->63K(960K), 0.0024082 secs] 610380K->610378K(1048512K), 0.0024668 secs] [Times: user=0.00 sys=0.00, real=0.00 secs] 
17.518: [GC (Allocation Failure) 17.518: [DefNew: 959K->63K(960K), 0.0024027 secs] 611274K->611271K(1048512K), 0.0024488 secs] [Times: user=0.00 sys=0.00, real=0.00 secs] 
17.543: [GC (Allocation Failure) 17.543: [DefNew: 959K->63K(960K), 0.0024042 secs] 612167K->612163K(1048512K), 0.0024470 secs] [Times: user=0.00 sys=0.00, real=0.00 secs] 
17.566: [GC (Allocation Failure) 17.566: [DefNew: 959K->63K(960K), 0.0024438 secs] 613059K->613052K(1048512K), 0.0024861 secs] [Times: user=0.00 sys=0.00, real=0.00 secs] 
17.592: [GC (Allocation Failure) 17.592: [DefNew: 959K->63K(960K), 0.0023802 secs] 613948K->613946K(1048512K), 0.0024230 secs] [Times: user=0.00 sys=0.00, real=0.01 secs] 
17.616: [GC (Allocation Failure) 17.616: [DefNew: 959K->63K(960K), 0.0024444 secs] 614842K->614840K(1048512K), 0.0024897 secs] [Times: user=0.00 sys=0.00, real=0.00 secs] 
17.640: [GC (Allocation Failure) 17.640: [DefNew: 959K->63K(960K), 0.0023044 secs] 615736K->615733K(1048512K), 0.0023474 secs] [Times: user=0.01 sys=0.00, real=0.01 secs] 
17.666: [GC (Allocation Failure) 17.666: [DefNew: 959K->63K(960K), 0.0023789 secs] 616629K->616623K(1048512K), 0.0024378 secs] [Times: user=0.00 sys=0.00, real=0.00 secs] 
17.691: [GC (Allocation Failure) 17.691: [DefNew: 959K->63K(960K), 0.0024955 secs] 617519K->617514K(1048512K), 0.0025423 secs] [Times: user=0.00 sys=0.00, real=0.01 secs] 
17.716: [GC (Allocation Failure) 17.716: [DefNew: 959K->64K(960K), 0.0023437 secs] 618410K->618404K(1048512K), 0.0023872 secs] [Times: user=0.00 sys=0.00, real=0.00 secs] 
17.738: [GC (Allocation Failure) 17.738: [DefNew: 960K->63K(960K), 0.0021365 secs] 619300K->619295K(1048512K), 0.0021824 secs] [Times: user=0.00 sys=0.00, real=0.00 secs] 
17.762: [GC (Allocation Failure) 17.762: [DefNew: 959K->64K(960K), 0.0066527 secs] 620191K->620184K(1048512K), 0.0068230 secs] [Times: user=0.00 sys=0.00, real=0.01 secs] 
17.788: [GC (Allocation Failure) 17.789: [DefNew: 960K->63K(960K), 0.0037870 secs] 621080K->621078K(1048512K), 0.0038460 secs] [Times: user=0.01 sys=0.00, real=0.00 secs] 
17.815: [GC (Allocation Failure) 17.815: [DefNew: 959K->63K(960K), 0.0022702 secs] 621974K->621972K(1048512K), 0.0023142 secs] [Times: user=0.00 sys=0.00, real=0.00 secs] 
17.840: [GC (Allocation Failure) 17.840: [DefNew: 959K->63K(960K), 0.0022923 secs] 622868K->622866K(1048512K), 0.0023480 secs] [Times: user=0.00 sys=0.00, real=0.00 secs] 
17.864: [GC (Allocation Failure) 17.864: [DefNew: 959K->64K(960K), 0.0022953 secs] 623762K->623755K(1048512K), 0.0023484 secs] [Times: user=0.01 sys=0.01, real=0.00 secs] 
17.888: [GC (Allocation Failure) 17.888: [DefNew: 960K->64K(960K), 0.0026754 secs] 624651K->624649K(1048512K), 0.0027264 secs] [Times: user=0.00 sys=0.00, real=0.00 secs] 
17.910: [GC (Allocation Failure) 17.910: [DefNew: 960K->64K(960K), 0.0021568 secs] 625545K->625543K(1048512K), 0.0022033 secs] [Times: user=0.00 sys=0.00, real=0.00 secs] 
17.934: [GC (Allocation Failure) 17.934: [DefNew: 960K->63K(960K), 0.0026394 secs] 626439K->626436K(1048512K), 0.0027078 secs] [Times: user=0.00 sys=0.00, real=0.00 secs] 
17.958: [GC (Allocation Failure) 17.958: [DefNew: 959K->63K(960K), 0.0026120 secs] 627332K->627328K(1048512K), 0.0026611 secs] [Times: user=0.00 sys=0.00, real=0.00 secs] 
17.982: [GC (Allocation Failure) 17.982: [DefNew: 959K->64K(960K), 0.0034406 secs] 628224K->628217K(1048512K), 0.0035284 secs] [Times: user=0.00 sys=0.00, real=0.01 secs] 
18.008: [GC (Allocation Failure) 18.008: [DefNew: 960K->63K(960K), 0.0024985 secs] 629113K->629111K(1048512K), 0.0025489 secs] [Times: user=0.00 sys=0.00, real=0.00 secs] 
18.033: [GC (Allocation Failure) 18.033: [DefNew: 959K->63K(960K), 0.0022833 secs] 630007K->630005K(1048512K), 0.0023242 secs] [Times: user=0.00 sys=0.00, real=0.00 secs] 
18.056: [GC (Allocation Failure) 18.056: [DefNew: 959K->63K(960K), 0.0025471 secs] 630901K->630898K(1048512K), 0.0025880 secs] [Times: user=0.00 sys=0.00, real=0.00 secs] 
18.080: [GC (Allocation Failure) 18.080: [DefNew: 959K->63K(960K), 0.0023369 secs] 631794K->631788K(1048512K), 0.0023799 secs] [Times: user=0.00 sys=0.00, real=0.00 secs] 
18.104: [GC (Allocation Failure) 18.104: [DefNew: 959K->64K(960K), 0.0023205 secs] 632684K->632680K(1048512K), 0.0023619 secs] [Times: user=0.01 sys=0.00, real=0.00 secs] 
18.126: [GC (Allocation Failure) 18.126: [DefNew: 960K->64K(960K), 0.0035077 secs] 633576K->633569K(1048512K), 0.0035770 secs] [Times: user=0.00 sys=0.00, real=0.00 secs] 
18.152: [GC (Allocation Failure) 18.152: [DefNew: 960K->63K(960K), 0.0023662 secs] 634465K->634460K(1048512K), 0.0024137 secs] [Times: user=0.00 sys=0.01, real=0.01 secs] 
18.175: [GC (Allocation Failure) 18.175: [DefNew: 959K->64K(960K), 0.0029227 secs] 635356K->635349K(1048512K), 0.0030004 secs] [Times: user=0.01 sys=0.00, real=0.00 secs] 
18.200: [GC (Allocation Failure) 18.200: [DefNew: 960K->63K(960K), 0.0024051 secs] 636245K->636243K(1048512K), 0.0024506 secs] [Times: user=0.00 sys=0.00, real=0.00 secs] 
18.225: [GC (Allocation Failure) 18.225: [DefNew: 959K->63K(960K), 0.0025602 secs] 637139K->637137K(1048512K), 0.0026104 secs] [Times: user=0.00 sys=0.00, real=0.00 secs] 
18.248: [GC (Allocation Failure) 18.248: [DefNew: 959K->63K(960K), 0.0022478 secs] 638033K->638031K(1048512K), 0.0022933 secs] [Times: user=0.01 sys=0.00, real=0.00 secs] 
18.273: [GC (Allocation Failure) 18.273: [DefNew: 959K->63K(960K), 0.0023374 secs] 638927K->638922K(1048512K), 0.0023814 secs] [Times: user=0.00 sys=0.00, real=0.01 secs] 
18.297: [GC (Allocation Failure) 18.297: [DefNew: 959K->63K(960K), 0.0023173 secs] 639818K->639811K(1048512K), 0.0023709 secs] [Times: user=0.00 sys=0.00, real=0.00 secs] 
18.320: [GC (Allocation Failure) 18.320: [DefNew: 959K->63K(960K), 0.0025553 secs] 640707K->640706K(1048512K), 0.0025950 secs] [Times: user=0.00 sys=0.00, real=0.01 secs] 
18.345: [GC (Allocation Failure) 18.345: [DefNew: 959K->63K(960K), 0.0023881 secs] 641602K->641599K(1048512K), 0.0024353 secs] [Times: user=0.00 sys=0.00, real=0.00 secs] 
18.370: [GC (Allocation Failure) 18.370: [DefNew: 959K->63K(960K), 0.0024604 secs] 642495K->642493K(1048512K), 0.0025055 secs] [Times: user=0.00 sys=0.00, real=0.00 secs] 
18.393: [GC (Allocation Failure) 18.393: [DefNew: 959K->64K(960K), 0.0047797 secs] 643389K->643383K(1048512K), 0.0049093 secs] [Times: user=0.01 sys=0.00, real=0.01 secs] 
18.421: [GC (Allocation Failure) 18.421: [DefNew: 960K->63K(960K), 0.0023963 secs] 644279K->644274K(1048512K), 0.0024413 secs] [Times: user=0.00 sys=0.00, real=0.01 secs] 
18.445: [GC (Allocation Failure) 18.445: [DefNew: 959K->63K(960K), 0.0024361 secs] 645170K->645164K(1048512K), 0.0024825 secs] [Times: user=0.00 sys=0.00, real=0.00 secs] 
18.469: [GC (Allocation Failure) 18.469: [DefNew: 959K->63K(960K), 0.0025619 secs] 646060K->646055K(1048512K), 0.0026054 secs] [Times: user=0.00 sys=0.00, real=0.00 secs] 
18.494: [GC (Allocation Failure) 18.494: [DefNew: 959K->63K(960K), 0.0024363 secs] 646951K->646944K(1048512K), 0.0024819 secs] [Times: user=0.00 sys=0.00, real=0.00 secs] 
18.518: [GC (Allocation Failure) 18.518: [DefNew: 959K->63K(960K), 0.0026536 secs] 647840K->647838K(1048512K), 0.0026966 secs] [Times: user=0.00 sys=0.00, real=0.00 secs] 
18.543: [GC (Allocation Failure) 18.543: [DefNew: 959K->64K(960K), 0.0023392 secs] 648734K->648732K(1048512K), 0.0023830 secs] [Times: user=0.00 sys=0.00, real=0.00 secs] 
18.569: [GC (Allocation Failure) 18.569: [DefNew: 960K->63K(960K), 0.0024561 secs] 649628K->649625K(1048512K), 0.0024998 secs] [Times: user=0.01 sys=0.00, real=0.00 secs] 
18.592: [GC (Allocation Failure) 18.592: [DefNew: 959K->63K(960K), 0.0077723 secs] 650521K->650517K(1048512K), 0.0078795 secs] [Times: user=0.00 sys=0.00, real=0.01 secs] 
18.621: [GC (Allocation Failure) 18.622: [DefNew: 959K->64K(960K), 0.0031236 secs] 651413K->651406K(1048512K), 0.0032113 secs] [Times: user=0.00 sys=0.00, real=0.01 secs] 
18.648: [GC (Allocation Failure) 18.648: [DefNew: 960K->63K(960K), 0.0025966 secs] 652302K->652300K(1048512K), 0.0026413 secs] [Times: user=0.01 sys=0.00, real=0.00 secs] 
18.672: [GC (Allocation Failure) 18.672: [DefNew: 959K->64K(960K), 0.0026125 secs] 653196K->653194K(1048512K), 0.0026605 secs] [Times: user=0.00 sys=0.00, real=0.01 secs] 
18.698: [GC (Allocation Failure) 18.698: [DefNew: 960K->63K(960K), 0.0027142 secs] 654090K->654087K(1048512K), 0.0027733 secs] [Times: user=0.00 sys=0.00, real=0.00 secs] 
18.723: [GC (Allocation Failure) 18.723: [DefNew: 959K->63K(960K), 0.0024585 secs] 654983K->654977K(1048512K), 0.0025027 secs] [Times: user=0.00 sys=0.00, real=0.00 secs] 
18.744: [GC (Allocation Failure) 18.744: [DefNew: 959K->64K(960K), 0.0025035 secs] 655873K->655868K(1048512K), 0.0025597 secs] [Times: user=0.00 sys=0.00, real=0.00 secs] 
18.770: [GC (Allocation Failure) 18.770: [DefNew: 960K->63K(960K), 0.0024099 secs] 656764K->656758K(1048512K), 0.0024532 secs] [Times: user=0.00 sys=0.00, real=0.00 secs] 
18.793: [GC (Allocation Failure) 18.793: [DefNew: 959K->63K(960K), 0.0023578 secs] 657654K->657649K(1048512K), 0.0024030 secs] [Times: user=0.00 sys=0.00, real=0.01 secs] 
18.816: [GC (Allocation Failure) 18.816: [DefNew: 959K->63K(960K), 0.0045834 secs] 658545K->658538K(1048512K), 0.0046845 secs] [Times: user=0.01 sys=0.00, real=0.00 secs] 
18.843: [GC (Allocation Failure) 18.843: [DefNew: 959K->64K(960K), 0.0028370 secs] 659434K->659432K(1048512K), 0.0028865 secs] [Times: user=0.00 sys=0.00, real=0.00 secs] 
18.867: [GC (Allocation Failure) 18.867: [DefNew: 960K->63K(960K), 0.0038812 secs] 660328K->660326K(1048512K), 0.0039347 secs] [Times: user=0.01 sys=0.00, real=0.00 secs] 
18.894: [GC (Allocation Failure) 18.894: [DefNew: 959K->64K(960K), 0.0025733 secs] 661222K->661220K(1048512K), 0.0026224 secs] [Times: user=0.00 sys=0.00, real=0.00 secs] 
18.921: [GC (Allocation Failure) 18.921: [DefNew: 960K->63K(960K), 0.0024429 secs] 662116K->662109K(1048512K), 0.0024930 secs] [Times: user=0.00 sys=0.00, real=0.01 secs] 
18.944: [GC (Allocation Failure) 18.944: [DefNew: 959K->63K(960K), 0.0034063 secs] 663005K->663003K(1048512K), 0.0034782 secs] [Times: user=0.01 sys=0.00, real=0.00 secs] 
18.970: [GC (Allocation Failure) 18.970: [DefNew: 959K->63K(960K), 0.0023277 secs] 663899K->663897K(1048512K), 0.0023696 secs] [Times: user=0.00 sys=0.00, real=0.00 secs] 
18.995: [GC (Allocation Failure) 18.995: [DefNew: 959K->63K(960K), 0.0028281 secs] 664793K->664790K(1048512K), 0.0028795 secs] [Times: user=0.00 sys=0.00, real=0.00 secs] 
19.020: [GC (Allocation Failure) 19.020: [DefNew: 959K->64K(960K), 0.0039974 secs] 665686K->665682K(1048512K), 0.0046545 secs] [Times: user=0.01 sys=0.00, real=0.01 secs] 
19.048: [GC (Allocation Failure) 19.048: [DefNew: 960K->64K(960K), 0.0025979 secs] 666578K->666571K(1048512K), 0.0026449 secs] [Times: user=0.00 sys=0.00, real=0.00 secs] 
19.073: [GC (Allocation Failure) 19.073: [DefNew: 960K->63K(960K), 0.0027147 secs] 667467K->667465K(1048512K), 0.0027661 secs] [Times: user=0.00 sys=0.00, real=0.00 secs] 
19.098: [GC (Allocation Failure) 19.098: [DefNew: 959K->63K(960K), 0.0026318 secs] 668361K->668359K(1048512K), 0.0026789 secs] [Times: user=0.01 sys=0.00, real=0.00 secs] 
19.123: [GC (Allocation Failure) 19.123: [DefNew: 959K->64K(960K), 0.0056249 secs] 669255K->669253K(1048512K), 0.0057001 secs] [Times: user=0.00 sys=0.00, real=0.00 secs] 
19.151: [GC (Allocation Failure) 19.151: [DefNew: 960K->64K(960K), 0.0025991 secs] 670149K->670142K(1048512K), 0.0026415 secs] [Times: user=0.01 sys=0.00, real=0.01 secs] 
19.175: [GC (Allocation Failure) 19.175: [DefNew: 960K->64K(960K), 0.0026139 secs] 671038K->671034K(1048512K), 0.0026612 secs] [Times: user=0.00 sys=0.00, real=0.00 secs] 
19.200: [GC (Allocation Failure) 19.201: [DefNew: 960K->64K(960K), 0.0026375 secs] 671930K->671923K(1048512K), 0.0026843 secs] [Times: user=0.00 sys=0.00, real=0.01 secs] 
19.225: [GC (Allocation Failure) 19.225: [DefNew: 960K->63K(960K), 0.0025051 secs] 672819K->672814K(1048512K), 0.0025522 secs] [Times: user=0.00 sys=0.00, real=0.00 secs] 
19.250: [GC (Allocation Failure) 19.250: [DefNew: 959K->64K(960K), 0.0028360 secs] 673710K->673703K(1048512K), 0.0028859 secs] [Times: user=0.00 sys=0.00, real=0.00 secs] 
19.275: [GC (Allocation Failure) 19.275: [DefNew: 960K->63K(960K), 0.0027257 secs] 674599K->674598K(1048512K), 0.0027745 secs] [Times: user=0.00 sys=0.00, real=0.00 secs] 
19.299: [GC (Allocation Failure) 19.299: [DefNew: 959K->64K(960K), 0.0026070 secs] 675494K->675491K(1048512K), 0.0026672 secs] [Times: user=0.01 sys=0.00, real=0.00 secs] 
19.325: [GC (Allocation Failure) 19.325: [DefNew: 960K->63K(960K), 0.0025685 secs] 676387K->676385K(1048512K), 0.0026127 secs] [Times: user=0.00 sys=0.00, real=0.00 secs] 
19.350: [GC (Allocation Failure) 19.350: [DefNew: 959K->63K(960K), 0.0024358 secs] 677281K->677274K(1048512K), 0.0024797 secs] [Times: user=0.00 sys=0.00, real=0.00 secs] 
19.374: [GC (Allocation Failure) 19.374: [DefNew: 959K->64K(960K), 0.0026597 secs] 678170K->678168K(1048512K), 0.0027046 secs] [Times: user=0.00 sys=0.00, real=0.00 secs] 
19.399: [GC (Allocation Failure) 19.399: [DefNew: 960K->64K(960K), 0.0025119 secs] 679064K->679062K(1048512K), 0.0025626 secs] [Times: user=0.01 sys=0.00, real=0.00 secs] 
19.425: [GC (Allocation Failure) 19.425: [DefNew: 960K->63K(960K), 0.0026069 secs] 679958K->679956K(1048512K), 0.0026635 secs] [Times: user=0.00 sys=0.00, real=0.00 secs] 
19.449: [GC (Allocation Failure) 19.449: [DefNew: 959K->64K(960K), 0.0062881 secs] 680852K->680845K(1048512K), 0.0064123 secs] [Times: user=0.01 sys=0.00, real=0.01 secs] 
19.477: [GC (Allocation Failure) 19.477: [DefNew: 960K->63K(960K), 0.0027912 secs] 681741K->681739K(1048512K), 0.0028481 secs] [Times: user=0.00 sys=0.01, real=0.00 secs] 
19.503: [GC (Allocation Failure) 19.503: [DefNew: 959K->64K(960K), 0.0027236 secs] 682635K->682633K(1048512K), 0.0027698 secs] [Times: user=0.00 sys=0.00, real=0.00 secs] 
19.527: [GC (Allocation Failure) 19.527: [DefNew: 960K->64K(960K), 0.0030783 secs] 683529K->683526K(1048512K), 0.0031227 secs] [Times: user=0.01 sys=0.00, real=0.00 secs] 
19.553: [GC (Allocation Failure) 19.553: [DefNew: 960K->64K(960K), 0.0025524 secs] 684422K->684415K(1048512K), 0.0025961 secs] [Times: user=0.00 sys=0.00, real=0.00 secs] 
19.578: [GC (Allocation Failure) 19.578: [DefNew: 960K->64K(960K), 0.0026392 secs] 685311K->685310K(1048512K), 0.0026832 secs] [Times: user=0.00 sys=0.00, real=0.00 secs] 
19.603: [GC (Allocation Failure) 19.603: [DefNew: 960K->63K(960K), 0.0027200 secs] 686206K->686203K(1048512K), 0.0027660 secs] [Times: user=0.01 sys=0.00, real=0.00 secs] 
19.628: [GC (Allocation Failure) 19.628: [DefNew: 959K->63K(960K), 0.0053028 secs] 687099K->687097K(1048512K), 0.0053836 secs] [Times: user=0.00 sys=0.00, real=0.01 secs] 
19.654: [GC (Allocation Failure) 19.654: [DefNew: 959K->64K(960K), 0.0068797 secs] 687993K->687986K(1048512K), 0.0070384 secs] [Times: user=0.01 sys=0.00, real=0.00 secs] 
19.684: [GC (Allocation Failure) 19.684: [DefNew: 960K->63K(960K), 0.0024405 secs] 688882K->688880K(1048512K), 0.0024834 secs] [Times: user=0.00 sys=0.00, real=0.00 secs] 
19.708: [GC (Allocation Failure) 19.709: [DefNew: 959K->64K(960K), 0.0026385 secs] 689776K->689774K(1048512K), 0.0026951 secs] [Times: user=0.00 sys=0.00, real=0.00 secs] 
19.731: [GC (Allocation Failure) 19.731: [DefNew: 960K->63K(960K), 0.0027327 secs] 690670K->690668K(1048512K), 0.0027803 secs] [Times: user=0.01 sys=0.00, real=0.01 secs] 
19.756: [GC (Allocation Failure) 19.756: [DefNew: 959K->63K(960K), 0.0024593 secs] 691564K->691557K(1048512K), 0.0025037 secs] [Times: user=0.00 sys=0.00, real=0.00 secs] 
19.781: [GC (Allocation Failure) 19.781: [DefNew: 959K->63K(960K), 0.0026252 secs] 692453K->692451K(1048512K), 0.0027078 secs] [Times: user=0.00 sys=0.00, real=0.01 secs] 
19.806: [GC (Allocation Failure) 19.806: [DefNew: 959K->63K(960K), 0.0026009 secs] 693347K->693345K(1048512K), 0.0026448 secs] [Times: user=0.01 sys=0.00, real=0.00 secs] 
19.832: [GC (Allocation Failure) 19.832: [DefNew: 959K->63K(960K), 0.0027676 secs] 694241K->694239K(1048512K), 0.0028197 secs] [Times: user=0.00 sys=0.00, real=0.01 secs] 
19.855: [GC (Allocation Failure) 19.856: [DefNew: 959K->63K(960K), 0.0068986 secs] 695135K->695122K(1048512K), 0.0070594 secs] [Times: user=0.01 sys=0.00, real=0.00 secs] 
19.884: [GC (Allocation Failure) 19.884: [DefNew: 959K->63K(960K), 0.0025775 secs] 696018K->696014K(1048512K), 0.0026296 secs] [Times: user=0.00 sys=0.00, real=0.00 secs] 
19.910: [GC (Allocation Failure) 19.910: [DefNew: 959K->64K(960K), 0.0028002 secs] 696910K->696908K(1048512K), 0.0028485 secs] [Times: user=0.00 sys=0.00, real=0.00 secs] 
19.933: [GC (Allocation Failure) 19.933: [DefNew: 960K->63K(960K), 0.0024582 secs] 697804K->697800K(1048512K), 0.0024983 secs] [Times: user=0.01 sys=0.00, real=0.00 secs] 
19.956: [GC (Allocation Failure) 19.956: [DefNew: 959K->63K(960K), 0.0034927 secs] 698696K->698691K(1048512K), 0.0035468 secs] [Times: user=0.00 sys=0.00, real=0.00 secs] 
19.980: [GC (Allocation Failure) 19.980: [DefNew: 959K->63K(960K), 0.0024116 secs] 699587K->699583K(1048512K), 0.0024665 secs] [Times: user=0.00 sys=0.00, real=0.01 secs] 
20.002: [GC (Allocation Failure) 20.002: [DefNew: 959K->63K(960K), 0.0024303 secs] 700479K->700478K(1048512K), 0.0024756 secs] [Times: user=0.01 sys=0.00, real=0.01 secs] 
20.025: [GC (Allocation Failure) 20.025: [DefNew: 959K->63K(960K), 0.0028083 secs] 701374K->701370K(1048512K), 0.0028557 secs] [Times: user=0.00 sys=0.01, real=0.00 secs] 
20.050: [GC (Allocation Failure) 20.050: [DefNew: 959K->64K(960K), 0.0026905 secs] 702266K->702261K(1048512K), 0.0027326 secs] [Times: user=0.00 sys=0.00, real=0.01 secs] 
20.073: [GC (Allocation Failure) 20.073: [DefNew: 960K->63K(960K), 0.0059745 secs] 703157K->703154K(1048512K), 0.0060580 secs] [Times: user=0.01 sys=0.00, real=0.00 secs] 
20.101: [GC (Allocation Failure) 20.102: [DefNew: 959K->64K(960K), 0.0028128 secs] 704050K->704047K(1048512K), 0.0028603 secs] [Times: user=0.00 sys=0.00, real=0.01 secs] 
20.127: [GC (Allocation Failure) 20.127: [DefNew: 960K->63K(960K), 0.0070673 secs] 704943K->704939K(1048512K), 0.0071835 secs] [Times: user=0.01 sys=0.00, real=0.01 secs] 
20.155: [GC (Allocation Failure) 20.155: [DefNew: 959K->64K(960K), 0.0029171 secs] 705835K->705830K(1048512K), 0.0029634 secs] [Times: user=0.00 sys=0.00, real=0.00 secs] 
20.181: [GC (Allocation Failure) 20.181: [DefNew: 960K->63K(960K), 0.0028498 secs] 706726K->706722K(1048512K), 0.0029008 secs] [Times: user=0.01 sys=0.00, real=0.01 secs] 
20.207: [GC (Allocation Failure) 20.207: [DefNew: 959K->63K(960K), 0.0026756 secs] 707618K->707617K(1048512K), 0.0027177 secs] [Times: user=0.00 sys=0.00, real=0.00 secs] 
20.231: [GC (Allocation Failure) 20.231: [DefNew: 959K->63K(960K), 0.0035877 secs] 708513K->708509K(1048512K), 0.0036410 secs] [Times: user=0.00 sys=0.00, real=0.01 secs] 
20.258: [GC (Allocation Failure) 20.258: [DefNew: 959K->63K(960K), 0.0027337 secs] 709405K->709400K(1048512K), 0.0027872 secs] [Times: user=0.01 sys=0.00, real=0.00 secs] 
20.282: [GC (Allocation Failure) 20.282: [DefNew: 959K->64K(960K), 0.0049278 secs] 710296K->710293K(1048512K), 0.0050027 secs] [Times: user=0.00 sys=0.01, real=0.01 secs] 
20.309: [GC (Allocation Failure) 20.309: [DefNew: 960K->64K(960K), 0.0029066 secs] 711189K->711186K(1048512K), 0.0029547 secs] [Times: user=0.00 sys=0.00, real=0.00 secs] 
20.335: [GC (Allocation Failure) 20.335: [DefNew: 960K->63K(960K), 0.0028740 secs] 712082K->712078K(1048512K), 0.0029198 secs] [Times: user=0.00 sys=0.00, real=0.00 secs] 
20.359: [GC (Allocation Failure) 20.359: [DefNew: 959K->64K(960K), 0.0028327 secs] 712974K->712969K(1048512K), 0.0028789 secs] [Times: user=0.00 sys=0.00, real=0.00 secs] 
20.385: [GC (Allocation Failure) 20.385: [DefNew: 960K->64K(960K), 0.0026843 secs] 713865K->713861K(1048512K), 0.0027251 secs] [Times: user=0.00 sys=0.00, real=0.00 secs] 
20.411: [GC (Allocation Failure) 20.411: [DefNew: 960K->64K(960K), 0.0026995 secs] 714757K->714756K(1048512K), 0.0027440 secs] [Times: user=0.00 sys=0.00, real=0.01 secs] 
20.436: [GC (Allocation Failure) 20.436: [DefNew: 960K->63K(960K), 0.0026814 secs] 715652K->715648K(1048512K), 0.0027282 secs] [Times: user=0.00 sys=0.00, real=0.00 secs] 
20.461: [GC (Allocation Failure) 20.461: [DefNew: 959K->63K(960K), 0.0041288 secs] 716544K->716539K(1048512K), 0.0041760 secs] [Times: user=0.01 sys=0.00, real=0.01 secs] 
20.487: [GC (Allocation Failure) 20.488: [DefNew: 959K->64K(960K), 0.0079771 secs] 717435K->717432K(1048512K), 0.0082539 secs] [Times: user=0.00 sys=0.00, real=0.01 secs] 
20.517: [GC (Allocation Failure) 20.517: [DefNew: 960K->63K(960K), 0.0032826 secs] 718328K->718325K(1048512K), 0.0033250 secs] [Times: user=0.01 sys=0.01, real=0.00 secs] 
20.543: [GC (Allocation Failure) 20.543: [DefNew: 959K->63K(960K), 0.0027810 secs] 719221K->719217K(1048512K), 0.0028294 secs] [Times: user=0.00 sys=0.00, real=0.00 secs] 
20.569: [GC (Allocation Failure) 20.569: [DefNew: 959K->63K(960K), 0.0026597 secs] 720113K->720108K(1048512K), 0.0027031 secs] [Times: user=0.00 sys=0.00, real=0.00 secs] 
20.594: [GC (Allocation Failure) 20.594: [DefNew: 959K->63K(960K), 0.0032747 secs] 721004K->721000K(1048512K), 0.0033280 secs] [Times: user=0.01 sys=0.00, real=0.00 secs] 
20.620: [GC (Allocation Failure) 20.620: [DefNew: 959K->64K(960K), 0.0028684 secs] 721896K->721895K(1048512K), 0.0029146 secs] [Times: user=0.00 sys=0.00, real=0.01 secs] 
20.645: [GC (Allocation Failure) 20.645: [DefNew: 960K->64K(960K), 0.0036610 secs] 722791K->722787K(1048512K), 0.0037374 secs] [Times: user=0.00 sys=0.00, real=0.00 secs] 
20.671: [GC (Allocation Failure) 20.671: [DefNew: 960K->63K(960K), 0.0032347 secs] 723683K->723679K(1048512K), 0.0032842 secs] [Times: user=0.00 sys=0.00, real=0.01 secs] 
20.697: [GC (Allocation Failure) 20.697: [DefNew: 959K->63K(960K), 0.0076762 secs] 724575K->724571K(1048512K), 0.0078536 secs] [Times: user=0.01 sys=0.00, real=0.01 secs] 
20.727: [GC (Allocation Failure) 20.727: [DefNew: 959K->63K(960K), 0.0028430 secs] 725467K->725464K(1048512K), 0.0028925 secs] [Times: user=0.00 sys=0.00, real=0.00 secs] 
20.750: [GC (Allocation Failure) 20.750: [DefNew: 959K->63K(960K), 0.0026630 secs] 726360K->726356K(1048512K), 0.0027078 secs] [Times: user=0.00 sys=0.00, real=0.00 secs] 
20.775: [GC (Allocation Failure) 20.775: [DefNew: 959K->64K(960K), 0.0025874 secs] 727252K->727248K(1048512K), 0.0026472 secs] [Times: user=0.01 sys=0.00, real=0.00 secs] 
20.799: [GC (Allocation Failure) 20.799: [DefNew: 960K->63K(960K), 0.0027422 secs] 728144K->728140K(1048512K), 0.0027879 secs] [Times: user=0.00 sys=0.00, real=0.00 secs] 
20.826: [GC (Allocation Failure) 20.826: [DefNew: 959K->63K(960K), 0.0033104 secs] 729036K->729034K(1048512K), 0.0033633 secs] [Times: user=0.00 sys=0.00, real=0.00 secs] 
20.852: [GC (Allocation Failure) 20.852: [DefNew: 959K->63K(960K), 0.0027752 secs] 729930K->729926K(1048512K), 0.0028197 secs] [Times: user=0.01 sys=0.00, real=0.01 secs] 
20.877: [GC (Allocation Failure) 20.877: [DefNew: 959K->63K(960K), 0.0027153 secs] 730822K->730818K(1048512K), 0.0027880 secs] [Times: user=0.00 sys=0.00, real=0.00 secs] 
20.902: [GC (Allocation Failure) 20.903: [DefNew: 959K->64K(960K), 0.0081166 secs] 731714K->731712K(1048512K), 0.0082449 secs] [Times: user=0.01 sys=0.00, real=0.01 secs] 
20.933: [GC (Allocation Failure) 20.933: [DefNew: 960K->63K(960K), 0.0030473 secs] 732608K->732603K(1048512K), 0.0030927 secs] [Times: user=0.00 sys=0.00, real=0.00 secs] 
20.958: [GC (Allocation Failure) 20.958: [DefNew: 959K->63K(960K), 0.0041315 secs] 733499K->733496K(1048512K), 0.0042028 secs] [Times: user=0.00 sys=0.00, real=0.00 secs] 
20.985: [GC (Allocation Failure) 20.985: [DefNew: 959K->63K(960K), 0.0029892 secs] 734392K->734387K(1048512K), 0.0030356 secs] [Times: user=0.00 sys=0.00, real=0.00 secs] 
21.012: [GC (Allocation Failure) 21.012: [DefNew: 959K->64K(960K), 0.0033958 secs] 735283K->735278K(1048512K), 0.0034646 secs] [Times: user=0.00 sys=0.00, real=0.01 secs] 
21.036: [GC (Allocation Failure) 21.036: [DefNew: 960K->64K(960K), 0.0027561 secs] 736174K->736167K(1048512K), 0.0028305 secs] [Times: user=0.01 sys=0.01, real=0.00 secs] 
21.062: [GC (Allocation Failure) 21.062: [DefNew: 960K->64K(960K), 0.0027963 secs] 737063K->737062K(1048512K), 0.0028378 secs] [Times: user=0.00 sys=0.00, real=0.01 secs] 
21.088: [GC (Allocation Failure) 21.088: [DefNew: 960K->63K(960K), 0.0027673 secs] 737958K->737955K(1048512K), 0.0028318 secs] [Times: user=0.00 sys=0.00, real=0.00 secs] 
21.113: [GC (Allocation Failure) 21.113: [DefNew: 959K->63K(960K), 0.0057219 secs] 738851K->738849K(1048512K), 0.0058216 secs] [Times: user=0.01 sys=0.00, real=0.01 secs] 
21.141: [GC (Allocation Failure) 21.141: [DefNew: 959K->64K(960K), 0.0057244 secs] 739745K->739739K(1048512K), 0.0060035 secs] [Times: user=0.00 sys=0.00, real=0.01 secs] 
21.168: [GC (Allocation Failure) 21.168: [DefNew: 960K->64K(960K), 0.0030490 secs] 740635K->740630K(1048512K), 0.0030946 secs] [Times: user=0.01 sys=0.00, real=0.00 secs] 
21.195: [GC (Allocation Failure) 21.195: [DefNew: 960K->63K(960K), 0.0036922 secs] 741526K->741520K(1048512K), 0.0037410 secs] [Times: user=0.00 sys=0.00, real=0.00 secs] 
21.221: [GC (Allocation Failure) 21.221: [DefNew: 959K->63K(960K), 0.0028277 secs] 742416K->742411K(1048512K), 0.0028737 secs] [Times: user=0.00 sys=0.00, real=0.01 secs] 
21.246: [GC (Allocation Failure) 21.246: [DefNew: 959K->64K(960K), 0.0029704 secs] 743307K->743300K(1048512K), 0.0030234 secs] [Times: user=0.01 sys=0.00, real=0.00 secs] 
21.272: [GC (Allocation Failure) 21.272: [DefNew: 960K->63K(960K), 0.0029756 secs] 744196K->744194K(1048512K), 0.0030220 secs] [Times: user=0.00 sys=0.00, real=0.01 secs] 
21.298: [GC (Allocation Failure) 21.298: [DefNew: 959K->63K(960K), 0.0027940 secs] 745090K->745088K(1048512K), 0.0028444 secs] [Times: user=0.00 sys=0.01, real=0.00 secs] 
21.322: [GC (Allocation Failure) 21.322: [DefNew: 959K->63K(960K), 0.0038989 secs] 745984K->745981K(1048512K), 0.0039551 secs] [Times: user=0.00 sys=0.00, real=0.01 secs] 
21.348: [GC (Allocation Failure) 21.348: [DefNew: 959K->63K(960K), 0.0029978 secs] 746877K->746870K(1048512K), 0.0030415 secs] [Times: user=0.00 sys=0.00, real=0.00 secs] 
21.374: [GC (Allocation Failure) 21.374: [DefNew: 959K->63K(960K), 0.0030965 secs] 747766K->747765K(1048512K), 0.0031413 secs] [Times: user=0.01 sys=0.00, real=0.00 secs] 
21.399: [GC (Allocation Failure) 21.399: [DefNew: 959K->63K(960K), 0.0029703 secs] 748661K->748658K(1048512K), 0.0030161 secs] [Times: user=0.00 sys=0.00, real=0.00 secs] 
21.425: [GC (Allocation Failure) 21.425: [DefNew: 959K->63K(960K), 0.0027719 secs] 749554K->749552K(1048512K), 0.0028159 secs] [Times: user=0.00 sys=0.00, real=0.00 secs] 
21.449: [GC (Allocation Failure) 21.449: [DefNew: 959K->63K(960K), 0.0043512 secs] 750448K->750441K(1048512K), 0.0044202 secs] [Times: user=0.01 sys=0.00, real=0.01 secs] 
21.476: [GC (Allocation Failure) 21.476: [DefNew: 959K->63K(960K), 0.0030703 secs] 751337K->751335K(1048512K), 0.0031240 secs] [Times: user=0.00 sys=0.00, real=0.00 secs] 
21.501: [GC (Allocation Failure) 21.501: [DefNew: 959K->63K(960K), 0.0034939 secs] 752231K->752229K(1048512K), 0.0035599 secs] [Times: user=0.01 sys=0.00, real=0.01 secs] 
21.528: [GC (Allocation Failure) 21.528: [DefNew: 959K->63K(960K), 0.0030286 secs] 753125K->753123K(1048512K), 0.0030730 secs] [Times: user=0.00 sys=0.00, real=0.00 secs] 
21.552: [GC (Allocation Failure) 21.552: [DefNew: 959K->63K(960K), 0.0037141 secs] 754019K->754012K(1048512K), 0.0037803 secs] [Times: user=0.00 sys=0.00, real=0.01 secs] 
21.578: [GC (Allocation Failure) 21.578: [DefNew: 959K->63K(960K), 0.0031467 secs] 754908K->754906K(1048512K), 0.0031979 secs] [Times: user=0.01 sys=0.01, real=0.00 secs] 
21.602: [GC (Allocation Failure) 21.602: [DefNew: 959K->64K(960K), 0.0028120 secs] 755802K->755800K(1048512K), 0.0028657 secs] [Times: user=0.00 sys=0.00, real=0.01 secs] 
21.628: [GC (Allocation Failure) 21.629: [DefNew: 960K->63K(960K), 0.0031240 secs] 756696K->756693K(1048512K), 0.0031706 secs] [Times: user=0.00 sys=0.00, real=0.00 secs] 
21.654: [GC (Allocation Failure) 21.654: [DefNew: 959K->63K(960K), 0.0029482 secs] 757589K->757583K(1048512K), 0.0030081 secs] [Times: user=0.00 sys=0.00, real=0.00 secs] 
21.679: [GC (Allocation Failure) 21.679: [DefNew: 959K->63K(960K), 0.0036847 secs] 758479K->758477K(1048512K), 0.0037414 secs] [Times: user=0.00 sys=0.00, real=0.01 secs] 
21.706: [GC (Allocation Failure) 21.706: [DefNew: 959K->63K(960K), 0.0028535 secs] 759373K->759371K(1048512K), 0.0029048 secs] [Times: user=0.01 sys=0.00, real=0.00 secs] 
21.730: [GC (Allocation Failure) 21.730: [DefNew: 959K->63K(960K), 0.0029287 secs] 760267K->760264K(1048512K), 0.0029903 secs] [Times: user=0.00 sys=0.00, real=0.01 secs] 
21.752: [GC (Allocation Failure) 21.752: [DefNew: 959K->63K(960K), 0.0078298 secs] 761160K->761153K(1048512K), 0.0079216 secs] [Times: user=0.01 sys=0.00, real=0.01 secs] 
21.782: [GC (Allocation Failure) 21.782: [DefNew: 959K->63K(960K), 0.0031120 secs] 762049K->762048K(1048512K), 0.0031736 secs] [Times: user=0.00 sys=0.00, real=0.01 secs] 
21.808: [GC (Allocation Failure) 21.808: [DefNew: 959K->63K(960K), 0.0028425 secs] 762944K->762941K(1048512K), 0.0028874 secs] [Times: user=0.00 sys=0.00, real=0.00 secs] 
21.833: [GC (Allocation Failure) 21.833: [DefNew: 959K->63K(960K), 0.0030368 secs] 763837K->763835K(1048512K), 0.0030902 secs] [Times: user=0.01 sys=0.00, real=0.00 secs] 
21.859: [GC (Allocation Failure) 21.859: [DefNew: 959K->63K(960K), 0.0036851 secs] 764731K->764724K(1048512K), 0.0037351 secs] [Times: user=0.00 sys=0.00, real=0.01 secs] 
21.886: [GC (Allocation Failure) 21.886: [DefNew: 959K->63K(960K), 0.0030013 secs] 765620K->765618K(1048512K), 0.0030496 secs] [Times: user=0.00 sys=0.00, real=0.00 secs] 
21.911: [GC (Allocation Failure) 21.911: [DefNew: 959K->63K(960K), 0.0029082 secs] 766514K->766512K(1048512K), 0.0029500 secs] [Times: user=0.00 sys=0.00, real=0.01 secs] 
21.936: [GC (Allocation Failure) 21.936: [DefNew: 959K->63K(960K), 0.0032022 secs] 767408K->767406K(1048512K), 0.0032565 secs] [Times: user=0.00 sys=0.00, real=0.00 secs] 
21.962: [GC (Allocation Failure) 21.962: [DefNew: 959K->63K(960K), 0.0075380 secs] 768302K->768295K(1048512K), 0.0076801 secs] [Times: user=0.01 sys=0.00, real=0.01 secs] 
21.990: [GC (Allocation Failure) 21.990: [DefNew: 959K->64K(960K), 0.0045236 secs] 769191K->769189K(1048512K), 0.0045794 secs] [Times: user=0.00 sys=0.00, real=0.01 secs] 
22.018: [GC (Allocation Failure) 22.018: [DefNew: 960K->63K(960K), 0.0030585 secs] 770085K->770083K(1048512K), 0.0031078 secs] [Times: user=0.01 sys=0.00, real=0.00 secs] 
22.044: [GC (Allocation Failure) 22.044: [DefNew: 959K->63K(960K), 0.0027321 secs] 770979K->770976K(1048512K), 0.0027734 secs] [Times: user=0.00 sys=0.00, real=0.00 secs] 
22.068: [GC (Allocation Failure) 22.068: [DefNew: 959K->63K(960K), 0.0029509 secs] 771872K->771865K(1048512K), 0.0029930 secs] [Times: user=0.00 sys=0.00, real=0.00 secs] 
22.094: [GC (Allocation Failure) 22.094: [DefNew: 959K->63K(960K), 0.0029420 secs] 772761K->772760K(1048512K), 0.0029879 secs] [Times: user=0.01 sys=0.00, real=0.00 secs] 
22.119: [GC (Allocation Failure) 22.119: [DefNew: 959K->64K(960K), 0.0028858 secs] 773656K->773653K(1048512K), 0.0029329 secs] [Times: user=0.00 sys=0.00, real=0.00 secs] 
22.144: [GC (Allocation Failure) 22.145: [DefNew: 960K->63K(960K), 0.0052638 secs] 774549K->774547K(1048512K), 0.0053475 secs] [Times: user=0.01 sys=0.00, real=0.00 secs] 
22.173: [GC (Allocation Failure) 22.173: [DefNew: 959K->63K(960K), 0.0050877 secs] 775443K->775436K(1048512K), 0.0051694 secs] [Times: user=0.00 sys=0.00, real=0.00 secs] 
22.200: [GC (Allocation Failure) 22.200: [DefNew: 959K->63K(960K), 0.0032006 secs] 776332K->776330K(1048512K), 0.0032581 secs] [Times: user=0.01 sys=0.00, real=0.01 secs] 
22.226: [GC (Allocation Failure) 22.226: [DefNew: 959K->63K(960K), 0.0028517 secs] 777226K->777224K(1048512K), 0.0029089 secs] [Times: user=0.00 sys=0.00, real=0.00 secs] 
22.252: [GC (Allocation Failure) 22.252: [DefNew: 959K->63K(960K), 0.0031497 secs] 778120K->778118K(1048512K), 0.0031995 secs] [Times: user=0.00 sys=0.00, real=0.01 secs] 
22.277: [GC (Allocation Failure) 22.277: [DefNew: 959K->63K(960K), 0.0027993 secs] 779014K->779007K(1048512K), 0.0028432 secs] [Times: user=0.01 sys=0.00, real=0.00 secs] 
22.303: [GC (Allocation Failure) 22.303: [DefNew: 959K->63K(960K), 0.0029504 secs] 779903K->779901K(1048512K), 0.0029964 secs] [Times: user=0.00 sys=0.00, real=0.00 secs] 
22.329: [GC (Allocation Failure) 22.329: [DefNew: 959K->63K(960K), 0.0028530 secs] 780797K->780795K(1048512K), 0.0028995 secs] [Times: user=0.00 sys=0.00, real=0.00 secs] 
22.353: [GC (Allocation Failure) 22.353: [DefNew: 959K->63K(960K), 0.0032593 secs] 781691K->781689K(1048512K), 0.0033060 secs] [Times: user=0.01 sys=0.00, real=0.00 secs] 
22.378: [GC (Allocation Failure) 22.378: [DefNew: 959K->63K(960K), 0.0061366 secs] 782585K->782578K(1048512K), 0.0062174 secs] [Times: user=0.00 sys=0.00, real=0.01 secs] 
22.404: [GC (Allocation Failure) 22.404: [DefNew: 959K->63K(960K), 0.0031806 secs] 783474K->783472K(1048512K), 0.0032315 secs] [Times: user=0.01 sys=0.00, real=0.00 secs] 
22.427: [GC (Allocation Failure) 22.427: [DefNew: 959K->63K(960K), 0.0029467 secs] 784368K->784366K(1048512K), 0.0029979 secs] [Times: user=0.00 sys=0.00, real=0.00 secs] 
22.451: [GC (Allocation Failure) 22.451: [DefNew: 959K->63K(960K), 0.0034085 secs] 785262K->785259K(1048512K), 0.0034545 secs] [Times: user=0.00 sys=0.00, real=0.01 secs] 
22.475: [GC (Allocation Failure) 22.475: [DefNew: 959K->64K(960K), 0.0031788 secs] 786155K->786151K(1048512K), 0.0032249 secs] [Times: user=0.00 sys=0.00, real=0.00 secs] 
22.498: [GC (Allocation Failure) 22.498: [DefNew: 960K->63K(960K), 0.0028767 secs] 787047K->787040K(1048512K), 0.0029202 secs] [Times: user=0.00 sys=0.00, real=0.00 secs] 
22.521: [GC (Allocation Failure) 22.521: [DefNew: 959K->63K(960K), 0.0028393 secs] 787936K->787934K(1048512K), 0.0029274 secs] [Times: user=0.00 sys=0.00, real=0.01 secs] 
22.545: [GC (Allocation Failure) 22.545: [DefNew: 959K->63K(960K), 0.0036001 secs] 788830K->788828K(1048512K), 0.0037549 secs] [Times: user=0.00 sys=0.00, real=0.00 secs] 
22.568: [GC (Allocation Failure) 22.568: [DefNew: 959K->63K(960K), 0.0032969 secs] 789724K->789721K(1048512K), 0.0033433 secs] [Times: user=0.00 sys=0.00, real=0.00 secs] 
22.592: [GC (Allocation Failure) 22.592: [DefNew: 959K->63K(960K), 0.0056064 secs] 790617K->790611K(1048512K), 0.0056802 secs] [Times: user=0.01 sys=0.00, real=0.01 secs] 
22.617: [GC (Allocation Failure) 22.617: [DefNew: 959K->64K(960K), 0.0033146 secs] 791507K->791502K(1048512K), 0.0033618 secs] [Times: user=0.00 sys=0.00, real=0.00 secs] 
22.641: [GC (Allocation Failure) 22.641: [DefNew: 960K->64K(960K), 0.0033329 secs] 792398K->792392K(1048512K), 0.0033786 secs] [Times: user=0.01 sys=0.00, real=0.01 secs] 
22.667: [GC (Allocation Failure) 22.667: [DefNew: 960K->64K(960K), 0.0043374 secs] 793288K->793283K(1048512K), 0.0044100 secs] [Times: user=0.00 sys=0.00, real=0.00 secs] 
22.690: [GC (Allocation Failure) 22.690: [DefNew: 960K->63K(960K), 0.0030913 secs] 794179K->794172K(1048512K), 0.0031360 secs] [Times: user=0.00 sys=0.00, real=0.01 secs] 
22.715: [GC (Allocation Failure) 22.715: [DefNew: 959K->63K(960K), 0.0030676 secs] 795068K->795066K(1048512K), 0.0031152 secs] [Times: user=0.00 sys=0.00, real=0.00 secs] 
22.738: [GC (Allocation Failure) 22.738: [DefNew: 959K->63K(960K), 0.0035948 secs] 795962K->795960K(1048512K), 0.0036530 secs] [Times: user=0.00 sys=0.00, real=0.00 secs] 
22.762: [GC (Allocation Failure) 22.762: [DefNew: 959K->64K(960K), 0.0029403 secs] 796856K->796854K(1048512K), 0.0029892 secs] [Times: user=0.01 sys=0.00, real=0.01 secs] 
22.786: [GC (Allocation Failure) 22.786: [DefNew: 960K->63K(960K), 0.0035280 secs] 797750K->797745K(1048512K), 0.0035892 secs] [Times: user=0.00 sys=0.00, real=0.00 secs] 
22.811: [GC (Allocation Failure) 22.811: [DefNew: 959K->64K(960K), 0.0032124 secs] 798641K->798634K(1048512K), 0.0032676 secs] [Times: user=0.00 sys=0.00, real=0.01 secs] 
22.834: [GC (Allocation Failure) 22.834: [DefNew: 960K->64K(960K), 0.0034623 secs] 799530K->799528K(1048512K), 0.0035078 secs] [Times: user=0.01 sys=0.00, real=0.00 secs] 
22.858: [GC (Allocation Failure) 22.858: [DefNew: 960K->64K(960K), 0.0033097 secs] 800424K->800422K(1048512K), 0.0033562 secs] [Times: user=0.00 sys=0.00, real=0.00 secs] 
22.883: [GC (Allocation Failure) 22.883: [DefNew: 960K->63K(960K), 0.0035462 secs] 801318K->801316K(1048512K), 0.0036049 secs] [Times: user=0.00 sys=0.00, real=0.00 secs] 
22.907: [GC (Allocation Failure) 22.907: [DefNew: 959K->63K(960K), 0.0032369 secs] 802212K->802206K(1048512K), 0.0032821 secs] [Times: user=0.00 sys=0.00, real=0.00 secs] 
22.930: [GC (Allocation Failure) 22.930: [DefNew: 959K->63K(960K), 0.0034036 secs] 803102K->803097K(1048512K), 0.0034671 secs] [Times: user=0.00 sys=0.00, real=0.01 secs] 
22.953: [GC (Allocation Failure) 22.953: [DefNew: 959K->63K(960K), 0.0044922 secs] 803993K->803987K(1048512K), 0.0046480 secs] [Times: user=0.01 sys=0.01, real=0.00 secs] 
22.978: [GC (Allocation Failure) 22.978: [DefNew: 959K->63K(960K), 0.0028544 secs] 804883K->804877K(1048512K), 0.0028966 secs] [Times: user=0.00 sys=0.00, real=0.00 secs] 
23.002: [GC (Allocation Failure) 23.002: [DefNew: 959K->63K(960K), 0.0088764 secs] 805773K->805763K(1048512K), 0.0090122 secs] [Times: user=0.01 sys=0.00, real=0.01 secs] 
23.032: [GC (Allocation Failure) 23.032: [DefNew: 959K->63K(960K), 0.0031867 secs] 806659K->806655K(1048512K), 0.0032388 secs] [Times: user=0.00 sys=0.00, real=0.01 secs] 
23.056: [GC (Allocation Failure) 23.057: [DefNew: 959K->63K(960K), 0.0077068 secs] 807551K->807548K(1048512K), 0.0078271 secs] [Times: user=0.01 sys=0.00, real=0.01 secs] 
23.085: [GC (Allocation Failure) 23.085: [DefNew: 959K->63K(960K), 0.0042528 secs] 808444K->808440K(1048512K), 0.0043190 secs] [Times: user=0.00 sys=0.00, real=0.00 secs] 
23.112: [GC (Allocation Failure) 23.112: [DefNew: 959K->63K(960K), 0.0033347 secs] 809336K->809332K(1048512K), 0.0033836 secs] [Times: user=0.01 sys=0.00, real=0.01 secs] 
23.136: [GC (Allocation Failure) 23.136: [DefNew: 959K->64K(960K), 0.0030874 secs] 810228K->810224K(1048512K), 0.0031328 secs] [Times: user=0.00 sys=0.00, real=0.00 secs] 
23.160: [GC (Allocation Failure) 23.160: [DefNew: 960K->63K(960K), 0.0054955 secs] 811120K->811118K(1048512K), 0.0055990 secs] [Times: user=0.01 sys=0.00, real=0.01 secs] 
23.188: [GC (Allocation Failure) 23.188: [DefNew: 959K->64K(960K), 0.0030728 secs] 812014K->812010K(1048512K), 0.0031158 secs] [Times: user=0.00 sys=0.00, real=0.00 secs] 
23.214: [GC (Allocation Failure) 23.214: [DefNew: 960K->63K(960K), 0.0038856 secs] 812906K->812902K(1048512K), 0.0039467 secs] [Times: user=0.01 sys=0.00, real=0.00 secs] 
23.239: [GC (Allocation Failure) 23.239: [DefNew: 959K->64K(960K), 0.0030911 secs] 813798K->813794K(1048512K), 0.0031397 secs] [Times: user=0.00 sys=0.00, real=0.00 secs] 
23.264: [GC (Allocation Failure) 23.264: [DefNew: 960K->64K(960K), 0.0033091 secs] 814690K->814687K(1048512K), 0.0033559 secs] [Times: user=0.00 sys=0.00, real=0.00 secs] 
23.290: [GC (Allocation Failure) 23.290: [DefNew: 960K->63K(960K), 0.0030798 secs] 815583K->815579K(1048512K), 0.0031248 secs] [Times: user=0.00 sys=0.00, real=0.01 secs] 
23.315: [GC (Allocation Failure) 23.315: [DefNew: 959K->63K(960K), 0.0032837 secs] 816475K->816471K(1048512K), 0.0033622 secs] [Times: user=0.00 sys=0.00, real=0.00 secs] 
23.341: [GC (Allocation Failure) 23.341: [DefNew: 959K->63K(960K), 0.0030283 secs] 817367K->817363K(1048512K), 0.0030840 secs] [Times: user=0.01 sys=0.00, real=0.01 secs] 
23.367: [GC (Allocation Failure) 23.367: [DefNew: 959K->63K(960K), 0.0029441 secs] 818259K->818258K(1048512K), 0.0029884 secs] [Times: user=0.00 sys=0.00, real=0.00 secs] 
23.392: [GC (Allocation Failure) 23.392: [DefNew: 959K->63K(960K), 0.0031264 secs] 819154K->819150K(1048512K), 0.0031718 secs] [Times: user=0.00 sys=0.00, real=0.01 secs] 
23.418: [GC (Allocation Failure) 23.418: [DefNew: 959K->63K(960K), 0.0031218 secs] 820046K->820041K(1048512K), 0.0031762 secs] [Times: user=0.01 sys=0.00, real=0.00 secs] 
23.442: [GC (Allocation Failure) 23.442: [DefNew: 959K->64K(960K), 0.0039180 secs] 820937K->820933K(1048512K), 0.0039671 secs] [Times: user=0.00 sys=0.00, real=0.01 secs] 
23.467: [GC (Allocation Failure) 23.467: [DefNew: 960K->63K(960K), 0.0034200 secs] 821829K->821827K(1048512K), 0.0034680 secs] [Times: user=0.01 sys=0.01, real=0.00 secs] 
23.493: [GC (Allocation Failure) 23.493: [DefNew: 959K->63K(960K), 0.0033577 secs] 822723K->822719K(1048512K), 0.0034025 secs] [Times: user=0.00 sys=0.00, real=0.00 secs] 
23.515: [GC (Allocation Failure) 23.515: [DefNew: 959K->64K(960K), 0.0032344 secs] 823615K->823610K(1048512K), 0.0032910 secs] [Times: user=0.00 sys=0.00, real=0.00 secs] 
23.539: [GC (Allocation Failure) 23.539: [DefNew: 960K->63K(960K), 0.0030512 secs] 824506K->824502K(1048512K), 0.0031026 secs] [Times: user=0.01 sys=0.00, real=0.00 secs] 
23.563: [GC (Allocation Failure) 23.563: [DefNew: 959K->63K(960K), 0.0028810 secs] 825398K->825397K(1048512K), 0.0029262 secs] [Times: user=0.00 sys=0.00, real=0.00 secs] 
23.585: [GC (Allocation Failure) 23.585: [DefNew: 959K->64K(960K), 0.0032501 secs] 826293K->826289K(1048512K), 0.0033338 secs] [Times: user=0.00 sys=0.00, real=0.00 secs] 
23.609: [GC (Allocation Failure) 23.609: [DefNew: 960K->63K(960K), 0.0030810 secs] 827185K->827180K(1048512K), 0.0031240 secs] [Times: user=0.01 sys=0.00, real=0.00 secs] 
23.633: [GC (Allocation Failure) 23.633: [DefNew: 959K->63K(960K), 0.0050657 secs] 828076K->828074K(1048512K), 0.0051608 secs] [Times: user=0.00 sys=0.00, real=0.00 secs] 
23.660: [GC (Allocation Failure) 23.660: [DefNew: 959K->64K(960K), 0.0086554 secs] 828970K->828965K(1048512K), 0.0088095 secs] [Times: user=0.01 sys=0.00, real=0.01 secs] 
23.691: [GC (Allocation Failure) 23.691: [DefNew: 960K->63K(960K), 0.0031537 secs] 829861K->829858K(1048512K), 0.0032016 secs] [Times: user=0.01 sys=0.00, real=0.01 secs] 
23.716: [GC (Allocation Failure) 23.716: [DefNew: 959K->63K(960K), 0.0032596 secs] 830754K->830749K(1048512K), 0.0033045 secs] [Times: user=0.00 sys=0.00, real=0.00 secs] 
23.738: [GC (Allocation Failure) 23.738: [DefNew: 959K->64K(960K), 0.0034215 secs] 831645K->831641K(1048512K), 0.0034708 secs] [Times: user=0.00 sys=0.01, real=0.00 secs] 
23.764: [GC (Allocation Failure) 23.764: [DefNew: 960K->64K(960K), 0.0030910 secs] 832537K->832530K(1048512K), 0.0031346 secs] [Times: user=0.01 sys=0.00, real=0.00 secs] 
23.789: [GC (Allocation Failure) 23.789: [DefNew: 960K->63K(960K), 0.0031927 secs] 833426K->833424K(1048512K), 0.0032382 secs] [Times: user=0.00 sys=0.00, real=0.00 secs] 
23.812: [GC (Allocation Failure) 23.812: [DefNew: 959K->63K(960K), 0.0031629 secs] 834320K->834318K(1048512K), 0.0032107 secs] [Times: user=0.00 sys=0.00, real=0.01 secs] 
23.837: [GC (Allocation Failure) 23.837: [DefNew: 959K->63K(960K), 0.0034081 secs] 835214K->835211K(1048512K), 0.0034670 secs] [Times: user=0.01 sys=0.00, real=0.00 secs] 
23.861: [GC (Allocation Failure) 23.861: [DefNew: 959K->63K(960K), 0.0071125 secs] 836107K->836101K(1048512K), 0.0072078 secs] [Times: user=0.00 sys=0.00, real=0.01 secs] 
23.889: [GC (Allocation Failure) 23.889: [DefNew: 959K->63K(960K), 0.0057009 secs] 836997K->836992K(1048512K), 0.0057682 secs] [Times: user=0.01 sys=0.00, real=0.01 secs] 
23.917: [GC (Allocation Failure) 23.917: [DefNew: 959K->63K(960K), 0.0062774 secs] 837888K->837882K(1048512K), 0.0063937 secs] [Times: user=0.01 sys=0.00, real=0.01 secs] 
23.943: [GC (Allocation Failure) 23.943: [DefNew: 959K->64K(960K), 0.0036859 secs] 838778K->838773K(1048512K), 0.0037864 secs] [Times: user=0.00 sys=0.00, real=0.00 secs] 
23.968: [GC (Allocation Failure) 23.968: [DefNew: 960K->63K(960K), 0.0040934 secs] 839669K->839662K(1048512K), 0.0041680 secs] [Times: user=0.01 sys=0.01, real=0.00 secs] 
23.992: [GC (Allocation Failure) 23.992: [DefNew: 959K->64K(960K), 0.0030658 secs] 840558K->840556K(1048512K), 0.0031104 secs] [Times: user=0.00 sys=0.00, real=0.01 secs] 
24.014: [GC (Allocation Failure) 24.014: [DefNew: 960K->63K(960K), 0.0037054 secs] 841452K->841450K(1048512K), 0.0037589 secs] [Times: user=0.00 sys=0.00, real=0.00 secs] 
24.040: [GC (Allocation Failure) 24.040: [DefNew: 959K->64K(960K), 0.0029976 secs] 842346K->842344K(1048512K), 0.0030429 secs] [Times: user=0.01 sys=0.00, real=0.01 secs] 
24.065: [GC (Allocation Failure) 24.065: [DefNew: 960K->64K(960K), 0.0065882 secs] 843240K->843233K(1048512K), 0.0067170 secs] [Times: user=0.00 sys=0.00, real=0.00 secs] 
24.093: [GC (Allocation Failure) 24.093: [DefNew: 960K->64K(960K), 0.0033096 secs] 844129K->844127K(1048512K), 0.0033550 secs] [Times: user=0.01 sys=0.00, real=0.00 secs] 
24.117: [GC (Allocation Failure) 24.117: [DefNew: 960K->63K(960K), 0.0030909 secs] 845023K->845021K(1048512K), 0.0031482 secs] [Times: user=0.00 sys=0.00, real=0.00 secs] 
24.141: [GC (Allocation Failure) 24.141: [DefNew: 959K->63K(960K), 0.0029671 secs] 845917K->845914K(1048512K), 0.0030075 secs] [Times: user=0.00 sys=0.00, real=0.01 secs] 
24.163: [GC (Allocation Failure) 24.163: [DefNew: 959K->63K(960K), 0.0044431 secs] 846810K->846803K(1048512K), 0.0045102 secs] [Times: user=0.00 sys=0.00, real=0.00 secs] 
24.188: [GC (Allocation Failure) 24.188: [DefNew: 959K->63K(960K), 0.0031237 secs] 847699K->847698K(1048512K), 0.0031745 secs] [Times: user=0.00 sys=0.00, real=0.00 secs] 
24.210: [GC (Allocation Failure) 24.210: [DefNew: 959K->64K(960K), 0.0034485 secs] 848594K->848591K(1048512K), 0.0034994 secs] [Times: user=0.01 sys=0.00, real=0.01 secs] 
24.233: [GC (Allocation Failure) 24.233: [DefNew: 960K->63K(960K), 0.0053696 secs] 849487K->849485K(1048512K), 0.0054815 secs] [Times: user=0.00 sys=0.00, real=0.00 secs] 
24.261: [GC (Allocation Failure) 24.261: [DefNew: 959K->64K(960K), 0.0031672 secs] 850381K->850376K(1048512K), 0.0032154 secs] [Times: user=0.01 sys=0.00, real=0.01 secs] 
24.284: [GC (Allocation Failure) 24.284: [DefNew: 960K->63K(960K), 0.0108328 secs] 851272K->851266K(1048512K), 0.0109719 secs] [Times: user=0.00 sys=0.00, real=0.01 secs] 
24.317: [GC (Allocation Failure) 24.317: [DefNew: 959K->63K(960K), 0.0078350 secs] 852162K->852160K(1048512K), 0.0079820 secs] [Times: user=0.00 sys=0.00, real=0.01 secs] 
24.345: [GC (Allocation Failure) 24.345: [DefNew: 959K->63K(960K), 0.0033617 secs] 853056K->853053K(1048512K), 0.0034058 secs] [Times: user=0.01 sys=0.00, real=0.00 secs] 
24.368: [GC (Allocation Failure) 24.368: [DefNew: 959K->63K(960K), 0.0031221 secs] 853949K->853947K(1048512K), 0.0031674 secs] [Times: user=0.00 sys=0.00, real=0.00 secs] 
24.391: [GC (Allocation Failure) 24.391: [DefNew: 959K->63K(960K), 0.0031625 secs] 854843K->854837K(1048512K), 0.0032093 secs] [Times: user=0.00 sys=0.00, real=0.01 secs] 
24.414: [GC (Allocation Failure) 24.414: [DefNew: 959K->63K(960K), 0.0033710 secs] 855733K->855728K(1048512K), 0.0034605 secs] [Times: user=0.00 sys=0.00, real=0.00 secs] 
24.437: [GC (Allocation Failure) 24.437: [DefNew: 959K->64K(960K), 0.0037837 secs] 856624K->856618K(1048512K), 0.0038421 secs] [Times: user=0.00 sys=0.00, real=0.00 secs] 
24.462: [GC (Allocation Failure) 24.462: [DefNew: 960K->63K(960K), 0.0035606 secs] 857514K->857509K(1048512K), 0.0036094 secs] [Times: user=0.01 sys=0.00, real=0.01 secs] 
24.485: [GC (Allocation Failure) 24.485: [DefNew: 959K->64K(960K), 0.0036622 secs] 858405K->858398K(1048512K), 0.0037293 secs] [Times: user=0.00 sys=0.00, real=0.00 secs] 
24.509: [GC (Allocation Failure) 24.509: [DefNew: 960K->63K(960K), 0.0035242 secs] 859294K->859292K(1048512K), 0.0035685 secs] [Times: user=0.00 sys=0.00, real=0.01 secs] 
24.533: [GC (Allocation Failure) 24.533: [DefNew: 959K->64K(960K), 0.0064102 secs] 860188K->860186K(1048512K), 0.0064871 secs] [Times: user=0.01 sys=0.00, real=0.00 secs] 
24.559: [GC (Allocation Failure) 24.559: [DefNew: 960K->63K(960K), 0.0034944 secs] 861082K->861079K(1048512K), 0.0035554 secs] [Times: user=0.00 sys=0.00, real=0.01 secs] 
24.584: [GC (Allocation Failure) 24.584: [DefNew: 959K->64K(960K), 0.0093014 secs] 861975K->861969K(1048512K), 0.0096466 secs] [Times: user=0.01 sys=0.00, real=0.01 secs] 
24.614: [GC (Allocation Failure) 24.614: [DefNew: 960K->63K(960K), 0.0036333 secs] 862865K->862863K(1048512K), 0.0036937 secs] [Times: user=0.01 sys=0.00, real=0.00 secs] 
24.637: [GC (Allocation Failure) 24.637: [DefNew: 959K->63K(960K), 0.0033939 secs] 863759K->863757K(1048512K), 0.0034431 secs] [Times: user=0.00 sys=0.00, real=0.00 secs] 
24.661: [GC (Allocation Failure) 24.661: [DefNew: 959K->63K(960K), 0.0069448 secs] 864653K->864650K(1048512K), 0.0070526 secs] [Times: user=0.01 sys=0.00, real=0.01 secs] 
24.689: [GC (Allocation Failure) 24.689: [DefNew: 959K->63K(960K), 0.0036217 secs] 865546K->865539K(1048512K), 0.0036693 secs] [Times: user=0.00 sys=0.00, real=0.01 secs] 
24.713: [GC (Allocation Failure) 24.713: [DefNew: 959K->63K(960K), 0.0035008 secs] 866435K->866434K(1048512K), 0.0035664 secs] [Times: user=0.00 sys=0.00, real=0.00 secs] 
24.738: [GC (Allocation Failure) 24.738: [DefNew: 959K->63K(960K), 0.0042793 secs] 867330K->867327K(1048512K), 0.0043436 secs] [Times: user=0.00 sys=0.01, real=0.00 secs] 
24.762: [GC (Allocation Failure) 24.762: [DefNew: 959K->63K(960K), 0.0036896 secs] 868223K->868221K(1048512K), 0.0037331 secs] [Times: user=0.00 sys=0.00, real=0.01 secs] 
24.785: [GC (Allocation Failure) 24.785: [DefNew: 959K->63K(960K), 0.0038171 secs] 869117K->869112K(1048512K), 0.0038756 secs] [Times: user=0.01 sys=0.00, real=0.00 secs] 
24.811: [GC (Allocation Failure) 24.811: [DefNew: 959K->63K(960K), 0.0031318 secs] 870008K->870001K(1048512K), 0.0031773 secs] [Times: user=0.00 sys=0.00, real=0.01 secs] 
24.834: [GC (Allocation Failure) 24.834: [DefNew: 959K->63K(960K), 0.0034390 secs] 870897K->870896K(1048512K), 0.0034857 secs] [Times: user=0.01 sys=0.00, real=0.00 secs] 
24.857: [GC (Allocation Failure) 24.857: [DefNew: 959K->63K(960K), 0.0032465 secs] 871792K->871789K(1048512K), 0.0032935 secs] [Times: user=0.00 sys=0.00, real=0.00 secs] 
24.881: [GC (Allocation Failure) 24.881: [DefNew: 959K->63K(960K), 0.0030158 secs] 872685K->872683K(1048512K), 0.0030580 secs] [Times: user=0.00 sys=0.00, real=0.01 secs] 
24.904: [GC (Allocation Failure) 24.904: [DefNew: 959K->63K(960K), 0.0032475 secs] 873579K->873573K(1048512K), 0.0032946 secs] [Times: user=0.01 sys=0.00, real=0.00 secs] 
24.927: [GC (Allocation Failure) 24.927: [DefNew: 959K->64K(960K), 0.0033578 secs] 874469K->874464K(1048512K), 0.0034127 secs] [Times: user=0.00 sys=0.00, real=0.00 secs] 
24.950: [GC (Allocation Failure) 24.950: [DefNew: 960K->63K(960K), 0.0033095 secs] 875360K->875354K(1048512K), 0.0033690 secs] [Times: user=0.00 sys=0.00, real=0.01 secs] 
24.973: [GC (Allocation Failure) 24.973: [DefNew: 959K->63K(960K), 0.0035691 secs] 876250K->876245K(1048512K), 0.0036220 secs] [Times: user=0.01 sys=0.00, real=0.00 secs] 
24.999: [GC (Allocation Failure) 24.999: [DefNew: 946K->63K(960K), 0.0037912 secs] 877127K->877121K(1048512K), 0.0039030 secs] [Times: user=0.00 sys=0.00, real=0.01 secs] 
25.024: [GC (Allocation Failure) 25.024: [DefNew: 959K->63K(960K), 0.0030946 secs] 878017K->878013K(1048512K), 0.0031339 secs] [Times: user=0.01 sys=0.00, real=0.00 secs] 
25.049: [GC (Allocation Failure) 25.049: [DefNew: 959K->63K(960K), 0.0040549 secs] 878909K->878904K(1048512K), 0.0041249 secs] [Times: user=0.00 sys=0.00, real=0.01 secs] 
25.075: [GC (Allocation Failure) 25.075: [DefNew: 959K->64K(960K), 0.0036824 secs] 879800K->879798K(1048512K), 0.0037295 secs] [Times: user=0.00 sys=0.00, real=0.00 secs] 
25.100: [GC (Allocation Failure) 25.100: [DefNew: 960K->63K(960K), 0.0030348 secs] 880694K->880692K(1048512K), 0.0030872 secs] [Times: user=0.00 sys=0.00, real=0.01 secs] 
25.124: [GC (Allocation Failure) 25.124: [DefNew: 959K->63K(960K), 0.0030996 secs] 881588K->881582K(1048512K), 0.0031449 secs] [Times: user=0.00 sys=0.00, real=0.00 secs] 
25.150: [GC (Allocation Failure) 25.150: [DefNew: 959K->63K(960K), 0.0032080 secs] 882478K->882476K(1048512K), 0.0032505 secs] [Times: user=0.01 sys=0.00, real=0.01 secs] 
25.173: [GC (Allocation Failure) 25.173: [DefNew: 959K->63K(960K), 0.0041626 secs] 883372K->883370K(1048512K), 0.0042525 secs] [Times: user=0.00 sys=0.00, real=0.00 secs] 
25.198: [GC (Allocation Failure) 25.198: [DefNew: 959K->64K(960K), 0.0042216 secs] 884266K->884262K(1048512K), 0.0042781 secs] [Times: user=0.01 sys=0.00, real=0.00 secs] 
25.225: [GC (Allocation Failure) 25.225: [DefNew: 960K->63K(960K), 0.0046647 secs] 885158K->885151K(1048512K), 0.0047470 secs] [Times: user=0.00 sys=0.00, real=0.00 secs] 
25.251: [GC (Allocation Failure) 25.251: [DefNew: 959K->63K(960K), 0.0031850 secs] 886047K->886043K(1048512K), 0.0032313 secs] [Times: user=0.01 sys=0.00, real=0.01 secs] 
25.277: [GC (Allocation Failure) 25.277: [DefNew: 959K->63K(960K), 0.0031015 secs] 886939K->886935K(1048512K), 0.0031556 secs] [Times: user=0.00 sys=0.00, real=0.00 secs] 
25.301: [GC (Allocation Failure) 25.301: [DefNew: 959K->63K(960K), 0.0032569 secs] 887831K->887829K(1048512K), 0.0033053 secs] [Times: user=0.00 sys=0.01, real=0.01 secs] 
25.327: [GC (Allocation Failure) 25.327: [DefNew: 959K->63K(960K), 0.0029213 secs] 888725K->888720K(1048512K), 0.0029623 secs] [Times: user=0.01 sys=0.00, real=0.00 secs] 
25.352: [GC (Allocation Failure) 25.352: [DefNew: 959K->63K(960K), 0.0031984 secs] 889616K->889613K(1048512K), 0.0032492 secs] [Times: user=0.00 sys=0.00, real=0.01 secs] 
25.376: [GC (Allocation Failure) 25.376: [DefNew: 959K->64K(960K), 0.0030864 secs] 890509K->890508K(1048512K), 0.0031348 secs] [Times: user=0.00 sys=0.00, real=0.00 secs] 
25.402: [GC (Allocation Failure) 25.402: [DefNew: 960K->63K(960K), 0.0033742 secs] 891404K->891401K(1048512K), 0.0034281 secs] [Times: user=0.01 sys=0.00, real=0.01 secs] 
25.427: [GC (Allocation Failure) 25.427: [DefNew: 959K->63K(960K), 0.0041493 secs] 892297K->892293K(1048512K), 0.0042295 secs] [Times: user=0.00 sys=0.00, real=0.00 secs] 
25.452: [GC (Allocation Failure) 25.452: [DefNew: 959K->64K(960K), 0.0033715 secs] 893189K->893187K(1048512K), 0.0034228 secs] [Times: user=0.01 sys=0.00, real=0.01 secs] 
25.478: [GC (Allocation Failure) 25.478: [DefNew: 960K->64K(960K), 0.0033615 secs] 894083K->894080K(1048512K), 0.0034335 secs] [Times: user=0.00 sys=0.00, real=0.00 secs] 
25.504: [GC (Allocation Failure) 25.504: [DefNew: 960K->63K(960K), 0.0034042 secs] 894976K->894971K(1048512K), 0.0034527 secs] [Times: user=0.00 sys=0.00, real=0.00 secs] 
25.530: [GC (Allocation Failure) 25.530: [DefNew: 959K->64K(960K), 0.0033849 secs] 895867K->895863K(1048512K), 0.0034285 secs] [Times: user=0.00 sys=0.00, real=0.01 secs] 
25.555: [GC (Allocation Failure) 25.555: [DefNew: 960K->63K(960K), 0.0046835 secs] 896759K->896758K(1048512K), 0.0047329 secs] [Times: user=0.00 sys=0.00, real=0.00 secs] 
25.582: [GC (Allocation Failure) 25.582: [DefNew: 959K->64K(960K), 0.0033010 secs] 897654K->897650K(1048512K), 0.0033495 secs] [Times: user=0.01 sys=0.01, real=0.00 secs] 
25.607: [GC (Allocation Failure) 25.607: [DefNew: 960K->63K(960K), 0.0032045 secs] 898546K->898542K(1048512K), 0.0032546 secs] [Times: user=0.00 sys=0.00, real=0.00 secs] 
25.632: [GC (Allocation Failure) 25.632: [DefNew: 959K->63K(960K), 0.0071533 secs] 899438K->899434K(1048512K), 0.0072627 secs] [Times: user=0.01 sys=0.00, real=0.01 secs] 
25.662: [GC (Allocation Failure) 25.662: [DefNew: 959K->64K(960K), 0.0080744 secs] 900330K->900327K(1048512K), 0.0081708 secs] [Times: user=0.01 sys=0.00, real=0.01 secs] 
25.691: [GC (Allocation Failure) 25.691: [DefNew: 960K->63K(960K), 0.0035041 secs] 901223K->901219K(1048512K), 0.0035497 secs] [Times: user=0.00 sys=0.00, real=0.01 secs] 
25.717: [GC (Allocation Failure) 25.718: [DefNew: 959K->63K(960K), 0.0033571 secs] 902115K->902111K(1048512K), 0.0034208 secs] [Times: user=0.00 sys=0.00, real=0.00 secs] 
25.740: [GC (Allocation Failure) 25.740: [DefNew: 959K->64K(960K), 0.0034760 secs] 903007K->903003K(1048512K), 0.0035347 secs] [Times: user=0.01 sys=0.00, real=0.01 secs] 
25.765: [GC (Allocation Failure) 25.765: [DefNew: 960K->64K(960K), 0.0031482 secs] 903899K->903897K(1048512K), 0.0031943 secs] [Times: user=0.00 sys=0.00, real=0.00 secs] 
25.790: [GC (Allocation Failure) 25.790: [DefNew: 960K->63K(960K), 0.0030312 secs] 904793K->904789K(1048512K), 0.0030975 secs] [Times: user=0.00 sys=0.00, real=0.01 secs] 
25.815: [GC (Allocation Failure) 25.815: [DefNew: 959K->63K(960K), 0.0032694 secs] 905685K->905681K(1048512K), 0.0033167 secs] [Times: user=0.00 sys=0.00, real=0.00 secs] 
25.841: [GC (Allocation Failure) 25.841: [DefNew: 959K->63K(960K), 0.0060225 secs] 906577K->906573K(1048512K), 0.0061270 secs] [Times: user=0.00 sys=0.00, real=0.01 secs] 
25.869: [GC (Allocation Failure) 25.869: [DefNew: 959K->63K(960K), 0.0035771 secs] 907469K->907466K(1048512K), 0.0036253 secs] [Times: user=0.00 sys=0.00, real=0.00 secs] 
25.894: [GC (Allocation Failure) 25.894: [DefNew: 959K->64K(960K), 0.0041401 secs] 908362K->908358K(1048512K), 0.0042444 secs] [Times: user=0.00 sys=0.00, real=0.00 secs] 
25.921: [GC (Allocation Failure) 25.921: [DefNew: 960K->63K(960K), 0.0032789 secs] 909254K->909250K(1048512K), 0.0033399 secs] [Times: user=0.01 sys=0.00, real=0.01 secs] 
25.944: [GC (Allocation Failure) 25.944: [DefNew: 959K->64K(960K), 0.0034873 secs] 910146K->910142K(1048512K), 0.0035650 secs] [Times: user=0.00 sys=0.00, real=0.00 secs] 
25.967: [GC (Allocation Failure) 25.967: [DefNew: 960K->63K(960K), 0.0056371 secs] 911038K->911037K(1048512K), 0.0056910 secs] [Times: user=0.01 sys=0.00, real=0.00 secs] 
25.994: [GC (Allocation Failure) 25.994: [DefNew: 959K->63K(960K), 0.0033633 secs] 911933K->911929K(1048512K), 0.0034073 secs] [Times: user=0.00 sys=0.00, real=0.00 secs] 
26.019: [GC (Allocation Failure) 26.019: [DefNew: 959K->64K(960K), 0.0035437 secs] 912825K->912820K(1048512K), 0.0035925 secs] [Times: user=0.00 sys=0.00, real=0.01 secs] 
26.044: [GC (Allocation Failure) 26.044: [DefNew: 960K->63K(960K), 0.0058697 secs] 913716K->913712K(1048512K), 0.0059665 secs] [Times: user=0.00 sys=0.00, real=0.00 secs] 
26.072: [GC (Allocation Failure) 26.072: [DefNew: 959K->63K(960K), 0.0046812 secs] 914608K->914606K(1048512K), 0.0047464 secs] [Times: user=0.01 sys=0.00, real=0.01 secs] 
26.098: [GC (Allocation Failure) 26.098: [DefNew: 959K->63K(960K), 0.0044330 secs] 915502K->915498K(1048512K), 0.0045091 secs] [Times: user=0.00 sys=0.00, real=0.00 secs] 
26.122: [GC (Allocation Failure) 26.122: [DefNew: 959K->63K(960K), 0.0036674 secs] 916394K->916389K(1048512K), 0.0037422 secs] [Times: user=0.00 sys=0.00, real=0.01 secs] 
26.148: [GC (Allocation Failure) 26.148: [DefNew: 959K->64K(960K), 0.0030939 secs] 917285K->917281K(1048512K), 0.0031377 secs] [Times: user=0.00 sys=0.00, real=0.00 secs] 
26.174: [GC (Allocation Failure) 26.174: [DefNew: 960K->63K(960K), 0.0054854 secs] 918177K->918176K(1048512K), 0.0055933 secs] [Times: user=0.00 sys=0.00, real=0.00 secs] 
26.200: [GC (Allocation Failure) 26.200: [DefNew: 959K->64K(960K), 0.0036003 secs] 919072K->919068K(1048512K), 0.0036513 secs] [Times: user=0.01 sys=0.00, real=0.01 secs] 
26.225: [GC (Allocation Failure) 26.225: [DefNew: 960K->63K(960K), 0.0039152 secs] 919964K->919959K(1048512K), 0.0040069 secs] [Times: user=0.00 sys=0.00, real=0.00 secs] 
26.249: [GC (Allocation Failure) 26.249: [DefNew: 959K->63K(960K), 0.0089749 secs] 920855K->920852K(1048512K), 0.0092551 secs] [Times: user=0.01 sys=0.00, real=0.01 secs] 
26.278: [GC (Allocation Failure) 26.278: [DefNew: 959K->64K(960K), 0.0035791 secs] 921748K->921745K(1048512K), 0.0036262 secs] [Times: user=0.01 sys=0.00, real=0.00 secs] 
26.303: [GC (Allocation Failure) 26.303: [DefNew: 960K->64K(960K), 0.0036745 secs] 922641K->922637K(1048512K), 0.0037242 secs] [Times: user=0.00 sys=0.00, real=0.00 secs] 
26.328: [GC (Allocation Failure) 26.328: [DefNew: 960K->64K(960K), 0.0032496 secs] 923533K->923528K(1048512K), 0.0032949 secs] [Times: user=0.00 sys=0.00, real=0.00 secs] 
26.353: [GC (Allocation Failure) 26.353: [DefNew: 960K->63K(960K), 0.0073471 secs] 924424K->924420K(1048512K), 0.0074336 secs] [Times: user=0.00 sys=0.00, real=0.00 secs] 
26.382: [GC (Allocation Failure) 26.382: [DefNew: 959K->63K(960K), 0.0057220 secs] 925316K->925315K(1048512K), 0.0058109 secs] [Times: user=0.01 sys=0.00, real=0.01 secs] 
26.408: [GC (Allocation Failure) 26.408: [DefNew: 959K->63K(960K), 0.0033998 secs] 926211K->926207K(1048512K), 0.0034458 secs] [Times: user=0.00 sys=0.00, real=0.00 secs] 
26.435: [GC (Allocation Failure) 26.435: [DefNew: 959K->63K(960K), 0.0035766 secs] 927103K->927098K(1048512K), 0.0036259 secs] [Times: user=0.01 sys=0.00, real=0.00 secs] 
26.460: [GC (Allocation Failure) 26.460: [DefNew: 959K->64K(960K), 0.0033717 secs] 927994K->927991K(1048512K), 0.0034182 secs] [Times: user=0.00 sys=0.00, real=0.01 secs] 
26.485: [GC (Allocation Failure) 26.485: [DefNew: 960K->63K(960K), 0.0039346 secs] 928887K->928884K(1048512K), 0.0040073 secs] [Times: user=0.00 sys=0.00, real=0.00 secs] 
26.511: [GC (Allocation Failure) 26.511: [DefNew: 959K->64K(960K), 0.0033625 secs] 929780K->929776K(1048512K), 0.0034087 secs] [Times: user=0.01 sys=0.00, real=0.01 secs] 
26.539: [GC (Allocation Failure) 26.539: [DefNew: 960K->64K(960K), 0.0035273 secs] 930672K->930667K(1048512K), 0.0035860 secs] [Times: user=0.00 sys=0.01, real=0.00 secs] 
26.564: [GC (Allocation Failure) 26.564: [DefNew: 960K->64K(960K), 0.0079102 secs] 931563K->931559K(1048512K), 0.0079992 secs] [Times: user=0.01 sys=0.00, real=0.00 secs] 
26.593: [GC (Allocation Failure) 26.593: [DefNew: 960K->64K(960K), 0.0033787 secs] 932455K->932454K(1048512K), 0.0034236 secs] [Times: user=0.00 sys=0.00, real=0.00 secs] 
26.619: [GC (Allocation Failure) 26.619: [DefNew: 960K->63K(960K), 0.0034836 secs] 933350K->933346K(1048512K), 0.0035343 secs] [Times: user=0.01 sys=0.00, real=0.01 secs] 
26.644: [GC (Allocation Failure) 26.644: [DefNew: 959K->64K(960K), 0.0034072 secs] 934242K->934237K(1048512K), 0.0034504 secs] [Times: user=0.00 sys=0.00, real=0.00 secs] 
26.671: [GC (Allocation Failure) 26.671: [DefNew: 960K->63K(960K), 0.0058340 secs] 935133K->935130K(1048512K), 0.0059738 secs] [Times: user=0.00 sys=0.00, real=0.01 secs] 
26.699: [GC (Allocation Failure) 26.699: [DefNew: 959K->63K(960K), 0.0034394 secs] 936026K->936023K(1048512K), 0.0034918 secs] [Times: user=0.00 sys=0.00, real=0.01 secs] 
26.724: [GC (Allocation Failure) 26.724: [DefNew: 959K->63K(960K), 0.0035951 secs] 936919K->936915K(1048512K), 0.0036385 secs] [Times: user=0.00 sys=0.00, real=0.00 secs] 
26.747: [GC (Allocation Failure) 26.747: [DefNew: 959K->63K(960K), 0.0043943 secs] 937811K->937806K(1048512K), 0.0044470 secs] [Times: user=0.00 sys=0.00, real=0.00 secs] 
26.772: [GC (Allocation Failure) 26.773: [DefNew: 959K->63K(960K), 0.0069885 secs] 938702K->938698K(1048512K), 0.0071237 secs] [Times: user=0.01 sys=0.01, real=0.00 secs] 
26.802: [GC (Allocation Failure) 26.802: [DefNew: 959K->64K(960K), 0.0040241 secs] 939594K->939593K(1048512K), 0.0040839 secs] [Times: user=0.01 sys=0.00, real=0.01 secs] 
26.829: [GC (Allocation Failure) 26.829: [DefNew: 960K->64K(960K), 0.0035187 secs] 940489K->940485K(1048512K), 0.0035624 secs] [Times: user=0.00 sys=0.00, real=0.01 secs] 
26.854: [GC (Allocation Failure) 26.855: [DefNew: 960K->63K(960K), 0.0037975 secs] 941381K->941377K(1048512K), 0.0038482 secs] [Times: user=0.00 sys=0.00, real=0.00 secs] 
26.882: [GC (Allocation Failure) 26.882: [DefNew: 959K->64K(960K), 0.0035150 secs] 942273K->942269K(1048512K), 0.0035610 secs] [Times: user=0.01 sys=0.00, real=0.01 secs] 
26.908: [GC (Allocation Failure) 26.908: [DefNew: 960K->63K(960K), 0.0034416 secs] 943165K->943162K(1048512K), 0.0034904 secs] [Times: user=0.00 sys=0.00, real=0.00 secs] 
26.933: [GC (Allocation Failure) 26.933: [DefNew: 959K->63K(960K), 0.0033242 secs] 944058K->944054K(1048512K), 0.0033674 secs] [Times: user=0.01 sys=0.00, real=0.00 secs] 
26.959: [GC (Allocation Failure) 26.959: [DefNew: 959K->63K(960K), 0.0038076 secs] 944950K->944946K(1048512K), 0.0038638 secs] [Times: user=0.00 sys=0.00, real=0.01 secs] 
26.984: [GC (Allocation Failure) 26.984: [DefNew: 959K->63K(960K), 0.0072618 secs] 945842K->945838K(1048512K), 0.0073759 secs] [Times: user=0.01 sys=0.00, real=0.00 secs] 
27.012: [GC (Allocation Failure) 27.012: [DefNew: 959K->63K(960K), 0.0036400 secs] 946734K->946732K(1048512K), 0.0036964 secs] [Times: user=0.00 sys=0.00, real=0.01 secs] 
27.038: [GC (Allocation Failure) 27.038: [DefNew: 959K->63K(960K), 0.0038670 secs] 947628K->947624K(1048512K), 0.0039142 secs] [Times: user=0.01 sys=0.00, real=0.00 secs] 
27.064: [GC (Allocation Failure) 27.064: [DefNew: 959K->63K(960K), 0.0032450 secs] 948520K->948516K(1048512K), 0.0032905 secs] [Times: user=0.00 sys=0.00, real=0.00 secs] 
27.087: [GC (Allocation Failure) 27.087: [DefNew: 959K->63K(960K), 0.0034744 secs] 949412K->949408K(1048512K), 0.0035327 secs] [Times: user=0.00 sys=0.00, real=0.00 secs] 
27.113: [GC (Allocation Failure) 27.113: [DefNew: 959K->64K(960K), 0.0034511 secs] 950304K->950301K(1048512K), 0.0035042 secs] [Times: user=0.01 sys=0.00, real=0.00 secs] 
27.136: [GC (Allocation Failure) 27.136: [DefNew: 960K->63K(960K), 0.0031675 secs] 951197K->951193K(1048512K), 0.0032090 secs] [Times: user=0.00 sys=0.00, real=0.00 secs] 
27.160: [GC (Allocation Failure) 27.160: [DefNew: 959K->64K(960K), 0.0037115 secs] 952089K->952085K(1048512K), 0.0037733 secs] [Times: user=0.01 sys=0.00, real=0.01 secs] 
27.186: [GC (Allocation Failure) 27.186: [DefNew: 960K->63K(960K), 0.0098480 secs] 952981K->952977K(1048512K), 0.0099865 secs] [Times: user=0.00 sys=0.00, real=0.01 secs] 
27.216: [GC (Allocation Failure) 27.216: [DefNew: 959K->63K(960K), 0.0039152 secs] 953873K->953872K(1048512K), 0.0039653 secs] [Times: user=0.00 sys=0.00, real=0.00 secs] 
27.243: [GC (Allocation Failure) 27.243: [DefNew: 959K->63K(960K), 0.0035667 secs] 954768K->954764K(1048512K), 0.0036124 secs] [Times: user=0.00 sys=0.00, real=0.00 secs] 
27.269: [GC (Allocation Failure) 27.269: [DefNew: 959K->63K(960K), 0.0033648 secs] 955660K->955655K(1048512K), 0.0034076 secs] [Times: user=0.01 sys=0.00, real=0.01 secs] 
27.294: [GC (Allocation Failure) 27.294: [DefNew: 959K->63K(960K), 0.0040812 secs] 956551K->956547K(1048512K), 0.0041465 secs] [Times: user=0.00 sys=0.00, real=0.00 secs] 
27.320: [GC (Allocation Failure) 27.320: [DefNew: 959K->63K(960K), 0.0033149 secs] 957443K->957441K(1048512K), 0.0033630 secs] [Times: user=0.01 sys=0.00, real=0.01 secs] 
27.346: [GC (Allocation Failure) 27.346: [DefNew: 959K->63K(960K), 0.0033015 secs] 958337K->958333K(1048512K), 0.0033480 secs] [Times: user=0.00 sys=0.00, real=0.00 secs] 
27.370: [GC (Allocation Failure) 27.370: [DefNew: 959K->63K(960K), 0.0031332 secs] 959229K->959224K(1048512K), 0.0031775 secs] [Times: user=0.00 sys=0.00, real=0.01 secs] 
27.394: [GC (Allocation Failure) 27.394: [DefNew: 959K->63K(960K), 0.0051371 secs] 960120K->960116K(1048512K), 0.0052134 secs] [Times: user=0.01 sys=0.00, real=0.00 secs] 
27.422: [GC (Allocation Failure) 27.422: [DefNew: 959K->63K(960K), 0.0036790 secs] 961012K->961011K(1048512K), 0.0037263 secs] [Times: user=0.00 sys=0.00, real=0.00 secs] 
27.447: [GC (Allocation Failure) 27.447: [DefNew: 959K->63K(960K), 0.0034496 secs] 961907K->961903K(1048512K), 0.0034952 secs] [Times: user=0.01 sys=0.00, real=0.00 secs] 
27.474: [GC (Allocation Failure) 27.474: [DefNew: 959K->63K(960K), 0.0037210 secs] 962799K->962794K(1048512K), 0.0037699 secs] [Times: user=0.00 sys=0.00, real=0.00 secs] 
27.501: [GC (Allocation Failure) 27.501: [DefNew: 959K->63K(960K), 0.0035264 secs] 963690K->963687K(1048512K), 0.0035737 secs] [Times: user=0.00 sys=0.00, real=0.01 secs] 
27.526: [GC (Allocation Failure) 27.526: [DefNew: 959K->63K(960K), 0.0034634 secs] 964583K->964580K(1048512K), 0.0035118 secs] [Times: user=0.00 sys=0.00, real=0.00 secs] 
27.553: [GC (Allocation Failure) 27.553: [DefNew: 959K->64K(960K), 0.0049588 secs] 965476K->965472K(1048512K), 0.0050032 secs] [Times: user=0.00 sys=0.00, real=0.00 secs] 
27.580: [GC (Allocation Failure) 27.580: [DefNew: 960K->64K(960K), 0.0033566 secs] 966368K->966363K(1048512K), 0.0034106 secs] [Times: user=0.00 sys=0.00, real=0.01 secs] 
27.604: [GC (Allocation Failure) 27.604: [DefNew: 960K->63K(960K), 0.0091034 secs] 967259K->967255K(1048512K), 0.0092371 secs] [Times: user=0.01 sys=0.00, real=0.01 secs] 
27.635: [GC (Allocation Failure) 27.635: [DefNew: 959K->63K(960K), 0.0036830 secs] 968151K->968150K(1048512K), 0.0037261 secs] [Times: user=0.00 sys=0.00, real=0.00 secs] 
27.660: [GC (Allocation Failure) 27.660: [DefNew: 959K->63K(960K), 0.0035386 secs] 969046K->969042K(1048512K), 0.0035823 secs] [Times: user=0.01 sys=0.00, real=0.01 secs] 
27.685: [GC (Allocation Failure) 27.685: [DefNew: 959K->63K(960K), 0.0047485 secs] 969938K->969933K(1048512K), 0.0048072 secs] [Times: user=0.00 sys=0.00, real=0.00 secs] 
27.713: [GC (Allocation Failure) 27.713: [DefNew: 959K->64K(960K), 0.0034492 secs] 970829K->970826K(1048512K), 0.0035065 secs] [Times: user=0.01 sys=0.00, real=0.00 secs] 
27.735: [GC (Allocation Failure) 27.735: [DefNew: 960K->63K(960K), 0.0035010 secs] 971722K->971719K(1048512K), 0.0035543 secs] [Times: user=0.00 sys=0.00, real=0.00 secs] 
27.761: [GC (Allocation Failure) 27.761: [DefNew: 959K->64K(960K), 0.0034903 secs] 972615K->972611K(1048512K), 0.0035373 secs] [Times: user=0.00 sys=0.00, real=0.01 secs] 
27.786: [GC (Allocation Failure) 27.786: [DefNew: 960K->63K(960K), 0.0036955 secs] 973507K->973502K(1048512K), 0.0037489 secs] [Times: user=0.01 sys=0.00, real=0.00 secs] 
27.810: [GC (Allocation Failure) 27.810: [DefNew: 959K->63K(960K), 0.0066624 secs] 974398K->974394K(1048512K), 0.0067361 secs] [Times: user=0.00 sys=0.00, real=0.01 secs] 
27.839: [GC (Allocation Failure) 27.839: [DefNew: 959K->64K(960K), 0.0037552 secs] 975290K->975289K(1048512K), 0.0038025 secs] [Times: user=0.00 sys=0.00, real=0.01 secs] 
27.866: [GC (Allocation Failure) 27.866: [DefNew: 960K->63K(960K), 0.0035377 secs] 976185K->976181K(1048512K), 0.0035825 secs] [Times: user=0.00 sys=0.00, real=0.00 secs] 
27.890: [GC (Allocation Failure) 27.890: [DefNew: 959K->63K(960K), 0.0037348 secs] 977077K->977072K(1048512K), 0.0037880 secs] [Times: user=0.01 sys=0.00, real=0.01 secs] 
27.914: [GC (Allocation Failure) 27.914: [DefNew: 959K->63K(960K), 0.0034094 secs] 977968K->977965K(1048512K), 0.0034539 secs] [Times: user=0.00 sys=0.00, real=0.00 secs] 
27.941: [GC (Allocation Failure) 27.941: [DefNew: 959K->64K(960K), 0.0034567 secs] 978861K->978858K(1048512K), 0.0034983 secs] [Times: user=0.00 sys=0.00, real=0.01 secs] 
27.966: [GC (Allocation Failure) 27.966: [DefNew: 960K->63K(960K), 0.0035568 secs] 979754K->979750K(1048512K), 0.0036013 secs] [Times: user=0.00 sys=0.00, real=0.00 secs] 
27.992: [GC (Allocation Failure) 27.992: [DefNew: 959K->63K(960K), 0.0036246 secs] 980646K->980641K(1048512K), 0.0036757 secs] [Times: user=0.00 sys=0.00, real=0.01 secs] 
28.016: [GC (Allocation Failure) 28.016: [DefNew: 959K->63K(960K), 0.0045455 secs] 981537K->981536K(1048512K), 0.0045948 secs] [Times: user=0.01 sys=0.00, real=0.00 secs] 
28.042: [GC (Allocation Failure) 28.042: [DefNew: 959K->63K(960K), 0.0035945 secs] 982432K->982427K(1048512K), 0.0036410 secs] [Times: user=0.00 sys=0.00, real=0.01 secs] 
28.067: [GC (Allocation Failure) 28.067: [DefNew: 959K->63K(960K), 0.0035703 secs] 983323K->983320K(1048512K), 0.0036142 secs] [Times: user=0.01 sys=0.00, real=0.00 secs] 
28.091: [GC (Allocation Failure) 28.091: [DefNew: 959K->63K(960K), 0.0039189 secs] 984216K->984214K(1048512K), 0.0039626 secs] [Times: user=0.00 sys=0.00, real=0.01 secs] 
28.114: [GC (Allocation Failure) 28.114: [DefNew: 959K->63K(960K), 0.0050609 secs] 985110K->985108K(1048512K), 0.0051107 secs] [Times: user=0.01 sys=0.00, real=0.00 secs] 
28.140: [GC (Allocation Failure) 28.140: [DefNew: 959K->63K(960K), 0.0034574 secs] 986004K->986000K(1048512K), 0.0035002 secs] [Times: user=0.00 sys=0.00, real=0.01 secs] 
28.166: [GC (Allocation Failure) 28.166: [DefNew: 959K->63K(960K), 0.0035299 secs] 986896K->986894K(1048512K), 0.0035732 secs] [Times: user=0.00 sys=0.00, real=0.00 secs] 
28.190: [GC (Allocation Failure) 28.190: [DefNew: 959K->64K(960K), 0.0062357 secs] 987790K->987787K(1048512K), 0.0063418 secs] [Times: user=0.00 sys=0.01, real=0.01 secs] 
28.219: [GC (Allocation Failure) 28.219: [DefNew: 960K->63K(960K), 0.0034684 secs] 988683K->988678K(1048512K), 0.0035153 secs] [Times: user=0.00 sys=0.00, real=0.00 secs] 
28.242: [GC (Allocation Failure) 28.243: [DefNew: 959K->63K(960K), 0.0045028 secs] 989574K->989570K(1048512K), 0.0045789 secs] [Times: user=0.00 sys=0.00, real=0.00 secs] 
28.269: [GC (Allocation Failure) 28.269: [DefNew: 959K->63K(960K), 0.0036767 secs] 990466K->990465K(1048512K), 0.0037200 secs] [Times: user=0.00 sys=0.00, real=0.01 secs] 
28.293: [GC (Allocation Failure) 28.293: [DefNew: 959K->63K(960K), 0.0050078 secs] 991361K->991357K(1048512K), 0.0050686 secs] [Times: user=0.00 sys=0.00, real=0.00 secs] 
28.317: [GC (Allocation Failure) 28.317: [DefNew: 959K->63K(960K), 0.0033047 secs] 992253K->992248K(1048512K), 0.0033480 secs] [Times: user=0.00 sys=0.00, real=0.00 secs] 
28.342: [GC (Allocation Failure) 28.342: [DefNew: 959K->64K(960K), 0.0032084 secs] 993144K->993141K(1048512K), 0.0032502 secs] [Times: user=0.01 sys=0.00, real=0.00 secs] 
28.368: [GC (Allocation Failure) 28.368: [DefNew: 960K->63K(960K), 0.0032905 secs] 994037K->994034K(1048512K), 0.0033597 secs] [Times: user=0.00 sys=0.00, real=0.00 secs] 
28.393: [GC (Allocation Failure) 28.393: [DefNew: 959K->63K(960K), 0.0035795 secs] 994930K->994926K(1048512K), 0.0036262 secs] [Times: user=0.01 sys=0.00, real=0.00 secs] 
28.419: [GC (Allocation Failure) 28.419: [DefNew: 959K->63K(960K), 0.0034578 secs] 995822K->995818K(1048512K), 0.0035032 secs] [Times: user=0.00 sys=0.00, real=0.00 secs] 
28.444: [GC (Allocation Failure) 28.444: [DefNew: 959K->64K(960K), 0.0062456 secs] 996714K->996709K(1048512K), 0.0063295 secs] [Times: user=0.01 sys=0.00, real=0.00 secs] 
28.471: [GC (Allocation Failure) 28.471: [DefNew: 960K->64K(960K), 0.0035837 secs] 997605K->997604K(1048512K), 0.0036329 secs] [Times: user=0.00 sys=0.01, real=0.01 secs] 
28.498: [GC (Allocation Failure) 28.498: [DefNew: 960K->63K(960K), 0.0034983 secs] 998500K->998496K(1048512K), 0.0035436 secs] [Times: user=0.00 sys=0.00, real=0.00 secs] 
28.523: [GC (Allocation Failure) 28.523: [DefNew: 959K->63K(960K), 0.0037770 secs] 999392K->999388K(1048512K), 0.0038273 secs] [Times: user=0.00 sys=0.00, real=0.00 secs] 
28.549: [GC (Allocation Failure) 28.549: [DefNew: 959K->63K(960K), 0.0035984 secs] 1000284K->1000280K(1048512K), 0.0036460 secs] [Times: user=0.00 sys=0.00, real=0.01 secs] 
28.576: [GC (Allocation Failure) 28.576: [DefNew: 959K->64K(960K), 0.0036364 secs] 1001176K->1001173K(1048512K), 0.0036910 secs] [Times: user=0.01 sys=0.00, real=0.00 secs] 
28.602: [GC (Allocation Failure) 28.602: [DefNew: 960K->63K(960K), 0.0036028 secs] 1002069K->1002065K(1048512K), 0.0036458 secs] [Times: user=0.00 sys=0.00, real=0.01 secs] 
28.626: [GC (Allocation Failure) 28.626: [DefNew: 959K->63K(960K), 0.0039894 secs] 1002961K->1002957K(1048512K), 0.0040340 secs] [Times: user=0.01 sys=0.00, real=0.00 secs] 
28.652: [GC (Allocation Failure) 28.652: [DefNew: 959K->64K(960K), 0.0097882 secs] 1003853K->1003849K(1048512K), 0.0098845 secs] [Times: user=0.01 sys=0.00, real=0.01 secs] 
28.682: [GC (Allocation Failure) 28.682: [DefNew: 960K->63K(960K), 0.0037278 secs] 1004745K->1004743K(1048512K), 0.0037823 secs] [Times: user=0.00 sys=0.00, real=0.00 secs] 
28.708: [GC (Allocation Failure) 28.709: [DefNew: 959K->64K(960K), 0.0035120 secs] 1005639K->1005635K(1048512K), 0.0035615 secs] [Times: user=0.00 sys=0.00, real=0.00 secs] 
28.733: [GC (Allocation Failure) 28.733: [DefNew: 960K->63K(960K), 0.0035659 secs] 1006531K->1006527K(1048512K), 0.0036102 secs] [Times: user=0.01 sys=0.00, real=0.00 secs] 
28.755: [GC (Allocation Failure) 28.755: [DefNew: 959K->63K(960K), 0.0038029 secs] 1007423K->1007419K(1048512K), 0.0038491 secs] [Times: user=0.00 sys=0.01, real=0.00 secs] 
28.781: [GC (Allocation Failure) 28.781: [DefNew: 959K->64K(960K), 0.0036186 secs] 1008315K->1008312K(1048512K), 0.0036666 secs] [Times: user=0.01 sys=0.00, real=0.01 secs] 
28.807: [GC (Allocation Failure) 28.807: [DefNew: 960K->63K(960K), 0.0033777 secs] 1009208K->1009204K(1048512K), 0.0034210 secs] [Times: user=0.00 sys=0.00, real=0.00 secs] 
28.832: [GC (Allocation Failure) 28.832: [DefNew: 959K->63K(960K), 0.0038647 secs] 1010100K->1010096K(1048512K), 0.0039207 secs] [Times: user=0.00 sys=0.00, real=0.01 secs] 
28.857: [GC (Allocation Failure) 28.857: [DefNew: 959K->63K(960K), 0.0071842 secs] 1010992K->1010988K(1048512K), 0.0072955 secs] [Times: user=0.00 sys=0.00, real=0.01 secs] 
28.887: [GC (Allocation Failure) 28.887: [DefNew: 959K->64K(960K), 0.0038953 secs] 1011884K->1011883K(1048512K), 0.0039476 secs] [Times: user=0.01 sys=0.00, real=0.00 secs] 
28.912: [GC (Allocation Failure) 28.912: [DefNew: 960K->64K(960K), 0.0035459 secs] 1012779K->1012775K(1048512K), 0.0035896 secs] [Times: user=0.00 sys=0.00, real=0.01 secs] 
28.938: [GC (Allocation Failure) 28.938: [DefNew: 960K->63K(960K), 0.0040571 secs] 1013671K->1013666K(1048512K), 0.0041187 secs] [Times: user=0.00 sys=0.00, real=0.01 secs] 
28.965: [GC (Allocation Failure) 28.965: [DefNew: 959K->63K(960K), 0.0034723 secs] 1014562K->1014559K(1048512K), 0.0035214 secs] [Times: user=0.00 sys=0.00, real=0.00 secs] 
28.990: [GC (Allocation Failure) 28.990: [DefNew: 959K->64K(960K), 0.0048985 secs] 1015455K->1015452K(1048512K), 0.0049529 secs] [Times: user=0.00 sys=0.00, real=0.01 secs] 
29.017: [GC (Allocation Failure) 29.017: [DefNew: 960K->63K(960K), 0.0037381 secs] 1016348K->1016344K(1048512K), 0.0037858 secs] [Times: user=0.01 sys=0.00, real=0.00 secs] 
29.044: [GC (Allocation Failure) 29.044: [DefNew: 959K->63K(960K), 0.0037133 secs] 1017240K->1017235K(1048512K), 0.0037620 secs] [Times: user=0.00 sys=0.00, real=0.00 secs] 
29.068: [GC (Allocation Failure) 29.068: [DefNew: 959K->63K(960K), 0.0097632 secs] 1018131K->1018127K(1048512K), 0.0098979 secs] [Times: user=0.01 sys=0.00, real=0.01 secs] 
29.099: [GC (Allocation Failure) 29.099: [DefNew: 959K->63K(960K), 0.0038287 secs] 1019023K->1019022K(1048512K), 0.0038790 secs] [Times: user=0.01 sys=0.00, real=0.01 secs] 
29.123: [GC (Allocation Failure) 29.123: [DefNew: 959K->63K(960K), 0.0036546 secs] 1019918K->1019914K(1048512K), 0.0037169 secs] [Times: user=0.00 sys=0.00, real=0.00 secs] 
29.149: [GC (Allocation Failure) 29.149: [DefNew: 959K->64K(960K), 0.0035520 secs] 1020810K->1020805K(1048512K), 0.0035939 secs] [Times: user=0.00 sys=0.00, real=0.01 secs] 
29.176: [GC (Allocation Failure) 29.176: [DefNew: 960K->64K(960K), 0.0036061 secs] 1021701K->1021698K(1048512K), 0.0036511 secs] [Times: user=0.01 sys=0.00, real=0.00 secs] 
29.201: [GC (Allocation Failure) 29.201: [DefNew: 960K->64K(960K), 0.0037536 secs] 1022594K->1022591K(1048512K), 0.0038026 secs] [Times: user=0.00 sys=0.00, real=0.01 secs] 
29.227: [GC (Allocation Failure) 29.227: [DefNew: 960K->63K(960K), 0.0036548 secs] 1023487K->1023483K(1048512K), 0.0037008 secs] [Times: user=0.01 sys=0.00, real=0.00 secs] 
29.254: [GC (Allocation Failure) 29.254: [DefNew: 959K->64K(960K), 0.0037000 secs] 1024379K->1024374K(1048512K), 0.0037583 secs] [Times: user=0.00 sys=0.00, real=0.00 secs] 
29.278: [GC (Allocation Failure) 29.278: [DefNew: 960K->64K(960K), 0.0036350 secs] 1025270K->1025266K(1048512K), 0.0036835 secs] [Times: user=0.00 sys=0.00, real=0.00 secs] 
29.304: [GC (Allocation Failure) 29.304: [DefNew: 960K->63K(960K), 0.0036983 secs] 1026162K->1026161K(1048512K), 0.0037450 secs] [Times: user=0.00 sys=0.01, real=0.00 secs] 
29.330: [GC (Allocation Failure) 29.330: [DefNew: 959K->63K(960K), 0.0034741 secs] 1027057K->1027053K(1048512K), 0.0035215 secs] [Times: user=0.00 sys=0.00, real=0.01 secs] 
29.355: [GC (Allocation Failure) 29.355: [DefNew: 959K->63K(960K), 0.0034557 secs] 1027949K->1027944K(1048512K), 0.0034975 secs] [Times: user=0.01 sys=0.00, real=0.00 secs] 
29.381: [GC (Allocation Failure) 29.381: [DefNew: 959K->63K(960K), 0.0049870 secs] 1028840K->1028837K(1048512K), 0.0051082 secs] [Times: user=0.00 sys=0.00, real=0.01 secs] 
29.408: [GC (Allocation Failure) 29.408: [DefNew: 959K->63K(960K), 0.0041421 secs] 1029733K->1029730K(1048512K), 0.0041968 secs] [Times: user=0.01 sys=0.00, real=0.01 secs] 
29.433: [GC (Allocation Failure) 29.433: [DefNew: 959K->63K(960K), 0.0034288 secs] 1030626K->1030622K(1048512K), 0.0034763 secs] [Times: user=0.00 sys=0.00, real=0.00 secs] 
29.460: [GC (Allocation Failure) 29.460: [DefNew: 959K->64K(960K), 0.0035119 secs] 1031518K->1031513K(1048512K), 0.0035602 secs] [Times: user=0.01 sys=0.00, real=0.01 secs] 
29.487: [GC (Allocation Failure) 29.487: [DefNew: 960K->63K(960K), 0.0037167 secs] 1032409K->1032405K(1048512K), 0.0037626 secs] [Times: user=0.00 sys=0.00, real=0.00 secs] 
29.512: [GC (Allocation Failure) 29.512: [DefNew: 959K->63K(960K), 0.0037512 secs] 1033301K->1033300K(1048512K), 0.0038011 secs] [Times: user=0.00 sys=0.00, real=0.01 secs] 
29.538: [GC (Allocation Failure) 29.538: [DefNew: 959K->63K(960K), 0.0035623 secs] 1034196K->1034192K(1048512K), 0.0036150 secs] [Times: user=0.00 sys=0.00, real=0.00 secs] 
29.562: [GC (Allocation Failure) 29.562: [DefNew: 959K->63K(960K), 0.0042357 secs] 1035088K->1035084K(1048512K), 0.0042923 secs] [Times: user=0.00 sys=0.00, real=0.01 secs] 
29.589: [GC (Allocation Failure) 29.590: [DefNew: 959K->64K(960K), 0.0079592 secs] 1035980K->1035976K(1048512K), 0.0081038 secs] [Times: user=0.01 sys=0.01, real=0.01 secs] 
29.621: [GC (Allocation Failure) 29.621: [DefNew: 960K->63K(960K), 0.0037150 secs] 1036872K->1036869K(1048512K), 0.0037647 secs] [Times: user=0.01 sys=0.00, real=0.01 secs] 
29.646: [GC (Allocation Failure) 29.646: [DefNew: 959K->63K(960K), 0.0034868 secs] 1037765K->1037761K(1048512K), 0.0035345 secs] [Times: user=0.00 sys=0.00, real=0.00 secs] 
29.672: [GC (Allocation Failure) 29.672: [DefNew: 959K->63K(960K), 0.0037595 secs] 1038657K->1038653K(1048512K), 0.0038215 secs] [Times: user=0.00 sys=0.00, real=0.01 secs] 
29.698: [GC (Allocation Failure) 29.698: [DefNew: 959K->64K(960K), 0.0043031 secs] 1039549K->1039545K(1048512K), 0.0043888 secs] [Times: user=0.00 sys=0.00, real=0.00 secs] 
29.723: [GC (Allocation Failure) 29.723: [DefNew: 960K->64K(960K), 0.0041910 secs] 1040441K->1040439K(1048512K), 0.0042384 secs] [Times: user=0.00 sys=0.00, real=0.00 secs] 
29.748: [GC (Allocation Failure) 29.748: [DefNew: 960K->63K(960K), 0.0033601 secs] 1041335K->1041331K(1048512K), 0.0033994 secs] [Times: user=0.01 sys=0.00, real=0.00 secs] 
29.774: [GC (Allocation Failure) 29.774: [DefNew: 959K->63K(960K), 0.0036419 secs] 1042227K->1042223K(1048512K), 0.0036920 secs] [Times: user=0.00 sys=0.00, real=0.00 secs] 
29.797: [GC (Allocation Failure) 29.797: [DefNew: 959K->63K(960K), 0.0069110 secs] 1043119K->1043115K(1048512K), 0.0069892 secs] [Times: user=0.01 sys=0.00, real=0.01 secs] 
29.826: [GC (Allocation Failure) 29.826: [DefNew: 959K->63K(960K), 0.0038950 secs] 1044011K->1044008K(1048512K), 0.0039490 secs] [Times: user=0.00 sys=0.00, real=0.00 secs] 
29.852: [GC (Allocation Failure) 29.852: [DefNew: 959K->63K(960K), 0.0034126 secs] 1044904K->1044900K(1048512K), 0.0034528 secs] [Times: user=0.01 sys=0.01, real=0.01 secs] 
29.877: [GC (Allocation Failure) 29.877: [DefNew: 959K->64K(960K), 0.0036662 secs] 1045796K->1045792K(1048512K), 0.0037099 secs] [Times: user=0.00 sys=0.00, real=0.00 secs] 
29.904: [GC (Allocation Failure) 29.904: [DefNew: 960K->64K(960K), 0.0035517 secs] 1046688K->1046684K(1048512K), 0.0035948 secs] [Times: user=0.01 sys=0.00, real=0.00 secs] 
29.930: [GC (Allocation Failure) 29.930: [DefNew: 960K->64K(960K), 0.0036145 secs] 1047580K->1047578K(1048512K), 0.0036609 secs] [Times: user=0.00 sys=0.00, real=0.01 secs] 
29.956: [GC (Allocation Failure) 29.956: [DefNew: 960K->960K(960K), 0.0000169 secs]29.956: [Tenured: 1047514K->551147K(1047552K), 0.5827545 secs] 1048474K->551147K(1048512K), [Metaspace: 3066K->3066K(1056768K)], 0.5828392 secs] [Times: user=0.56 sys=0.01, real=0.58 secs] 
30.561: [GC (Allocation Failure) 30.561: [DefNew: 896K->63K(960K), 0.0019366 secs] 552043K->552037K(1048512K), 0.0019853 secs] [Times: user=0.00 sys=0.00, real=0.01 secs] 
30.584: [GC (Allocation Failure) 30.584: [DefNew: 959K->63K(960K), 0.0031354 secs] 552933K->552929K(1048512K), 0.0031793 secs] [Times: user=0.00 sys=0.00, real=0.00 secs] 
30.610: [GC (Allocation Failure) 30.610: [DefNew: 959K->64K(960K), 0.0030947 secs] 553825K->553820K(1048512K), 0.0031399 secs] [Times: user=0.00 sys=0.00, real=0.01 secs] 
30.636: [GC (Allocation Failure) 30.636: [DefNew: 960K->63K(960K), 0.0031677 secs] 554716K->554715K(1048512K), 0.0032171 secs] [Times: user=0.00 sys=0.00, real=0.00 secs] 
30.661: [GC (Allocation Failure) 30.661: [DefNew: 959K->64K(960K), 0.0036375 secs] 555611K->555606K(1048512K), 0.0036842 secs] [Times: user=0.01 sys=0.00, real=0.01 secs] 
30.687: [GC (Allocation Failure) 30.687: [DefNew: 960K->64K(960K), 0.0037113 secs] 556502K->556499K(1048512K), 0.0037702 secs] [Times: user=0.00 sys=0.00, real=0.00 secs] 
30.714: [GC (Allocation Failure) 30.714: [DefNew: 960K->63K(960K), 0.0051231 secs] 557395K->557393K(1048512K), 0.0052002 secs] [Times: user=0.01 sys=0.00, real=0.00 secs] 
30.740: [GC (Allocation Failure) 30.740: [DefNew: 959K->63K(960K), 0.0066725 secs] 558289K->558287K(1048512K), 0.0068002 secs] [Times: user=0.01 sys=0.00, real=0.01 secs] 
30.768: [GC (Allocation Failure) 30.768: [DefNew: 959K->63K(960K), 0.0035045 secs] 559183K->559179K(1048512K), 0.0035824 secs] [Times: user=0.00 sys=0.00, real=0.00 secs] 
30.795: [GC (Allocation Failure) 30.795: [DefNew: 959K->63K(960K), 0.0031941 secs] 560075K->560073K(1048512K), 0.0032494 secs] [Times: user=0.00 sys=0.00, real=0.00 secs] 
30.819: [GC (Allocation Failure) 30.819: [DefNew: 959K->63K(960K), 0.0030511 secs] 560969K->560966K(1048512K), 0.0031078 secs] [Times: user=0.00 sys=0.00, real=0.01 secs] 
30.845: [GC (Allocation Failure) 30.845: [DefNew: 959K->64K(960K), 0.0031836 secs] 561862K->561857K(1048512K), 0.0032333 secs] [Times: user=0.00 sys=0.00, real=0.00 secs] 
30.871: [GC (Allocation Failure) 30.872: [DefNew: 960K->64K(960K), 0.0031729 secs] 562753K->562749K(1048512K), 0.0032309 secs] [Times: user=0.01 sys=0.00, real=0.01 secs] 
30.896: [GC (Allocation Failure) 30.896: [DefNew: 960K->63K(960K), 0.0029992 secs] 563645K->563644K(1048512K), 0.0030458 secs] [Times: user=0.00 sys=0.00, real=0.00 secs] 
30.922: [GC (Allocation Failure) 30.922: [DefNew: 959K->63K(960K), 0.0029391 secs] 564540K->564536K(1048512K), 0.0029811 secs] [Times: user=0.00 sys=0.00, real=0.00 secs] 
30.948: [GC (Allocation Failure) 30.948: [DefNew: 959K->63K(960K), 0.0030395 secs] 565432K->565427K(1048512K), 0.0030857 secs] [Times: user=0.00 sys=0.00, real=0.00 secs] 
30.972: [GC (Allocation Failure) 30.972: [DefNew: 959K->63K(960K), 0.0045267 secs] 566323K->566320K(1048512K), 0.0046232 secs] [Times: user=0.00 sys=0.00, real=0.01 secs] 
30.999: [GC (Allocation Failure) 30.999: [DefNew: 959K->63K(960K), 0.0031540 secs] 567216K->567213K(1048512K), 0.0032009 secs] [Times: user=0.00 sys=0.00, real=0.00 secs] 
31.025: [GC (Allocation Failure) 31.025: [DefNew: 959K->63K(960K), 0.0034772 secs] 568109K->568105K(1048512K), 0.0035462 secs] [Times: user=0.00 sys=0.00, real=0.00 secs] 
31.050: [GC (Allocation Failure) 31.050: [DefNew: 959K->64K(960K), 0.0030095 secs] 569001K->568996K(1048512K), 0.0030755 secs] [Times: user=0.01 sys=0.00, real=0.01 secs] 
31.076: [GC (Allocation Failure) 31.076: [DefNew: 960K->63K(960K), 0.0038363 secs] 569892K->569888K(1048512K), 0.0038972 secs] [Times: user=0.00 sys=0.00, real=0.00 secs] 
31.104: [GC (Allocation Failure) 31.104: [DefNew: 959K->64K(960K), 0.0024205 secs] 570784K->570393K(1048512K), 0.0024619 secs] [Times: user=0.01 sys=0.00, real=0.00 secs] 
31.128: [GC (Allocation Failure) 31.128: [DefNew: 960K->63K(960K), 0.0014834 secs] 571289K->571285K(1048512K), 0.0015265 secs] [Times: user=0.00 sys=0.00, real=0.00 secs] 
31.153: [GC (Allocation Failure) 31.153: [DefNew: 959K->63K(960K), 0.0015550 secs] 572181K->572176K(1048512K), 0.0015978 secs] [Times: user=0.00 sys=0.00, real=0.00 secs] 
31.175: [GC (Allocation Failure) 31.175: [DefNew: 959K->63K(960K), 0.0026377 secs] 573072K->573069K(1048512K), 0.0027175 secs] [Times: user=0.00 sys=0.00, real=0.00 secs] 
31.200: [GC (Allocation Failure) 31.200: [DefNew: 959K->63K(960K), 0.0019679 secs] 573965K->573962K(1048512K), 0.0020203 secs] [Times: user=0.01 sys=0.00, real=0.01 secs] 
31.225: [GC (Allocation Failure) 31.225: [DefNew: 959K->64K(960K), 0.0029609 secs] 574858K->574854K(1048512K), 0.0030195 secs] [Times: user=0.00 sys=0.00, real=0.00 secs] 
31.249: [GC (Allocation Failure) 31.250: [DefNew: 960K->64K(960K), 0.0016486 secs] 575750K->575745K(1048512K), 0.0016918 secs] [Times: user=0.00 sys=0.00, real=0.00 secs] 
31.274: [GC (Allocation Failure) 31.274: [DefNew: 960K->64K(960K), 0.0016681 secs] 576641K->576637K(1048512K), 0.0017163 secs] [Times: user=0.01 sys=0.00, real=0.00 secs] 
31.299: [GC (Allocation Failure) 31.299: [DefNew: 960K->63K(960K), 0.0016382 secs] 577533K->577532K(1048512K), 0.0016875 secs] [Times: user=0.00 sys=0.00, real=0.00 secs] 
31.322: [GC (Allocation Failure) 31.322: [DefNew: 959K->63K(960K), 0.0014698 secs] 578428K->578424K(1048512K), 0.0015178 secs] [Times: user=0.00 sys=0.00, real=0.01 secs] 
31.346: [GC (Allocation Failure) 31.346: [DefNew: 959K->64K(960K), 0.0014082 secs] 579320K->579315K(1048512K), 0.0014596 secs] [Times: user=0.00 sys=0.01, real=0.00 secs] 
31.371: [GC (Allocation Failure) 31.371: [DefNew: 960K->63K(960K), 0.0056584 secs] 580211K->580210K(1048512K), 0.0059160 secs] [Times: user=0.01 sys=0.00, real=0.01 secs] 
31.398: [GC (Allocation Failure) 31.398: [DefNew: 959K->63K(960K), 0.0016310 secs] 581106K->581100K(1048512K), 0.0016788 secs] [Times: user=0.00 sys=0.00, real=0.00 secs] 
31.422: [GC (Allocation Failure) 31.422: [DefNew: 959K->63K(960K), 0.0015187 secs] 581996K->581993K(1048512K), 0.0015594 secs] [Times: user=0.00 sys=0.00, real=0.01 secs] 
31.446: [GC (Allocation Failure) 31.446: [DefNew: 959K->63K(960K), 0.0014555 secs] 582889K->582884K(1048512K), 0.0014959 secs] [Times: user=0.01 sys=0.00, real=0.00 secs] 
31.468: [GC (Allocation Failure) 31.468: [DefNew: 959K->64K(960K), 0.0014905 secs] 583780K->583776K(1048512K), 0.0016335 secs] [Times: user=0.00 sys=0.00, real=0.00 secs] 
31.492: [GC (Allocation Failure) 31.492: [DefNew: 960K->63K(960K), 0.0014097 secs] 584672K->584665K(1048512K), 0.0014531 secs] [Times: user=0.00 sys=0.00, real=0.00 secs] 
31.514: [GC (Allocation Failure) 31.514: [DefNew: 959K->64K(960K), 0.0014929 secs] 585561K->585559K(1048512K), 0.0015354 secs] [Times: user=0.00 sys=0.00, real=0.00 secs] 
31.538: [GC (Allocation Failure) 31.538: [DefNew: 960K->64K(960K), 0.0014317 secs] 586455K->586453K(1048512K), 0.0014716 secs] [Times: user=0.00 sys=0.00, real=0.00 secs] 
31.562: [GC (Allocation Failure) 31.562: [DefNew: 960K->63K(960K), 0.0016999 secs] 587349K->587346K(1048512K), 0.0017473 secs] [Times: user=0.00 sys=0.00, real=0.01 secs] 
31.585: [GC (Allocation Failure) 31.585: [DefNew: 959K->63K(960K), 0.0047336 secs] 588242K->588236K(1048512K), 0.0048916 secs] [Times: user=0.00 sys=0.00, real=0.00 secs] 
31.612: [GC (Allocation Failure) 31.612: [DefNew: 959K->63K(960K), 0.0019337 secs] 589132K->589128K(1048512K), 0.0019830 secs] [Times: user=0.01 sys=0.00, real=0.00 secs] 
31.638: [GC (Allocation Failure) 31.638: [DefNew: 959K->64K(960K), 0.0018170 secs] 590024K->590017K(1048512K), 0.0018685 secs] [Times: user=0.00 sys=0.00, real=0.00 secs] 
31.661: [GC (Allocation Failure) 31.661: [DefNew: 960K->64K(960K), 0.0018121 secs] 590913K->590908K(1048512K), 0.0018610 secs] [Times: user=0.00 sys=0.00, real=0.01 secs] 
31.686: [GC (Allocation Failure) 31.686: [DefNew: 960K->64K(960K), 0.0015589 secs] 591804K->591799K(1048512K), 0.0016073 secs] [Times: user=0.00 sys=0.00, real=0.00 secs] 
31.709: [GC (Allocation Failure) 31.709: [DefNew: 960K->63K(960K), 0.0046800 secs] 592695K->592689K(1048512K), 0.0049439 secs] [Times: user=0.01 sys=0.00, real=0.01 secs] 
31.734: [GC (Allocation Failure) 31.734: [DefNew: 959K->64K(960K), 0.0019385 secs] 593585K->593583K(1048512K), 0.0019861 secs] [Times: user=0.00 sys=0.00, real=0.00 secs] 
31.758: [GC (Allocation Failure) 31.758: [DefNew: 960K->63K(960K), 0.0016031 secs] 594479K->594476K(1048512K), 0.0016539 secs] [Times: user=0.00 sys=0.00, real=0.00 secs] 
31.781: [GC (Allocation Failure) 31.781: [DefNew: 959K->63K(960K), 0.0017179 secs] 595372K->595370K(1048512K), 0.0017690 secs] [Times: user=0.01 sys=0.00, real=0.01 secs] 
31.806: [GC (Allocation Failure) 31.806: [DefNew: 959K->64K(960K), 0.0016501 secs] 596266K->596259K(1048512K), 0.0016982 secs] [Times: user=0.00 sys=0.00, real=0.00 secs] 
31.831: [GC (Allocation Failure) 31.831: [DefNew: 960K->63K(960K), 0.0016266 secs] 597155K->597154K(1048512K), 0.0016705 secs] [Times: user=0.00 sys=0.00, real=0.01 secs] 
31.854: [GC (Allocation Failure) 31.854: [DefNew: 959K->64K(960K), 0.0016442 secs] 598050K->598047K(1048512K), 0.0016940 secs] [Times: user=0.00 sys=0.00, real=0.00 secs] 
31.879: [GC (Allocation Failure) 31.879: [DefNew: 960K->64K(960K), 0.0015967 secs] 598943K->598941K(1048512K), 0.0016380 secs] [Times: user=0.01 sys=0.00, real=0.00 secs] 
31.903: [GC (Allocation Failure) 31.903: [DefNew: 960K->63K(960K), 0.0024326 secs] 599837K->599830K(1048512K), 0.0025156 secs] [Times: user=0.00 sys=0.00, real=0.00 secs] 
31.926: [GC (Allocation Failure) 31.926: [DefNew: 959K->64K(960K), 0.0016702 secs] 600726K->600724K(1048512K), 0.0017144 secs] [Times: user=0.00 sys=0.00, real=0.00 secs] 
31.951: [GC (Allocation Failure) 31.951: [DefNew: 960K->63K(960K), 0.0018562 secs] 601620K->601618K(1048512K), 0.0019094 secs] [Times: user=0.00 sys=0.00, real=0.01 secs] 
31.976: [GC (Allocation Failure) 31.976: [DefNew: 959K->63K(960K), 0.0016466 secs] 602514K->602512K(1048512K), 0.0017002 secs] [Times: user=0.00 sys=0.00, real=0.00 secs] 
31.999: [GC (Allocation Failure) 31.999: [DefNew: 959K->63K(960K), 0.0016227 secs] 603408K->603403K(1048512K), 0.0016677 secs] [Times: user=0.00 sys=0.00, real=0.00 secs] 
32.023: [GC (Allocation Failure) 32.023: [DefNew: 959K->64K(960K), 0.0017053 secs] 604299K->604292K(1048512K), 0.0017697 secs] [Times: user=0.00 sys=0.00, real=0.00 secs] 
32.048: [GC (Allocation Failure) 32.048: [DefNew: 960K->63K(960K), 0.0017158 secs] 605188K->605186K(1048512K), 0.0017649 secs] [Times: user=0.00 sys=0.00, real=0.00 secs] 
32.071: [GC (Allocation Failure) 32.071: [DefNew: 959K->63K(960K), 0.0018606 secs] 606082K->606080K(1048512K), 0.0019101 secs] [Times: user=0.00 sys=0.00, real=0.01 secs] 
32.096: [GC (Allocation Failure) 32.096: [DefNew: 959K->64K(960K), 0.0019180 secs] 606976K->606974K(1048512K), 0.0019662 secs] [Times: user=0.00 sys=0.00, real=0.00 secs] 
32.120: [GC (Allocation Failure) 32.121: [DefNew: 960K->63K(960K), 0.0027917 secs] 607870K->607863K(1048512K), 0.0028649 secs] [Times: user=0.00 sys=0.00, real=0.01 secs] 
32.144: [GC (Allocation Failure) 32.144: [DefNew: 959K->63K(960K), 0.0018426 secs] 608759K->608755K(1048512K), 0.0018990 secs] [Times: user=0.01 sys=0.00, real=0.00 secs] 
32.169: [GC (Allocation Failure) 32.169: [DefNew: 959K->63K(960K), 0.0017954 secs] 609651K->609645K(1048512K), 0.0018422 secs] [Times: user=0.00 sys=0.00, real=0.00 secs] 
32.192: [GC (Allocation Failure) 32.192: [DefNew: 959K->64K(960K), 0.0019149 secs] 610541K->610535K(1048512K), 0.0019734 secs] [Times: user=0.00 sys=0.00, real=0.01 secs] 
32.216: [GC (Allocation Failure) 32.216: [DefNew: 960K->64K(960K), 0.0041383 secs] 611431K->611424K(1048512K), 0.0043008 secs] [Times: user=0.01 sys=0.00, real=0.00 secs] 
32.242: [GC (Allocation Failure) 32.242: [DefNew: 960K->63K(960K), 0.0022723 secs] 612320K->612319K(1048512K), 0.0023322 secs] [Times: user=0.00 sys=0.00, real=0.00 secs] 
32.266: [GC (Allocation Failure) 32.266: [DefNew: 959K->64K(960K), 0.0017805 secs] 613215K->613212K(1048512K), 0.0018309 secs] [Times: user=0.00 sys=0.00, real=0.00 secs] 
32.290: [GC (Allocation Failure) 32.290: [DefNew: 960K->63K(960K), 0.0030488 secs] 614108K->614106K(1048512K), 0.0031739 secs] [Times: user=0.01 sys=0.00, real=0.01 secs] 
32.315: [GC (Allocation Failure) 32.315: [DefNew: 959K->64K(960K), 0.0049789 secs] 615002K->614995K(1048512K), 0.0051065 secs] [Times: user=0.00 sys=0.00, real=0.00 secs] 
32.341: [GC (Allocation Failure) 32.341: [DefNew: 960K->63K(960K), 0.0021413 secs] 615891K->615889K(1048512K), 0.0021878 secs] [Times: user=0.00 sys=0.00, real=0.01 secs] 
32.366: [GC (Allocation Failure) 32.366: [DefNew: 959K->63K(960K), 0.0020109 secs] 616785K->616783K(1048512K), 0.0020621 secs] [Times: user=0.00 sys=0.00, real=0.00 secs] 
32.389: [GC (Allocation Failure) 32.389: [DefNew: 959K->63K(960K), 0.0018532 secs] 617679K->617677K(1048512K), 0.0018955 secs] [Times: user=0.00 sys=0.00, real=0.00 secs] 
32.410: [GC (Allocation Failure) 32.410: [DefNew: 959K->63K(960K), 0.0016875 secs] 618573K->618568K(1048512K), 0.0017293 secs] [Times: user=0.00 sys=0.00, real=0.00 secs] 
Heap
 def new generation   total 960K, used 579K [0x0000000780000000, 0x0000000780100000, 0x0000000780100000)
  eden space 896K,  57% used [0x0000000780000000, 0x0000000780080c50, 0x00000007800e0000)
  from space 64K,  99% used [0x00000007800f0000, 0x00000007800ffff0, 0x0000000780100000)
  to   space 64K,   0% used [0x00000007800e0000, 0x00000007800e0000, 0x00000007800f0000)
 tenured generation   total 1047552K, used 618504K [0x0000000780100000, 0x00000007c0000000, 0x00000007c0000000)
   the space 1047552K,  59% used [0x0000000780100000, 0x00000007a5d022d0, 0x00000007a5d02400, 0x00000007c0000000)
 Metaspace       used 3075K, capacity 4500K, committed 4864K, reserved 1056768K
  class space    used 331K, capacity 388K, committed 512K, reserved 1048576K
